Microchip MPLAB XC8 Compiler V1.38 ()

Linker command line:

-W-3 --edf=C:\Program Files (x86)\Microchip\xc8\v1.38\dat\en_msgs.txt -cs \
  -h+dist/default/production\LoRaWAN_End-node.X.production.sym \
  --cmf=dist/default/production\LoRaWAN_End-node.X.production.cmf -z \
  -Q18LF46K22 -oC:\Users\chima\AppData\Local\Temp\sa8c.2 \
  -Mdist/default/production/LoRaWAN_End-node.X.production.map -E1 -ver=XC8 \
  -ASTACK=06FEh-0f37h -pstack=STACK -ACODE=00h-0FFFFh -ACONST=00h-0FFFFh \
  -ASMALLCONST=01000h-010FFhx240 -AMEDIUMCONST=01000h-0FFFFh \
  -ACOMRAM=01h-05Fh -AABS1=00h-0F37h -ABIGRAM=01h-0F37h \
  -ARAM=060h-0FFh,0100h-01FFhx14,0F00h-0F37h -ABANK0=060h-0FFh \
  -ABANK1=0100h-01FFh -ABANK2=0200h-02FFh -ABANK3=0300h-03FFh \
  -ABANK4=0400h-04FFh -ABANK5=0500h-05FFh -ABANK6=0600h-06FFh \
  -ABANK7=0700h-07FFh -ABANK8=0800h-08FFh -ABANK9=0900h-09FFh \
  -ABANK10=0A00h-0AFFh -ABANK11=0B00h-0BFFh -ABANK12=0C00h-0CFFh \
  -ABANK13=0D00h-0DFFh -ABANK14=0E00h-0EFFh -ABANK15=0F00h-0F37h \
  -ASFR=0F38h-0F5Fh,0F60h-0FFFh \
  -preset_vec=00h,intcode=08h,intcodelo,powerup,init,end_init \
  -pramtop=01000h -psmallconst=SMALLCONST -pmediumconst=MEDIUMCONST \
  -pconst=CONST -AFARRAM=00h-00h -ACONFIG=0300000h-030000Dh -pconfig=CONFIG \
  -AIDLOC=0200000h-0200007h -pidloc=IDLOC -AEEDATA=0F00000h-0F003FFh \
  -peeprom_data=EEDATA \
  -prdata=COMRAM,nvrram=COMRAM,nvbit=COMRAM,rbss=COMRAM,rbit=COMRAM \
  -pfarbss=FARRAM,fardata=FARRAM,nvFARRAM=FARRAM \
  -pintsave_regs=BIGRAM,bigbss=BIGRAM,bigdata=BIGRAM -pbss=RAM \
  -pidata=CODE,irdata=CODE,ibigdata=CODE,ifardata=CODE -prparam=COMRAM \
  C:\Users\chima\AppData\Local\Temp\sa8c.obj \
  dist/default/production\LoRaWAN_End-node.X.production.obj 

Object code version is 3.11

Machine type is 18LF46K22

Call graph: (short form)




                Name                               Link     Load   Length Selector   Space Scale
C:\Users\chima\AppData\Local\Temp\sa8c.obj
                stack                               6FE      6FE      83A      6FE       2
                end_init                             84       84        4        4       0
                init                                 80       80        4        4       0
                reset_vec                             0        0        4        0       0
                idloc                            200000   200000        8   200000       0
                config                           300000   300000        E   300000       0
dist/default/production\LoRaWAN_End-node.X.production.obj
                intcode                               8        8       78        4       0
                temp                                 4E       4E        C        1       1
                mediumconst                        FE66     FE66      19A     7F33       0
                text227                            A486     A486        2     5104       0
                text226                            A476     A476        4     5104       0
                text225                            9FC4     9FC4       24        4       0
                text224                            A434     A434        8     5104       0
                text223                            A484     A484        2     5104       0
                text222                            A472     A472        4     5104       0
                text221                            9FA0     9FA0       24        4       0
                text220                            A42C     A42C        8     5104       0
                text219                            A482     A482        2     5104       0
                text218                            A46E     A46E        4     5104       0
                text217                            9F7C     9F7C       24        4       0
                text216                            A480     A480        2     5104       0
                text215                            9F58     9F58       24        4       0
                text214                            A314     A314       10     5104       0
                text213                            A17E     A17E       1E        4       0
                text212                            5E78     5E78      186        4       0
                text211                            75CA     75CA      100        4       0
                text210                            A1B8     A1B8       1C        4       0
                text209                            996C     996C       40        4       0
                text208                            93E2     93E2       56        4       0
                text207                            A47E     A47E        2     5104       0
                text206                            9F34     9F34       24        4       0
                text205                            A304     A304       10     5104       0
                text203                            A34E     A34E        E     5104       0
                text202                            A220     A220       18     5104       0
                text201                            A424     A424        8     5104       0
                text200                            8722     8722       96        4       0
                text199                            9586     9586       52        4       0
                text198                            920E     920E       62        4       0
                text197                            9C16     9C16       34        4       0
                text196                            854C     854C       A0        4       0
                text195                            84AC     84AC       A0        4       0
                text194                            94E0     94E0       54        4       0
                text193                            9EEA     9EEA       26        4       0
                text192                            563E     563E      1F6        4       0
                text191                            6E78     6E78      126        4       0
                text190                            A08C     A08C       20        4       0
                text189                            9866     9866       44        4       0
                text188                            82C2     82C2       AA        4       0
                text187                            840C     840C       A0        4       0
                text186                            9EC2     9EC2       28        4       0
                text185                            7F32     7F32       BC        4       0
                text184                            8D7E     8D7E       76        4       0
                text183                            6178     6178      178        4       0
                text182                            A46A     A46A        4     5104       0
                text181                            A466     A466        4     5104       0
                text180                            A160     A160       1E        4       0
                text179                            9B78     9B78       36        4       0
                text178                            9820     9820       46        4       0
                text177                            A462     A462        4     5104       0
                text176                            A45E     A45E        4     5104       0
                text175                            A2E2     A2E2       12     5104       0
                text174                            A340     A340        E     5104       0
                text173                            A06C     A06C       20        4       0
                text172                            8688     8688       9A        4       0
                text171                            74C8     74C8      102        4       0
                text170                            A35C     A35C        C     5104       0
                text169                            9E9A     9E9A       28        4       0
                text168                            6AE0     6AE0      13E        4       0
                text167                            97DA     97DA       46        4       0
                text166                            502E     502E      212        4       0
                text165                            A412     A412        A     5104       0
                text164                            9534     9534       52        4       0
                text163                            71C0     71C0      104        4       0
                text162                            4E08     4E08      226        4       0
                text161                            7FEE     7FEE       BA        4       0
                text160                            70BA     70BA      106        4       0
                text159                            A2F4     A2F4       10     5104       0
                text158                            9080     9080       66        4       0
                text157                            3B36     3B36      338        4       0
                text156                            59D0     59D0      19A        4       0
                text155                            22C2     22C2      4FA        4       0
                text154                            9A26     9A26       3C        4       0
                text153                            8B8C     8B8C       84        4       0
                text152                            5B6A     5B6A      188        4       0
                text151                            2C26     2C26      45E        4       0
                text150                            8ED6     8ED6       6E        4       0
                text149                            91AC     91AC       62        4       0
                text148                            932E     932E       5E        4       0
                text147                            A00A     A00A       22        4       0
                text146                            5240     5240      204        4       0
                text145                            9018     9018       68        4       0
                text144                            8F44     8F44       6C        4       0
                text143                            6F9E     6F9E      11C        4       0
                text142                            17F6     17F6      570        4       0
                text141                            4BA6     4BA6      262        4       0
                text140                            A408     A408        A     5104       0
                text139                            80A8     80A8       B8        4       0
                text138                            9B0A     9B0A       38        4       0
                text137                            A3FE     A3FE        A     5104       0
                text136                            A3F4     A3F4        A     5104       0
                text135                            A3EA     A3EA        A     5104       0
                text134                            8216     8216       AC        4       0
                text133                            A3E0     A3E0        A     5104       0
                text132                            A3D6     A3D6        A     5104       0
                text131                            A3CC     A3CC        A     5104       0
                text130                            948C     948C       54        4       0
                text129                            6452     6452      15E        4       0
                text128                            8D08     8D08       76        4       0
                text127                            A142     A142       1E        4       0
                text126                            7E76     7E76       BC        4       0
                text125                            A2D0     A2D0       12     5104       0
                text124                            9E70     9E70       2A        4       0
                text123                            4940     4940      266        4       0
                text122                            A04C     A04C       20        4       0
                text121                            A448     A448        6     5104       0
                text120                            A24E     A24E       16     5104       0
                text119                            A208     A208       18     5104       0
                text118                            A3C2     A3C2        A     5104       0
                text117                            A124     A124       1E        4       0
                text116                            9BE2     9BE2       34        4       0
                text115                            96BE     96BE       4A        4       0
                text114                            89FC     89FC       88        4       0
                text113                            A442     A442        6     5104       0
                text112                            9D6A     9D6A       2E        4       0
                text111                            992C     992C       40        4       0
                text110                             F38      F38      8BE        4       0
                text109                            6704     6704      152        4       0
                text108                            90E6     90E6       64        4       0
                text107                            88E0     88E0       90        4       0
                text106                            7A92     7A92       E6        4       0
                text105                            8160     8160       B6        4       0
                text104                            8C8C     8C8C       7C        4       0
                text103                            73C6     73C6      102        4       0
                text102                            6C1E     6C1E      134        4       0
                text101                            7DB8     7DB8       BE        4       0
                text100                            5444     5444      1FA        4       0
                text99                             72C4     72C4      102        4       0
                text98                             A43C     A43C        6     5104       0
                text97                             1D66     1D66      55C        4       0
                text96                             27BC     27BC      46A        4       0
                text95                             8FB0     8FB0       68        4       0
                text94                             77C2     77C2       F8        4       0
                text93                             A3B8     A3B8        A     5104       0
                text92                             914A     914A       62        4       0
                text91                             5FFE     5FFE      17A        4       0
                text90                             8970     8970       8C        4       0
                text89                             A106     A106       1E        4       0
                text88                             A3AE     A3AE        A     5104       0
                text87                             8DF4     8DF4       74        4       0
                text86                             9E46     9E46       2A        4       0
                text85                             9CDE     9CDE       30        4       0
                text84                             37DA     37DA      35C        4       0
                text83                             9C7C     9C7C       32        4       0
                text82                             9CAE     9CAE       30        4       0
                text81                             9270     9270       60        4       0
                text80                             62F0     62F0      162        4       0
                text79                             9794     9794       46        4       0
                text78                             974E     974E       46        4       0
                text77                             9438     9438       54        4       0
                text76                             8B08     8B08       84        4       0
                text75                             4182     4182      2E2        4       0
                text74                             A238     A238       16     5104       0
                text73                             A0E8     A0E8       1E        4       0
                text72                             4464     4464      276        4       0
                text71                             9B42     9B42       36        4       0
                text70                             9672     9672       4C        4       0
                text69                             9DF0     9DF0       2C        4       0
                text68                             3456     3456      384        4       0
                text67                             A45A     A45A        4     5104       0
                text66                             9AD2     9AD2       38        4       0
                text65                             884C     884C       94        4       0
                text64                             5834     5834      19C        4       0
                text63                             46DA     46DA      266        4       0
                text62                             A0CA     A0CA       1E        4       0
                text61                             8C10     8C10       7C        4       0
                text60                               88       88      EB0        4       0
                text59                             3084     3084      3D2        4       0
                text58                             7CFA     7CFA       BE        4       0
                text57                             85EC     85EC       9C        4       0
                text56                             78BA     78BA       EE        4       0
                text55                             6856     6856      146        4       0
                text54                             9BAE     9BAE       34        4       0
                text53                             836C     836C       A0        4       0
                text52                             9708     9708       46        4       0
                text51                             9D3C     9D3C       2E        4       0
                text50                             938C     938C       56        4       0
                text49                             92D0     92D0       5E        4       0
                text48                             9F10     9F10       24        4       0
                text47                             99AC     99AC       3E        4       0
                text46                             9D0E     9D0E       2E        4       0
                text45                             A2BE     A2BE       12     5104       0
                text44                             8A84     8A84       84        4       0
                text43                             99EA     99EA       3C        4       0
                text42                             95D8     95D8       4E        4       0
                text41                             79A8     79A8       EA        4       0
                text40                             7B78     7B78       C4        4       0
                text39                             5CF2     5CF2      186        4       0
                text38                             699C     699C      144        4       0
                text37                             9DC4     9DC4       2C        4       0
                text36                             65B0     65B0      154        4       0
                text35                             3E6E     3E6E      314        4       0
                text34                             76CA     76CA       F8        4       0
                text33                             98EC     98EC       40        4       0
                text32                             9A9A     9A9A       38        4       0
                text31                             A1D4     A1D4       1A        4       0
                text30                             9A62     9A62       38        4       0
                text29                             9E1C     9E1C       2A        4       0
                text28                             A332     A332        E     5104       0
                text27                             A3A4     A3A4        A     5104       0
                text26                             A39A     A39A        A     5104       0
                text25                             A390     A390        A     5104       0
                text24                             A386     A386        A     5104       0
                text23                             98AA     98AA       42        4       0
                text22                             A456     A456        4     5104       0
                text21                             A2AC     A2AC       12     5104       0
                text20                             A29A     A29A       12     5104       0
                text19                             A37C     A37C        A     5104       0
                text18                             A288     A288       12     5104       0
                text17                             A47C     A47C        2     5104       0
                text16                             A47A     A47A        2     5104       0
                text15                             A276     A276       12     5104       0
                text14                             A41C     A41C        8     5104       0
                text13                             A372     A372        A     5104       0
                text12                             A264     A264       12     5104       0
                text11                             9FE8     9FE8       22        4       0
                text10                             A324     A324        E     5104       0
                text9                              A368     A368        A     5104       0
                text8                              8E68     8E68       6E        4       0
                text7                              A452     A452        4     5104       0
                text6                              9C4A     9C4A       32        4       0
                text5                              A0AC     A0AC       1E        4       0
                text4                              87B8     87B8       94        4       0
                text3                              A19C     A19C       1C        4       0
                text2                              9626     9626       4C        4       0
                text1                              9D98     9D98       2C        4       0
                text0                              6D52     6D52      126        4       0
                cstackCOMRAM                          1        1       3B        1       1
                cstackBANK0                          60       60       99       60       1
                cstackBANK1                         100      100       82      100       1
                bssBIGRAM                           4E0      4E0      21E      4E0       1
                bssBANK4                            400      400       E0      400       1
                dataBANK3                           3A0      3A0       20      300       1
                bssBANK3                            300      300       A0      300       1
                bssBANK2                            200      200       F5      200       1
                dataBANK1                           1D4      1D4       19      100       1
                bssBANK1                            182      182       52      100       1
                bssBANK0                             F9       F9        3       60       1
                dataCOMRAM                           5A       5A        4        1       1
                bssCOMRAM                            3C       3C       12        1       1
                cinit                              7C3C     7C3C       BE        4       0
                nvBANK1                             1ED      1ED        C      100       1
                nvCOMRAM                             5E       5E        2        1       1
                idataBANK3                         A02C     A02C       20        4       0
                idataBANK1                         A1EE     A1EE       19        4       0
                idataCOMRAM                        A44E     A44E        4     5104       0

TOTAL           Name                               Link     Load   Length     Space
        CLASS   STACK          
                stack                               6FE      6FE      83A         2

        CLASS   CODE           
                end_init                             84       84        4         0
                init                                 80       80        4         0
                intcode                               8        8       78         0
                reset_vec                             0        0        4         0
                text227                            A486     A486        2         0
                text226                            A476     A476        4         0
                text225                            9FC4     9FC4       24         0
                text224                            A434     A434        8         0
                text223                            A484     A484        2         0
                text222                            A472     A472        4         0
                text221                            9FA0     9FA0       24         0
                text220                            A42C     A42C        8         0
                text219                            A482     A482        2         0
                text218                            A46E     A46E        4         0
                text217                            9F7C     9F7C       24         0
                text216                            A480     A480        2         0
                text215                            9F58     9F58       24         0
                text214                            A314     A314       10         0
                text213                            A17E     A17E       1E         0
                text212                            5E78     5E78      186         0
                text211                            75CA     75CA      100         0
                text210                            A1B8     A1B8       1C         0
                text209                            996C     996C       40         0
                text208                            93E2     93E2       56         0
                text207                            A47E     A47E        2         0
                text206                            9F34     9F34       24         0
                text205                            A304     A304       10         0
                text203                            A34E     A34E        E         0
                text202                            A220     A220       18         0
                text201                            A424     A424        8         0
                text200                            8722     8722       96         0
                text199                            9586     9586       52         0
                text198                            920E     920E       62         0
                text197                            9C16     9C16       34         0
                text196                            854C     854C       A0         0
                text195                            84AC     84AC       A0         0
                text194                            94E0     94E0       54         0
                text193                            9EEA     9EEA       26         0
                text192                            563E     563E      1F6         0
                text191                            6E78     6E78      126         0
                text190                            A08C     A08C       20         0
                text189                            9866     9866       44         0
                text188                            82C2     82C2       AA         0
                text187                            840C     840C       A0         0
                text186                            9EC2     9EC2       28         0
                text185                            7F32     7F32       BC         0
                text184                            8D7E     8D7E       76         0
                text183                            6178     6178      178         0
                text182                            A46A     A46A        4         0
                text181                            A466     A466        4         0
                text180                            A160     A160       1E         0
                text179                            9B78     9B78       36         0
                text178                            9820     9820       46         0
                text177                            A462     A462        4         0
                text176                            A45E     A45E        4         0
                text175                            A2E2     A2E2       12         0
                text174                            A340     A340        E         0
                text173                            A06C     A06C       20         0
                text172                            8688     8688       9A         0
                text171                            74C8     74C8      102         0
                text170                            A35C     A35C        C         0
                text169                            9E9A     9E9A       28         0
                text168                            6AE0     6AE0      13E         0
                text167                            97DA     97DA       46         0
                text166                            502E     502E      212         0
                text165                            A412     A412        A         0
                text164                            9534     9534       52         0
                text163                            71C0     71C0      104         0
                text162                            4E08     4E08      226         0
                text161                            7FEE     7FEE       BA         0
                text160                            70BA     70BA      106         0
                text159                            A2F4     A2F4       10         0
                text158                            9080     9080       66         0
                text157                            3B36     3B36      338         0
                text156                            59D0     59D0      19A         0
                text155                            22C2     22C2      4FA         0
                text154                            9A26     9A26       3C         0
                text153                            8B8C     8B8C       84         0
                text152                            5B6A     5B6A      188         0
                text151                            2C26     2C26      45E         0
                text150                            8ED6     8ED6       6E         0
                text149                            91AC     91AC       62         0
                text148                            932E     932E       5E         0
                text147                            A00A     A00A       22         0
                text146                            5240     5240      204         0
                text145                            9018     9018       68         0
                text144                            8F44     8F44       6C         0
                text143                            6F9E     6F9E      11C         0
                text142                            17F6     17F6      570         0
                text141                            4BA6     4BA6      262         0
                text140                            A408     A408        A         0
                text139                            80A8     80A8       B8         0
                text138                            9B0A     9B0A       38         0
                text137                            A3FE     A3FE        A         0
                text136                            A3F4     A3F4        A         0
                text135                            A3EA     A3EA        A         0
                text134                            8216     8216       AC         0
                text133                            A3E0     A3E0        A         0
                text132                            A3D6     A3D6        A         0
                text131                            A3CC     A3CC        A         0
                text130                            948C     948C       54         0
                text129                            6452     6452      15E         0
                text128                            8D08     8D08       76         0
                text127                            A142     A142       1E         0
                text126                            7E76     7E76       BC         0
                text125                            A2D0     A2D0       12         0
                text124                            9E70     9E70       2A         0
                text123                            4940     4940      266         0
                text122                            A04C     A04C       20         0
                text121                            A448     A448        6         0
                text120                            A24E     A24E       16         0
                text119                            A208     A208       18         0
                text118                            A3C2     A3C2        A         0
                text117                            A124     A124       1E         0
                text116                            9BE2     9BE2       34         0
                text115                            96BE     96BE       4A         0
                text114                            89FC     89FC       88         0
                text113                            A442     A442        6         0
                text112                            9D6A     9D6A       2E         0
                text111                            992C     992C       40         0
                text110                             F38      F38      8BE         0
                text109                            6704     6704      152         0
                text108                            90E6     90E6       64         0
                text107                            88E0     88E0       90         0
                text106                            7A92     7A92       E6         0
                text105                            8160     8160       B6         0
                text104                            8C8C     8C8C       7C         0
                text103                            73C6     73C6      102         0
                text102                            6C1E     6C1E      134         0
                text101                            7DB8     7DB8       BE         0
                text100                            5444     5444      1FA         0
                text99                             72C4     72C4      102         0
                text98                             A43C     A43C        6         0
                text97                             1D66     1D66      55C         0
                text96                             27BC     27BC      46A         0
                text95                             8FB0     8FB0       68         0
                text94                             77C2     77C2       F8         0
                text93                             A3B8     A3B8        A         0
                text92                             914A     914A       62         0
                text91                             5FFE     5FFE      17A         0
                text90                             8970     8970       8C         0
                text89                             A106     A106       1E         0
                text88                             A3AE     A3AE        A         0
                text87                             8DF4     8DF4       74         0
                text86                             9E46     9E46       2A         0
                text85                             9CDE     9CDE       30         0
                text84                             37DA     37DA      35C         0
                text83                             9C7C     9C7C       32         0
                text82                             9CAE     9CAE       30         0
                text81                             9270     9270       60         0
                text80                             62F0     62F0      162         0
                text79                             9794     9794       46         0
                text78                             974E     974E       46         0
                text77                             9438     9438       54         0
                text76                             8B08     8B08       84         0
                text75                             4182     4182      2E2         0
                text74                             A238     A238       16         0
                text73                             A0E8     A0E8       1E         0
                text72                             4464     4464      276         0
                text71                             9B42     9B42       36         0
                text70                             9672     9672       4C         0
                text69                             9DF0     9DF0       2C         0
                text68                             3456     3456      384         0
                text67                             A45A     A45A        4         0
                text66                             9AD2     9AD2       38         0
                text65                             884C     884C       94         0
                text64                             5834     5834      19C         0
                text63                             46DA     46DA      266         0
                text62                             A0CA     A0CA       1E         0
                text61                             8C10     8C10       7C         0
                text60                               88       88      EB0         0
                text59                             3084     3084      3D2         0
                text58                             7CFA     7CFA       BE         0
                text57                             85EC     85EC       9C         0
                text56                             78BA     78BA       EE         0
                text55                             6856     6856      146         0
                text54                             9BAE     9BAE       34         0
                text53                             836C     836C       A0         0
                text52                             9708     9708       46         0
                text51                             9D3C     9D3C       2E         0
                text50                             938C     938C       56         0
                text49                             92D0     92D0       5E         0
                text48                             9F10     9F10       24         0
                text47                             99AC     99AC       3E         0
                text46                             9D0E     9D0E       2E         0
                text45                             A2BE     A2BE       12         0
                text44                             8A84     8A84       84         0
                text43                             99EA     99EA       3C         0
                text42                             95D8     95D8       4E         0
                text41                             79A8     79A8       EA         0
                text40                             7B78     7B78       C4         0
                text39                             5CF2     5CF2      186         0
                text38                             699C     699C      144         0
                text37                             9DC4     9DC4       2C         0
                text36                             65B0     65B0      154         0
                text35                             3E6E     3E6E      314         0
                text34                             76CA     76CA       F8         0
                text33                             98EC     98EC       40         0
                text32                             9A9A     9A9A       38         0
                text31                             A1D4     A1D4       1A         0
                text30                             9A62     9A62       38         0
                text29                             9E1C     9E1C       2A         0
                text28                             A332     A332        E         0
                text27                             A3A4     A3A4        A         0
                text26                             A39A     A39A        A         0
                text25                             A390     A390        A         0
                text24                             A386     A386        A         0
                text23                             98AA     98AA       42         0
                text22                             A456     A456        4         0
                text21                             A2AC     A2AC       12         0
                text20                             A29A     A29A       12         0
                text19                             A37C     A37C        A         0
                text18                             A288     A288       12         0
                text17                             A47C     A47C        2         0
                text16                             A47A     A47A        2         0
                text15                             A276     A276       12         0
                text14                             A41C     A41C        8         0
                text13                             A372     A372        A         0
                text12                             A264     A264       12         0
                text11                             9FE8     9FE8       22         0
                text10                             A324     A324        E         0
                text9                              A368     A368        A         0
                text8                              8E68     8E68       6E         0
                text7                              A452     A452        4         0
                text6                              9C4A     9C4A       32         0
                text5                              A0AC     A0AC       1E         0
                text4                              87B8     87B8       94         0
                text3                              A19C     A19C       1C         0
                text2                              9626     9626       4C         0
                text1                              9D98     9D98       2C         0
                text0                              6D52     6D52      126         0
                cinit                              7C3C     7C3C       BE         0
                idataBANK3                         A02C     A02C       20         0
                idataBANK1                         A1EE     A1EE       19         0
                idataCOMRAM                        A44E     A44E        4         0

        CLASS   CONST          

        CLASS   SMALLCONST     

        CLASS   MEDIUMCONST    
                mediumconst                        FE66     FE66      19A         0

        CLASS   COMRAM         
                temp                                 4E       4E        C         1
                cstackCOMRAM                          1        1       3B         1
                dataCOMRAM                           5A       5A        4         1
                bssCOMRAM                            3C       3C       12         1
                nvCOMRAM                             5E       5E        2         1

        CLASS   ABS1           

        CLASS   BIGRAM         
                bssBIGRAM                           4E0      4E0      21E         1

        CLASS   RAM            

        CLASS   BANK0          
                cstackBANK0                          60       60       99         1
                bssBANK0                             F9       F9        3         1

        CLASS   BANK1          
                cstackBANK1                         100      100       82         1
                dataBANK1                           1D4      1D4       19         1
                bssBANK1                            182      182       52         1
                nvBANK1                             1ED      1ED        C         1

        CLASS   BANK2          
                bssBANK2                            200      200       F5         1

        CLASS   BANK3          
                dataBANK3                           3A0      3A0       20         1
                bssBANK3                            300      300       A0         1

        CLASS   BANK4          
                bssBANK4                            400      400       E0         1

        CLASS   BANK5          

        CLASS   BANK6          

        CLASS   BANK7          

        CLASS   BANK8          

        CLASS   BANK9          

        CLASS   BANK10         

        CLASS   BANK11         

        CLASS   BANK12         

        CLASS   BANK13         

        CLASS   BANK14         

        CLASS   BANK15         

        CLASS   SFR            

        CLASS   FARRAM         

        CLASS   CONFIG         
                config                           300000   300000        E         0

        CLASS   IDLOC          
                idloc                            200000   200000        8         0

        CLASS   EEDATA         



SEGMENTS        Name                           Load    Length   Top    Selector   Space  Class

                reset_vec                      000000  000004  000004         0       0  CODE    
                cstackCOMRAM                   000001  00005F  000060         1       1  COMRAM  
                intcode                        000008  00A1FF  00A207         4       0  CODE    
                cstackBANK0                    000060  00009C  0000FC        60       1  BANK0   
                cstackBANK1                    000100  0000F9  0001F9       100       1  BANK1   
                bssBANK2                       000200  0000F5  0002F5       200       1  BANK2   
                bssBANK3                       000300  0000C0  0003C0       300       1  BANK3   
                bssBANK4                       000400  0000E0  0004E0       400       1  BANK4   
                bssBIGRAM                      0004E0  00021E  0006FE       4E0       1  BIGRAM  
                stack                          0006FE  00083A  000F38       6FE       2  STACK   
                text119                        00A208  000280  00A488      5104       0  CODE    
                mediumconst                    00FE66  00019A  010000      7F33       0  MEDIUMCO
                idloc                          200000  000008  200008    200000       0  IDLOC   
                config                         300000  00000E  30000E    300000       0  CONFIG  


UNUSED ADDRESS RANGES

        Name                Unused          Largest block    Delta
        BANK0            0000FC-0000FF                4
        BANK1            0001F9-0001FF                7
        BANK10           000A00-000AFF              100
        BANK11           000B00-000BFF              100
        BANK12           000C00-000CFF              100
        BANK13           000D00-000DFF              100
        BANK14           000E00-000EFF              100
        BANK15           000F00-000F37               38
        BANK2            0002F5-0002FF                B
        BANK3            0003C0-0003FF               40
        BANK6            0006FE-0006FF                2
        BANK7            000700-0007FF              100
        BANK8            000800-0008FF              100
        BANK9            000900-0009FF              100
        BIGRAM           0000FC-0000FF                4
                         0001F9-0001FF                7
                         0002F5-0002FF                B
                         0003C0-0003FF               40
                         0006FE-000F37              83A
        CODE             000004-000007                4
                         00A207-00A207                1
                         00A488-00FE65             59DE
        CONST            000004-000007                4
                         00A207-00A207                1
                         00A488-00FE65             59DE
        EEDATA           F00000-F003FF              400
        MEDIUMCONST      00A207-00A207                1
                         00A488-00FE65             59DE
        RAM              0000FC-0000FF                4
                         0001F9-0001FF                7
                         0002F5-0002FF                B
                         0003C0-0003FF               40
                         0006FE-000F37              100
        SFR              000F38-000FFF               28
        SMALLCONST       00A207-00A207                1
                         00A488-00FE65              100

                                  Symbol Table

?_ADC_Read                                                cstackBANK0  000066
?_ComputeMic                                              cstackBANK0  0000DB
?_ExecuteDevStatus                                        cstackBANK0  000064
?_ExecuteDutyCycle                                        cstackBANK0  000064
?_ExecuteLinkAdr                                          cstackBANK0  000073
?_ExecuteLinkCheck                                        cstackBANK0  000064
?_ExecuteNewChannel                                       cstackBANK0  0000AA
?_ExecuteRxParamSetupReq                                  cstackBANK0  0000AA
?_ExecuteRxTimingSetup                                    cstackBANK0  00006B
?_ExtractMic                                              cstackBANK0  00006E
?_GetRx1Freq                                              cstackBANK0  000064
?_MacExecuteCommands                                      cstackBANK0  0000B4
?_RADIO_ReadRandom                                        cstackBANK0  000070
?_RADIO_ReceiveStart                                      cstackBANK0  0000B5
?_RADIO_Transmit                                          cstackBANK0  0000B5
?_Random                                                  cstackBANK0  0000B1
?_SwTimerReadValue                                        cstackBANK0  000095
?_SwTimersInterrupt                                       cstackBANK0  000084
?_TMR1_ReadTimer                                          cstackBANK0  000064
?_TMR_GetDeltaTime                                        cstackBANK0  00006C
?_TMR_SwapTimer                                           cstackBANK0  00006C
?___awdiv                                                 cstackBANK0  000064
?___lldiv                                                 cstackBANK0  000064
?___llmod                                                 cstackBANK0  000064
?___lmul                                                  cstackBANK0  00009E
?___lwmod                                                 cstackBANK0  0000AC
?___wmul                                                  cstackBANK0  000064
?_rand                                                    cstackBANK0  0000AA
?i2_SwTimersInterrupt                                     cstackCOMRAM 000021
?i2_TMR1_ReadTimer                                        cstackCOMRAM 000001
?i2_TMR_GetDeltaTime                                      cstackCOMRAM 000009
?i2_TMR_SwapTimer                                         cstackCOMRAM 000009
ADC_Read@channel                                          cstackBANK0  00006A
ADC_Read@result                                           cstackBANK0  00006B
ADC_SelChannel@c                                          cstackBANK0  000065
AESCmac@flag                                              cstackBANK1  000162
AESCmac@i                                                 cstackBANK1  000165
AESCmac@input                                             cstackBANK0  0000D1
AESCmac@j                                                 cstackBANK1  000164
AESCmac@k1                                                cstackBANK1  000110
AESCmac@k2                                                cstackBANK1  000100
AESCmac@key                                               cstackBANK0  0000CD
AESCmac@mLast                                             cstackBANK1  000120
AESCmac@n                                                 cstackBANK1  000163
AESCmac@output                                            cstackBANK0  0000CF
AESCmac@padded                                            cstackBANK1  000130
AESCmac@ptr                                               cstackBANK1  000160
AESCmac@size                                              cstackBANK0  0000D3
AESCmac@x                                                 cstackBANK1  000150
AESCmac@y                                                 cstackBANK1  000140
AESEncode@aux                                             cstackBANK0  00008C
AESEncode@aux1                                            cstackBANK0  00008E
AESEncode@aux2                                            cstackBANK0  00008D
AESEncode@aux3                                            cstackBANK0  00008F
AESEncode@block                                           cstackBANK0  00006A
AESEncode@i                                               cstackBANK0  000090
AESEncode@key                                             cstackBANK0  000076
AESEncode@masterKey                                       cstackBANK0  00006C
AESEncodeLoRa@block                                       cstackBANK0  000091
AESEncodeLoRa@key                                         cstackBANK0  000093
AESEncodeLoRa@useKey                                      cstackBANK0  000095
AssembleEncryptionBlock@blockId                           cstackBANK0  000072
AssembleEncryptionBlock@bufferIndex                       cstackBANK0  000076
AssembleEncryptionBlock@dir                               cstackBANK0  000075
AssembleEncryptionBlock@firstByte                         cstackBANK0  000073
AssembleEncryptionBlock@frameCounter                      cstackBANK0  00006E
AssembleEncryptionBlock@multicastStatus                   cstackBANK0  000074
AssemblePacket@buffer                                     cstackBANK0  0000DC
AssemblePacket@bufferIndex                                cstackBANK0  0000E6
AssemblePacket@bufferLength                               cstackBANK0  0000DE
AssemblePacket@confirmed                                  cstackBANK0  0000E2
AssemblePacket@fCtrl                                      cstackBANK0  0000E4
AssemblePacket@macCmdIdx                                  cstackBANK0  0000E5
AssemblePacket@mhdr                                       cstackBANK0  0000E3
AssemblePacket@port                                       cstackBANK0  0000DB
CheckFlags@hdr                                            cstackBANK0  000064
CheckMcastFlags@hdr                                       cstackBANK0  000064
ComputeMic@buffer                                         cstackBANK0  0000DD
ComputeMic@bufferLength                                   cstackBANK0  0000DF
ComputeMic@key                                            cstackBANK0  0000DB
ComputeMic@mic                                            cstackBANK0  0000E0
ComputeSessionKeys@joinAcceptBuffer                       cstackBANK0  0000A5
ConfigureRadio@dataRate                                   cstackBANK0  000075
ConfigureRadio@freq                                       cstackBANK0  000071
ConfigureRadioRx@dataRate                                 cstackBANK0  00007A
ConfigureRadioRx@freq                                     cstackBANK0  000076
ConfigureRadioTx@dataRate                                 cstackBANK0  00007A
ConfigureRadioTx@freq                                     cstackBANK0  000076
ConfigureRadioTx@txPower                                  cstackBANK0  00007B
CountfOptsLength@i                                        cstackBANK0  00006B
CountfOptsLength@macCommandLength                         cstackBANK0  00006A
EnableChannels1@channelIndexMax                           cstackBANK0  00006C
EnableChannels1@channelIndexMin                           cstackBANK0  00006B
EnableChannels1@channelMask                               cstackBANK0  000068
EnableChannels1@channelMaskCntl                           cstackBANK0  00006A
EnableChannels1@i                                         cstackBANK0  00006F
EnableChannels@channelMask                                cstackBANK0  000070
EnableChannels@channelMaskCntl                            cstackBANK0  000072
EncKeySchedule@key                                        cstackBANK0  000064
EncodeShiftRow@stateTable                                 cstackBANK0  000064
EncodeShiftRow@temp                                       cstackBANK0  000066
EncryptFRMPayload@buffer                                  cstackBANK0  0000A5
EncryptFRMPayload@bufferLength                            cstackBANK0  0000A7
EncryptFRMPayload@bufferToBeEncrypted                     cstackBANK0  0000B0
EncryptFRMPayload@dir                                     cstackBANK0  0000A8
EncryptFRMPayload@frameCounter                            cstackBANK0  0000A9
EncryptFRMPayload@i                                       cstackBANK0  0000B9
EncryptFRMPayload@j                                       cstackBANK0  0000BA
EncryptFRMPayload@k                                       cstackBANK0  0000B8
EncryptFRMPayload@key                                     cstackBANK0  0000AD
EncryptFRMPayload@macBufferIndex                          cstackBANK0  0000AF
EncryptFRMPayload@multicastStatus                         cstackBANK0  0000B2
ExecuteDevStatus@ptr                                      cstackBANK0  000064
ExecuteDutyCycle@maxDCycle                                cstackBANK0  000069
ExecuteDutyCycle@ptr                                      cstackBANK0  000064
ExecuteLinkAdr@channelMask                                cstackBANK0  000077
ExecuteLinkAdr@dataRate                                   cstackBANK0  00007C
ExecuteLinkAdr@ptr                                        cstackBANK0  000073
ExecuteLinkAdr@redundancy                                 cstackBANK0  00007A
ExecuteLinkAdr@txPower                                    cstackBANK0  000079
ExecuteLinkCheck@ptr                                      cstackBANK0  000064
ExecuteNewChannel@channelIndex                            cstackBANK0  0000B3
ExecuteNewChannel@drRange                                 cstackBANK0  0000AE
ExecuteNewChannel@frequency                               cstackBANK0  0000AF
ExecuteNewChannel@ptr                                     cstackBANK0  0000AA
ExecuteRxParamSetupReq@dlSettings                         cstackBANK0  0000B2
ExecuteRxParamSetupReq@frequency                          cstackBANK0  0000AE
ExecuteRxParamSetupReq@ptr                                cstackBANK0  0000AA
ExecuteRxTimingSetup@delay                                cstackBANK0  00006D
ExecuteRxTimingSetup@ptr                                  cstackBANK0  00006B
ExtractMic@buffer                                         cstackBANK0  00006E
ExtractMic@bufferLength                                   cstackBANK0  000070
ExtractMic@mic                                            cstackBANK0  000076
FillSubKey@carry                                          cstackBANK0  00006A
FillSubKey@i                                              cstackBANK0  00006B
FillSubKey@key                                            cstackBANK0  000066
FillSubKey@size                                           cstackBANK0  000068
FillSubKey@source                                         cstackBANK0  000064
FindSmallestDataRate@dataRate                             cstackBANK0  000067
FindSmallestDataRate@found                                cstackBANK0  000065
FindSmallestDataRate@i                                    cstackBANK0  000066
GenerateSubkey@F7870                                      dataBANK1    0001D4
GenerateSubkey@const_Rb                                   cstackBANK0  0000AC
GenerateSubkey@i                                          cstackBANK0  0000CC
GenerateSubkey@k1                                         cstackBANK0  0000A7
GenerateSubkey@k2                                         cstackBANK0  0000A9
GenerateSubkey@key                                        cstackBANK0  0000A5
GenerateSubkey@l                                          cstackBANK0  0000BC
HALResetPinOutputValue@value                              cstackBANK0  000064
HALSPISend@data                                           cstackBANK0  000065
INT0_SetInterruptHandler@InterruptHandler                 cstackBANK0  000064
INT1_SetInterruptHandler@InterruptHandler                 cstackBANK0  000064
INT2_SetInterruptHandler@InterruptHandler                 cstackBANK0  000064
INTERRUPT_GetDioStatus@a                                  cstackBANK0  000064
IOCB4_SetInterruptHandler@InterruptHandler                cstackBANK0  000064
IOCB5_SetInterruptHandler@InterruptHandler                cstackBANK0  000064
IncludeMacCommandsResponse@bIncludeInFopts                cstackBANK0  000068
IncludeMacCommandsResponse@bufferIndex                    cstackBANK0  000072
IncludeMacCommandsResponse@i                              cstackBANK0  000071
IncludeMacCommandsResponse@macBuffer                      cstackBANK0  000064
IncludeMacCommandsResponse@pBufferIndex                   cstackBANK0  000066
InitDefault433Channels@i                                  cstackBANK0  00006E
InitDefault868Channels@i                                  cstackBANK0  00006E
LORAWAN_GetMaxPayloadSize@macCommandsLength               cstackBANK0  00006D
LORAWAN_GetMaxPayloadSize@result                          cstackBANK0  00006E
LORAWAN_Init@RxJoinResponse                               cstackBANK0  0000B8
LORAWAN_Init@RxPayload                                    cstackBANK0  0000B6
LORAWAN_Join@activationTypeNew                            cstackBANK0  0000F1
LORAWAN_Join@bufferIndex                                  cstackBANK0  0000EF
LORAWAN_Join@result                                       cstackBANK0  0000F0
LORAWAN_LinkCheckConfigure@iCtr                           cstackBANK0  0000B4
LORAWAN_LinkCheckConfigure@period                         cstackBANK0  0000AA
LORAWAN_Reset@ismBandNew                                  cstackBANK0  0000B5
LORAWAN_RxDone@buffer                                     cstackBANK0  0000EE
LORAWAN_RxDone@bufferIndex                                cstackBANK1  00016D
LORAWAN_RxDone@bufferLength                               cstackBANK0  0000F0
LORAWAN_RxDone@channelIndex                               cstackBANK1  000167
LORAWAN_RxDone@computedMic                                cstackBANK1  000171
LORAWAN_RxDone@extractedMic                               cstackBANK1  000169
LORAWAN_RxDone@fPort                                      cstackBANK1  000166
LORAWAN_RxDone@frmPayloadLength                           cstackBANK1  000177
LORAWAN_RxDone@hdr                                        cstackBANK1  000178
LORAWAN_RxDone@joinAccept                                 cstackBANK1  000175
LORAWAN_RxDone@mhdr                                       cstackBANK1  000168
LORAWAN_RxDone@packet                                     cstackBANK1  00016F
LORAWAN_RxDone@temp                                       cstackBANK1  00016E
LORAWAN_RxTimeout@i                                       cstackBANK0  0000CE
LORAWAN_RxTimeout@minim                                   cstackBANK0  0000CA
LORAWAN_Send@buffer                                       cstackBANK0  0000E8
LORAWAN_Send@bufferLength                                 cstackBANK0  0000EA
LORAWAN_Send@confirmed                                    cstackBANK0  0000ED
LORAWAN_Send@port                                         cstackBANK0  0000E7
LORAWAN_Send@result                                       cstackBANK0  0000EC
LORAWAN_SetApplicationSessionKey@applicationSessionKeyNew cstackBANK0  00006E
LORAWAN_SetChannelIdStatus@channelId                      cstackBANK0  00006A
LORAWAN_SetChannelIdStatus@result                         cstackBANK0  000069
LORAWAN_SetChannelIdStatus@statusNew                      cstackBANK0  000068
LORAWAN_SetCurrentDataRate@valueNew                       cstackBANK0  000066
LORAWAN_SetDeviceAddress@deviceAddressNew                 cstackBANK0  000064
LORAWAN_SetNetworkSessionKey@networkSessionKeyNew         cstackBANK0  00006E
LORAWAN_TxDone@delta                                      cstackBANK0  0000D6
LORAWAN_TxDone@found                                      cstackBANK0  0000D5
LORAWAN_TxDone@i                                          cstackBANK0  0000E6
LORAWAN_TxDone@minim                                      cstackBANK0  0000E2
LORAWAN_TxDone@ticks                                      cstackBANK0  0000DE
LORAWAN_TxDone@timeOnAir                                  cstackBANK0  0000BF
MacExecuteCommands@buffer                                 cstackBANK0  0000B4
MacExecuteCommands@done                                   cstackBANK0  0000B9
MacExecuteCommands@fOptsLen                               cstackBANK0  0000B6
MacExecuteCommands@ptr                                    cstackBANK0  0000BA
PrepareJoinRequestFrame@bufferIndex                       cstackBANK0  0000EE
PrepareJoinRequestFrame@iCtr                              cstackBANK0  0000ED
PrepareJoinRequestFrame@mhdr                              cstackBANK0  0000EC
PrepareJoinRequestFrame@mic                               cstackBANK0  0000E8
PrepareSessionKeys@appNonce                               cstackBANK0  000070
PrepareSessionKeys@index                                  cstackBANK0  000074
PrepareSessionKeys@networkId                              cstackBANK0  000072
PrepareSessionKeys@sessionKey                             cstackBANK0  00006E
RADIO_DIO0@dioMapping                                     cstackBANK1  00017C
RADIO_DIO0@opMode                                         cstackBANK1  00017D
RADIO_DIO1@dioMapping                                     cstackBANK0  0000D0
RADIO_DIO2@dioMapping                                     cstackBANK0  000080
RADIO_DIO2@opMode                                         cstackBANK0  00007F
RADIO_DIO3@dioMapping                                     cstackBANK0  00006A
RADIO_DIO4@dioMapping                                     cstackBANK0  00006B
RADIO_DIO5@dioMapping                                     cstackBANK0  00006A
RADIO_FHSSChangeChannel@irqFlags                          cstackBANK0  00007D
RADIO_FSKPacketSent@irqFlags                              cstackBANK0  0000F3
RADIO_FSKPacketSent@timeOnAir                             cstackBANK0  0000EB
RADIO_FSKPayloadReady@i                                   cstackBANK0  0000F7
RADIO_FSKPayloadReady@irqFlags                            cstackBANK0  0000F6
RADIO_Init@frequency                                      cstackBANK0  00007F
RADIO_Init@radioBuffer                                    cstackBANK0  00007D
RADIO_ReadRandom@i                                        cstackBANK0  000075
RADIO_ReadRandom@retVal                                   cstackBANK0  000073
RADIO_ReceiveStart@rxWindowSize                           cstackBANK0  0000B5
RADIO_RegisterRead@readValue                              cstackBANK0  000067
RADIO_RegisterRead@reg                                    cstackBANK0  000066
RADIO_RegisterWrite@reg                                   cstackBANK0  000067
RADIO_RegisterWrite@value                                 cstackBANK0  000066
RADIO_RxDone@i                                            cstackBANK0  0000F7
RADIO_RxDone@irqFlags                                     cstackBANK0  0000F6
RADIO_SetBandwidth@bandwidth                              cstackBANK0  000064
RADIO_SetCRC@crc                                          cstackBANK0  000064
RADIO_SetChannelFrequency@frequency                       cstackBANK0  000064
RADIO_SetFSKSyncWord@syncWord                             cstackBANK0  00006E
RADIO_SetFSKSyncWord@syncWordLen                          cstackBANK0  000070
RADIO_SetFrequencyHopPeriod@frequencyHopPeriod            cstackBANK0  000064
RADIO_SetIQInverted@iqInverted                            cstackBANK0  000064
RADIO_SetLoRaSyncWord@syncWord                            cstackBANK0  000064
RADIO_SetModulation@modulation                            cstackBANK0  000064
RADIO_SetOutputPower@power                                cstackBANK0  000064
RADIO_SetSpreadingFactor@spreadingFactor                  cstackBANK0  000064
RADIO_Transmit@buffer                                     cstackBANK0  0000B5
RADIO_Transmit@bufferLen                                  cstackBANK0  0000B7
RADIO_Transmit@i                                          cstackBANK0  0000C5
RADIO_Transmit@regValue                                   cstackBANK0  0000C4
RADIO_TxDone@timeOnAir                                    cstackBANK0  0000EB
RADIO_UnhandledInterrupt@modulation                       cstackBANK0  000068
RADIO_WriteConfiguration@i                                cstackBANK0  0000AF
RADIO_WriteConfiguration@regValue                         cstackBANK0  0000B4
RADIO_WriteConfiguration@symbolTimeout                    cstackBANK0  0000AA
RADIO_WriteConfiguration@tempValue                        cstackBANK0  0000B0
RADIO_WriteFSKBitRate@bitRate                             cstackBANK0  000071
RADIO_WriteFSKBitRate@num                                 cstackBANK0  000075
RADIO_WriteFSKFrequencyDeviation@frequencyDeviation       cstackBANK0  000071
RADIO_WriteFSKFrequencyDeviation@num                      cstackBANK0  000075
RADIO_WriteFrequency@frequency                            cstackBANK0  000071
RADIO_WriteFrequency@num                                  cstackBANK0  000079
RADIO_WriteFrequency@num_mod                              cstackBANK0  000075
RADIO_WriteMode@blocking                                  cstackBANK0  00006A
RADIO_WriteMode@currentMode                               cstackBANK0  00006D
RADIO_WriteMode@currentModulation                         cstackBANK0  00006B
RADIO_WriteMode@dioMapping                                cstackBANK0  00006C
RADIO_WriteMode@newMode                                   cstackBANK0  00006E
RADIO_WriteMode@newModulation                             cstackBANK0  000069
RADIO_WriteMode@opMode                                    cstackBANK0  00006F
RADIO_WritePower@ocp                                      cstackBANK0  000068
RADIO_WritePower@paDac                                    cstackBANK0  000069
RADIO_WritePower@power                                    cstackBANK0  00006A
Random@max                                                cstackBANK0  0000B1
RxDataDone@dataLength                                     cstackBANK0  000069
RxDataDone@pData                                          cstackBANK0  000067
RxDataDone@status                                         cstackBANK0  00006A
SPI2_Exchange8bit@data                                    cstackBANK0  000064
SearchAvailableChannel@channelIndex                       cstackBANK0  0000B4
SearchAvailableChannel@i                                  cstackBANK0  0000BE
SearchAvailableChannel@maxChannels                        cstackBANK0  0000BC
SearchAvailableChannel@randomNumber                       cstackBANK0  0000BD
SearchAvailableChannel@randomNumberCopy                   cstackBANK0  0000BA
SearchAvailableChannel@result                             cstackBANK0  0000BB
SearchAvailableChannel@transmissionType                   cstackBANK0  0000B3
SelectChannelForTransmission@channelIndex                 cstackBANK0  0000C1
SelectChannelForTransmission@result                       cstackBANK0  0000C0
SelectChannelForTransmission@transmissionType             cstackBANK0  0000BF
StartReTxTimer@i                                          cstackBANK0  0000A6
StartReTxTimer@minim                                      cstackBANK0  0000A2
SwTimerCreate@retVal                                      cstackBANK0  000064
SwTimerIsRunning@isRunning                                cstackBANK0  000065
SwTimerIsRunning@timerId                                  cstackBANK0  000064
SwTimerReadValue@ticksCount                               cstackBANK0  000099
SwTimerReadValue@timerId                                  cstackBANK0  00009D
SwTimerSetCallback@callback                               cstackBANK0  000064
SwTimerSetCallback@callbackParameter                      cstackBANK0  000066
SwTimerSetCallback@timerId                                cstackBANK0  000067
SwTimerSetTimeout@timeout                                 cstackBANK0  000071
SwTimerSetTimeout@timerId                                 cstackBANK0  000079
SwTimerStart@ticksRemaining                               cstackBANK0  000099
SwTimerStart@timerId                                      cstackBANK0  00009D
SwTimerStop@timerId                                       cstackBANK0  000064
SwTimersExecute@i                                         cstackBANK0  0000F2
SwTimersInterrupt@i                                       cstackBANK0  000094
SwTimersInterrupt@ticksToNextTimerEvent                   cstackBANK0  000090
SwTimersInterrupt@timeElapsed                             cstackBANK0  00008C
SystemBlockingWaitMs@ms                                   cstackBANK0  000064
TMR1_ReadTimer@readVal                                    cstackBANK0  000068
TMR1_ReadTimer@readValHigh                                cstackBANK0  00006A
TMR1_ReadTimer@readValLow                                 cstackBANK0  00006B
TMR1_SetInterruptHandler@InterruptHandler                 cstackBANK0  000064
TMR1_WriteTimer@timerVal                                  cstackBANK0  000064
TMR_GetDeltaTime@retVal                                   bssBANK1     000182
TMR_GetDeltaTime@tmrVal                                   bssCOMRAM    000044
TMR_OverrideRemaining@oldReloadVal                        cstackBANK0  000076
TMR_OverrideRemaining@ticksRemaining                      cstackBANK0  00006E
TMR_OverrideRemaining@tmrVal                              cstackBANK0  000074
TMR_SwapTimer@oldVal                                      bssCOMRAM    000046
TMR_SwapTimer@retVal                                      bssCOMRAM    000048
TMR_SwapTimer@timerVal                                    cstackBANK0  00006C
UpdateCfList@bufferLength                                 cstackBANK0  0000AC
UpdateCfList@channelIndex                                 cstackBANK0  0000B1
UpdateCfList@frequency                                    cstackBANK0  0000AD
UpdateCfList@i                                            cstackBANK0  0000B2
UpdateCfList@joinAccept                                   cstackBANK0  0000AA
UpdateChannelIdStatus@channelId                           cstackBANK0  000066
UpdateChannelIdStatus@i                                   cstackBANK0  000067
UpdateChannelIdStatus@statusNew                           cstackBANK0  000064
UpdateCurrentDataRate@valueNew                            cstackBANK0  000064
UpdateDLSettings@dlRx1DrOffset                            cstackBANK0  000064
UpdateDLSettings@dlRx2Dr                                  cstackBANK0  000065
UpdateDataRange@channelId                                 cstackBANK0  000066
UpdateDataRange@dataRangeNew                              cstackBANK0  000064
UpdateDataRange@i                                         cstackBANK0  000067
UpdateDutyCycle@channelId                                 cstackBANK0  000066
UpdateDutyCycle@dutyCycleNew                              cstackBANK0  000064
UpdateFrequency@channelId                                 cstackBANK0  000068
UpdateFrequency@frequencyNew                              cstackBANK0  000064
UpdateJoinInProgress@state                                cstackBANK0  000064
UpdateMinMaxChDataRate@i                                  cstackBANK0  000065
UpdateReceiveDelays@delay                                 cstackBANK0  00006A
UpdateReceiveWindow2Parameters@dataRate                   cstackBANK0  000068
UpdateReceiveWindow2Parameters@frequency                  cstackBANK0  000064
UpdateTxPower@txPowerNew                                  cstackBANK0  000064
ValidateChannelId@allowedForDefaultChannels               cstackBANK0  000064
ValidateChannelId@channelId                               cstackBANK0  000066
[...]
      Temps:          0       0       0       0       0       0       0       0       0       0       0       0       0       0       0       0       0
      Totals:         0       0       0       0       0       0       0       0       0       0       0       0       0       0       0       0       0
Total ram usage:        0 bytes
 Hardware stack levels used:    1
 Hardware stack levels required when called:    1
 This function calls:
		Absolute function
		_DIO0_ISR_Lora
		_INT1_DefaultInterruptHandler
 This function is called by:
		_INT1_ISR
 This function uses a non-reentrant model


 *************** function _DIO0_ISR_Lora *****************
 Defined at:
		line 63 in file "mcc_generated_files/LoRaWAN/interrupt_manager_lora_addons.c"
 Parameters:    Size  Location     Type
		None
 Auto vars:     Size  Location     Type
		None
 Return value:  Size  Location     Type
                  1    wreg      void 
 Registers used:
		status,2, status,0
 Tracked objects:
		On entry : 
		On exit  : 
		Unchanged: 
 Data sizes:     COMRAM   BANK0   BANK1   BANK2   BANK3   BANK4   BANK5   BANK6   BANK7   BANK8   BANK9  BANK10  BANK11  BANK12  BANK13  BANK14  BANK15
      Params:         0       0       0       0       0       0       0       0       0       0       0       0       0       0       0       0       0
      Locals:         0       0       0       0       0       0       0       0       0       0       0       0       0       0       0       0       0
      Temps:          0       0       0       0       0       0       0       0       0       0       0       0       0       0       0       0       0
      Totals:         0       0       0       0       0       0       0       0       0       0       0       0       0       0       0       0       0
Total ram usage:        0 bytes
 Hardware stack levels used:    1
 This function calls:
		Nothing
 This function is called by:
		_DIO0_ISR_Lora_Init
		_INT1_CallBack
 This function uses a non-reentrant model


 *************** function _INT1_DefaultInterruptHandler *****************
 Defined at:
		line 79 in file "mcc_generated_files/ext_int.c"
 Parameters:    Size  Location     Type
		None
 Auto vars:     Size  Location     Type
		None
 Return value:  Size  Location     Type
                  1    wreg      void 
 Registers used:
		None
 Tracked objects:
		On entry : 
		On exit  : 
		Unchanged: 
 Data sizes:     COMRAM   BANK0   BANK1   BANK2   BANK3   BANK4   BANK5   BANK6   BANK7   BANK8   BANK9  BANK10  BANK11  BANK12  BANK13  BANK14  BANK15
      Params:         0       0       0       0       0       0       0       0       0       0       0       0       0       0       0       0       0
      Locals:         0       0       0       0       0       0       0       0       0       0       0       0       0       0       0       0       0
      Temps:          0       0       0       0       0       0       0       0       0       0       0       0       0       0       0       0       0
      Totals:         0       0       0       0       0       0       0       0       0       0       0       0       0       0       0       0       0
Total ram usage:        0 bytes
 Hardware stack levels used:    1
 This function calls:
		Nothing
 This function is called by:
		_EXT_INT_Initialize
		_INT1_CallBack
 This function uses a non-reentrant model



MODULE INFORMATION

Module		Function		Class		Link	Load	Size
mcc_generated_files/LoRaWAN/lorawan.c
		_UpdateReceiveWindow2Parameters		CODE           	A238	0000	23
		_ExecuteRxTimingSetup		CODE           	9DF0	0000	45
		_ComputeMic    		CODE           	8ED6	0000	111
		_SetReceptionNotOkState		CODE           	884C	0000	149
		_PrepareJoinRequestFrame		CODE           	5240	0000	517
		_LORAWAN_ReceiveWindow2Callback		CODE           	79A8	0000	235
		_LORAWAN_LinkCheckConfigure		CODE           	6178	0000	377
		_LORAWAN_SetApplicationSessionKey		CODE           	9A9A	0000	57
		_CountfOptsLength		CODE           	73C6	0000	259
		_AssembleEncryptionBlock		CODE           	6C1E	0000	309
		_UpdateCurrentDataRate		CODE           	A3C2	0000	11
		_UnconfirmedTransmissionCallback		CODE           	8A84	0000	133
		_LORAWAN_SetNetworkSessionKey		CODE           	9A62	0000	57
		_MacExecuteCommands		CODE           	3456	0000	901
		_IncludeMacCommandsResponse		CODE           	1D66	0000	1373
		_LORAWAN_GetMaxPayloadSize		CODE           	8FB0	0000	105
		_CheckMcastFlags		CODE           	88E0	0000	145
		_SetJoinFailState		CODE           	9AD2	0000	57
		_LORAWAN_SetCurrentDataRate		CODE           	9BE2	0000	53
		_AckRetransmissionCallback		CODE           	699C	0000	325
		_PrepareSessionKeys		CODE           	7A92	0000	231
		_UpdateMinMaxChDataRate		CODE           	71C0	0000	261
		_EncryptFRMPayload		CODE           	5444	0000	507
		_ResetParametersForUnconfirmedTransmission		CODE           	A208	0000	25
		_AutomaticReplyCallback		CODE           	9DC4	0000	45
		_ResetParametersForConfirmedTransmission		CODE           	A24E	0000	23
		_FindSmallestDataRate		CODE           	72C4	0000	259
		_LORAWAN_SetDeviceAddress		CODE           	A1D4	0000	27
		_UpdateTxPower 		CODE           	A3AE	0000	11
		_CheckFlags    		CODE           	90E6	0000	101
		_ExtractMic    		CODE           	8C8C	0000	125
		_LORAWAN_ReceiveWindow1Callback		CODE           	7B78	0000	197
		_LORAWAN_Send  		CODE           	77C2	0000	249
		_LORAWAN_Join  		CODE           	7E76	0000	189
		_LORAWAN_GetState		CODE           	A424	0000	9
		_ConfigureRadioRx		CODE           	9E70	0000	43
		_UpdateReceiveDelays		CODE           	9672	0000	77
		_ComputeSessionKeys		CODE           	8160	0000	183
		_LORAWAN_LinkCheckCallback		CODE           	5CF2	0000	391
		_UpdateJoinSuccessState		CODE           	65B0	0000	341
		_LORAWAN_EnterContinuousReceive		CODE           	89FC	0000	137
		_ExecuteLinkCheck		CODE           	9C7C	0000	51
		_LORAWAN_Mainloop		CODE           	98EC	0000	65
		_AssemblePacket		CODE           	27BC	0000	1131
		_UpdateRetransmissionAckTimeoutState		CODE           	8C10	0000	125
		_Random        		CODE           	A00A	0000	35
		_LORAWAN_RxDone		CODE           	0088	0000	3761
		_UpdateJoinInProgress		CODE           	A142	0000	31

mcc_generated_files/LoRaWAN/lorawan.c estimated size: 13872

mcc_generated_files/LoRaWAN/interrupt_manager_lora_addons.c
		_INTERRUPT_GetDioStatus		CODE           	A2D0	0000	19
		_DIO0_ISR_Lora 		CODE           	A476	0000	5
		_DIO1_ISR_Lora 		CODE           	A472	0000	5
		_DIO2_ISR_Lora 		CODE           	A46E	0000	5

mcc_generated_files/LoRaWAN/interrupt_manager_lora_addons.c estimated size: 34

mcc_generated_files/LoRaWAN/lorawan_aes.c
		_AESEncodeLoRa 		CODE           	9A26	0000	61

mcc_generated_files/LoRaWAN/lorawan_aes.c estimated size: 61

C:\Program Files (x86)\Microchip\xc8\v1.38\sources\common\lwmod.c
		___lwmod       		CODE           	91AC	0000	99

C:\Program Files (x86)\Microchip\xc8\v1.38\sources\common\lwmod.c estimated size: 99

C:\Program Files (x86)\Microchip\xc8\v1.38\sources\common\memcpy.c
		_memcpy        		CODE           	920E	0000	99

C:\Program Files (x86)\Microchip\xc8\v1.38\sources\common\memcpy.c estimated size: 99

C:\Program Files (x86)\Microchip\xc8\v1.38\sources\common\rand.c
		_srand         		CODE           	A2F4	0000	17
		_rand          		CODE           	932E	0000	95

C:\Program Files (x86)\Microchip\xc8\v1.38\sources\common\rand.c estimated size: 112

C:\Program Files (x86)\Microchip\xc8\v1.38\sources\common\llmod.c
		___llmod       		CODE           	8688	0000	155

C:\Program Files (x86)\Microchip\xc8\v1.38\sources\common\llmod.c estimated size: 155

C:\Program Files (x86)\Microchip\xc8\v1.38\sources\common\Umul16.c
		___wmul        		CODE           	9B42	0000	55

C:\Program Files (x86)\Microchip\xc8\v1.38\sources\common\Umul16.c estimated size: 55

mcc_generated_files/LoRaWAN/sw_timer.c
		_SwTimerStop   		CODE           	9EC2	0000	41
		_SwTimerStart  		CODE           	840C	0000	161
		_TMR_GetDeltaTime		CODE           	563E	0000	503
		_SwTimerReadValue		CODE           	992C	0000	65
		_SwTimerIsRunning		CODE           	9D6A	0000	47
		_SwTimerCreate 		CODE           	8722	0000	151
		_TMR_OverrideRemaining		CODE           	82C2	0000	171
		_TMR_SwapTimer 		CODE           	9866	0000	69
		_SwTimerSetCallback		CODE           	97DA	0000	71
		_SwTimerSetTimeout		CODE           	94E0	0000	85
		_SwTimersInterrupt		CODE           	6E78	0000	295
		_SystemBlockingWaitMs		CODE           	9B78	0000	55
		_SwTimersExecute		CODE           	76CA	0000	249
		_SystemTimerInit		CODE           	A41C	0000	9

mcc_generated_files/LoRaWAN/sw_timer.c estimated size: 1972

mcc_generated_files/interrupt_manager.c
		_INTERRUPT_Initialize		CODE           	A456	0000	5
		_INTERRUPT_InterruptManager		CODE           	0008	0000	121

mcc_generated_files/interrupt_manager.c estimated size: 126

mcc_generated_files/pin_manager.c
		_IOCB4_DefaultInterruptHandler		CODE           	A482	0000	3
		_PIN_MANAGER_Initialize		CODE           	8E68	0000	111
		_IOCB5_ISR     		CODE           	9F58	0000	37
		_IOCB5_DefaultInterruptHandler		CODE           	A480	0000	3
		_PIN_MANAGER_IOC		CODE           	A314	0000	17
		_IOCB4_SetInterruptHandler		CODE           	A37C	0000	11
		_IOCB4_ISR     		CODE           	9F7C	0000	37
		_IOCB5_SetInterruptHandler		CODE           	A368	0000	11

mcc_generated_files/pin_manager.c estimated size: 230

C:\Program Files (x86)\Microchip\xc8\v1.38\sources\common\awdiv.c
		___awdiv       		CODE           	7DB8	0000	191

C:\Program Files (x86)\Microchip\xc8\v1.38\sources\common\awdiv.c estimated size: 191

mcc_generated_files/LoRaWAN/lorawan_init.c
		_DIO0_ISR_Lora_Init		CODE           	A2AC	0000	19
		_DIO1_ISR_Lora_Init		CODE           	A29A	0000	19
		_DIO2_ISR_Lora_Init		CODE           	A288	0000	19
		_DIO3_ISR_Lora_Init		CODE           	A47C	0000	3
		_DIO4_ISR_Lora_Init		CODE           	A47A	0000	3
		_LORAWAN_PlatformInit		CODE           	9FE8	0000	35
		_DIO5_ISR_Lora_Init		CODE           	A276	0000	19

mcc_generated_files/LoRaWAN/lorawan_init.c estimated size: 117

mcc_generated_files/LoRaWAN/radio_driver_hal.c
		_HALDIO5PinValue		CODE           	A35C	0000	13
		_HALResetPinMakeInput		CODE           	A46A	0000	5
		_HALResetPinMakeOutput		CODE           	A466	0000	5
		_HALResetPinOutputValue		CODE           	A160	0000	31
		_HALSPISend    		CODE           	A340	0000	15
		_HALSPICSDeassert		CODE           	A45E	0000	5
		_HALSPICSAssert		CODE           	A462	0000	5

mcc_generated_files/LoRaWAN/radio_driver_hal.c estimated size: 79

C:\Program Files (x86)\Microchip\xc8\v1.38\sources\common\Umul32.c
		___lmul        		CODE           	8D7E	0000	119

C:\Program Files (x86)\Microchip\xc8\v1.38\sources\common\Umul32.c estimated size: 119

mcc_generated_files/LoRaWAN/lorawan_aes_cmac.c
		_GenerateSubkey		CODE           	5B6A	0000	393
		_AESCmac       		CODE           	2C26	0000	1119
		_FillSubKey    		CODE           	8B8C	0000	133

mcc_generated_files/LoRaWAN/lorawan_aes_cmac.c estimated size: 1645

C:\Program Files (x86)\Microchip\xc8\v1.38\sources\common\lldiv.c
		___lldiv       		CODE           	7F32	0000	189

C:\Program Files (x86)\Microchip\xc8\v1.38\sources\common\lldiv.c estimated size: 189

mcc_generated_files/LoRaWAN/radio_driver_SX1276.c
		_RADIO_ReceiveStart		CODE           	4940	0000	615
		_RADIO_Init    		CODE           	502E	0000	531
		_RADIO_SetSpreadingFactor		CODE           	A3EA	0000	11
		_RADIO_WriteConfiguration		CODE           	17F6	0000	1393
		_RADIO_RxFSKTimeout		CODE           	99EA	0000	61
		_RADIO_WriteFSKBitRate		CODE           	9018	0000	105
		_RADIO_WriteMode		CODE           	6AE0	0000	319
		_RADIO_Reset   		CODE           	9820	0000	71
		_RADIO_GetStatus		CODE           	A442	0000	7
		_RADIO_RxDone  		CODE           	78BA	0000	239
		_RADIO_WriteFSKFrequencyDeviation		CODE           	8F44	0000	109
		_RADIO_GetPacketSnr		CODE           	A43C	0000	7
		_RADIO_SetModulation		CODE           	A3F4	0000	11
		_RADIO_RegisterWrite		CODE           	A06C	0000	33
		_RADIO_ReadRandom		CODE           	7FEE	0000	187
		_RADIO_ReleaseData		CODE           	A448	0000	7
		_RADIO_FSKPacketSent		CODE           	6704	0000	339
		_RADIO_RegisterRead		CODE           	9E9A	0000	41
		_RADIO_SetBandwidth		CODE           	A408	0000	11
		_RADIO_ReceiveStop		CODE           	A04C	0000	33
		_RADIO_DIO0    		CODE           	836C	0000	161
		_RADIO_DIO1    		CODE           	938C	0000	87
		_RADIO_DIO2    		CODE           	92D0	0000	95
		_RADIO_DIO3    		CODE           	9F10	0000	37
		_RADIO_DIO4    		CODE           	99AC	0000	63
		_RADIO_DIO5    		CODE           	9D0E	0000	47
		_RADIO_FHSSChangeChannel		CODE           	9708	0000	71
		_RADIO_TxDone  		CODE           	6856	0000	327
		_RADIO_SetFrequencyHopPeriod		CODE           	A3FE	0000	11
		_RADIO_FSKPayloadReady		CODE           	7CFA	0000	191
		_RADIO_SetLoRaSyncWord		CODE           	A412	0000	11
		_RADIO_SetIQInverted		CODE           	A3D6	0000	11
		_RADIO_SetFSKSyncWord		CODE           	9B0A	0000	57
		_RADIO_RxTimeout		CODE           	9D3C	0000	47
		_RADIO_WritePower		CODE           	6F9E	0000	285
		_RADIO_SetOutputPower		CODE           	A3CC	0000	11
		_RADIO_WatchdogTimeout		CODE           	95D8	0000	79
		_RADIO_SetChannelFrequency		CODE           	80A8	0000	185
		_RADIO_Transmit		CODE           	4BA6	0000	611
		_RADIO_UnhandledInterrupt		CODE           	9BAE	0000	53
		_RADIO_SetCRC  		CODE           	A3E0	0000	11
		_RADIO_WriteFrequency		CODE           	74C8	0000	259

mcc_generated_files/LoRaWAN/radio_driver_SX1276.c estimated size: 6840

mcc_generated_files/ext_int.c
		_INT0_SetInterruptHandler		CODE           	A39A	0000	11
		_INT1_SetInterruptHandler		CODE           	A390	0000	11
		_EXT_INT_Initialize		CODE           	98AA	0000	67
		_INT2_SetInterruptHandler		CODE           	A386	0000	11
		_INT1_DefaultInterruptHandler		CODE           	A486	0000	3
		_INT1_CallBack 		CODE           	9FC4	0000	37
		_INT2_DefaultInterruptHandler		CODE           	A484	0000	3
		_INT2_CallBack 		CODE           	9FA0	0000	37
		_INT1_ISR      		CODE           	A434	0000	9
		_INT2_ISR      		CODE           	A42C	0000	9

mcc_generated_files/ext_int.c estimated size: 198

mcc_generated_files/LoRaWAN/tmr_lora_addons.c
		_TMR_ISR_Lora_Init		CODE           	A264	0000	19
		_TMR_ISR_lora  		CODE           	93E2	0000	87

mcc_generated_files/LoRaWAN/tmr_lora_addons.c estimated size: 106

shared
		_spreadingFactor		MEDIUMCONST    	FF95	0000	8
		_maxPayloadSize		MEDIUMCONST    	FF67	0000	9
		_DefaultChannels433		MEDIUMCONST    	FFA8	0000	43
		_FskSyncWordBuff		MEDIUMCONST    	FFFC	0000	4
		_rxWindowSize  		MEDIUMCONST    	FF7F	0000	9
		i2_TMR_SwapTimer		CODE           	996C	0000	65
		i2_TMR1_ReadTimer		CODE           	A17E	0000	31
		_DefaultChannels868		MEDIUMCONST    	FFD2	0000	43
		_macEndDevCmdReplyLen		MEDIUMCONST    	FF8E	0000	8
		__initialization		CODE           	7C3C	0000	185
		_txPower433    		MEDIUMCONST    	0000	0000	0
		_txPower868    		MEDIUMCONST    	FFA2	0000	7
		i2_TMR1_WriteTimer		CODE           	A1B8	0000	29
		_rxWindowOffset		MEDIUMCONST    	FF77	0000	9
		_STable        		MEDIUMCONST    	FE67	0000	257
		_modulation    		MEDIUMCONST    	FF6F	0000	9
		i2_SwTimersInterrupt		CODE           	75CA	0000	257
		_bandwidth     		MEDIUMCONST    	FF87	0000	8
		i2_TMR_GetDeltaTime		CODE           	5E78	0000	391

shared estimated size: 1372

mcc_generated_files/LoRaWAN/lorawan_eu.c
		_ExecuteNewChannel		CODE           	4182	0000	739
		_ExecuteLinkAdr		CODE           	37DA	0000	861
		_UpdateDataRange		CODE           	62F0	0000	355
		_UpdateDutyCycle		CODE           	9794	0000	71
		_ValidateChannelMaskCntl		CODE           	9E46	0000	43
		_LORAWAN_RxTimeout		CODE           	3084	0000	979
		_ValidateChannelId		CODE           	9CAE	0000	49
		_InitDefault433Channels		CODE           	854C	0000	161
		_DutyCycleCallback		CODE           	3E6E	0000	789
		_InitDefault868Channels		CODE           	84AC	0000	161
		_SelectChannelForTransmission		CODE           	8D08	0000	119
		_ValidateChannelMask		CODE           	8DF4	0000	117
		_ValidateDataRate		CODE           	A124	0000	31
		_ValidateRxOffset		CODE           	A0E8	0000	31
		_ValidateDataRange		CODE           	9438	0000	85
		_SetCallbackSoftwareTimers		CODE           	70BA	0000	263
		_StartReTxTimer		CODE           	5834	0000	413
		_SearchAvailableChannel		CODE           	6452	0000	351
		_EnableChannels		CODE           	A106	0000	31
		_UpdateFrequency		CODE           	974E	0000	71
		_ValidateFrequency		CODE           	8B08	0000	133
		_EnableChannels1		CODE           	8970	0000	141
		_ExecuteRxParamSetupReq		CODE           	4464	0000	631
		_UpdateDLSettings		CODE           	A0CA	0000	31
		_GetRx1Freq    		CODE           	A2BE	0000	19
		_ValidateTxPower		CODE           	9CDE	0000	49
		_LORAWAN_Init  		CODE           	9080	0000	103
		_ConfigureRadioTx		CODE           	948C	0000	85
		_LORAWAN_Reset 		CODE           	4E08	0000	551
		_ExecuteDutyCycle		CODE           	914A	0000	99
		_UpdateCfList  		CODE           	46DA	0000	615
		_LORAWAN_SetChannelIdStatus		CODE           	9270	0000	97
		_StopAllSoftwareTimers		CODE           	9534	0000	83
		_UpdateChannelIdStatus		CODE           	5FFE	0000	379
		_ConfigureRadio		CODE           	8216	0000	173
		_LORAWAN_TxDone		CODE           	0F38	0000	2239
		_ExecuteDevStatus		CODE           	A3B8	0000	11
		_CreateAllSoftwareTimers		CODE           	9586	0000	83

mcc_generated_files/LoRaWAN/lorawan_eu.c estimated size: 11242

mcc_generated_files/mcc.c
		_OSCILLATOR_Initialize		CODE           	A324	0000	15
		_SYSTEM_Initialize		CODE           	A0AC	0000	31

mcc_generated_files/mcc.c estimated size: 46

C:\Program Files (x86)\Microchip\xc8\v1.38\sources\common\memset.c
		_memset        		CODE           	9C16	0000	53

C:\Program Files (x86)\Microchip\xc8\v1.38\sources\common\memset.c estimated size: 53

mcc_generated_files/tmr1.c
		_TMR1_Initialize		CODE           	9C4A	0000	51
		_TMR1_SetInterruptHandler		CODE           	A372	0000	11
		_TMR1_DefaultInterruptHandler		CODE           	A47E	0000	3
		_TMR1_CallBack 		CODE           	9F34	0000	37
		_TMR1_WriteTimer		CODE           	A08C	0000	33
		_TMR1_StartTimer		CODE           	A452	0000	5
		_TMR1_ReadTimer		CODE           	9EEA	0000	39
		_TMR1_ISR      		CODE           	A304	0000	17

mcc_generated_files/tmr1.c estimated size: 196

mcc_generated_files/LoRaWAN/AES.c
		_AESEncode     		CODE           	22C2	0000	1275
		_EncKeySchedule		CODE           	3B36	0000	825
		_EncodeShiftRow		CODE           	59D0	0000	411

mcc_generated_files/LoRaWAN/AES.c estimated size: 2511

mcc_generated_files/spi2.c
		_SPI2_Exchange8bit		CODE           	A2E2	0000	19
		_SPI2_Initialize		CODE           	A332	0000	15

mcc_generated_files/spi2.c estimated size: 34

C:\Program Files (x86)\Microchip\xc8\v1.38\sources\common\abdiv.c
		___abdiv       		CODE           	85EC	0000	157

C:\Program Files (x86)\Microchip\xc8\v1.38\sources\common\abdiv.c estimated size: 157

main.c
		_LoRaSleep     		CODE           	9E1C	0000	43
		_readAndSend   		CODE           	9D98	0000	45
		_LoRaWakeUp    		CODE           	A3A4	0000	11
		_main          		CODE           	6D52	0000	295
		_IO_pins_init  		CODE           	A220	0000	25
		_SysConfigSleep		CODE           	87B8	0000	149
		_RxJoinResponse		CODE           	A45A	0000	5
		_ADC_Read      		CODE           	9626	0000	77
		_ADC_SelChannel		CODE           	A19C	0000	29
		_RxDataDone    		CODE           	96BE	0000	75
		_ADC_Init      		CODE           	A34E	0000	15

main.c estimated size: 769

