Microchip MPLAB XC8 Compiler V1.38 ()

Linker command line:

-W-3 --edf=C:\Program Files (x86)\Microchip\xc8\v1.38\dat\en_msgs.txt -cs \
  -h+dist/default/production\LoRaWAN_End-node.X.production.sym \
  --cmf=dist/default/production\LoRaWAN_End-node.X.production.cmf -z \
  -Q18LF46K22 -oC:\Users\chima\AppData\Local\Temp\sdqs.2 \
  -Mdist/default/production/LoRaWAN_End-node.X.production.map -E1 -ver=XC8 \
  -ASTACK=06FEh-0f37h -pstack=STACK -ACODE=00h-0FFFFh -ACONST=00h-0FFFFh \
  -ASMALLCONST=01000h-010FFhx240 -AMEDIUMCONST=01000h-0FFFFh \
  -ACOMRAM=01h-05Fh -AABS1=00h-0F37h -ABIGRAM=01h-0F37h \
  -ARAM=060h-0FFh,0100h-01FFhx14,0F00h-0F37h -ABANK0=060h-0FFh \
  -ABANK1=0100h-01FFh -ABANK2=0200h-02FFh -ABANK3=0300h-03FFh \
  -ABANK4=0400h-04FFh -ABANK5=0500h-05FFh -ABANK6=0600h-06FFh \
  -ABANK7=0700h-07FFh -ABANK8=0800h-08FFh -ABANK9=0900h-09FFh \
  -ABANK10=0A00h-0AFFh -ABANK11=0B00h-0BFFh -ABANK12=0C00h-0CFFh \
  -ABANK13=0D00h-0DFFh -ABANK14=0E00h-0EFFh -ABANK15=0F00h-0F37h \
  -ASFR=0F38h-0F5Fh,0F60h-0FFFh \
  -preset_vec=00h,intcode=08h,intcodelo,powerup,init,end_init \
  -pramtop=01000h -psmallconst=SMALLCONST -pmediumconst=MEDIUMCONST \
  -pconst=CONST -AFARRAM=00h-00h -ACONFIG=0300000h-030000Dh -pconfig=CONFIG \
  -AIDLOC=0200000h-0200007h -pidloc=IDLOC -AEEDATA=0F00000h-0F003FFh \
  -peeprom_data=EEDATA \
  -prdata=COMRAM,nvrram=COMRAM,nvbit=COMRAM,rbss=COMRAM,rbit=COMRAM \
  -pfarbss=FARRAM,fardata=FARRAM,nvFARRAM=FARRAM \
  -pintsave_regs=BIGRAM,bigbss=BIGRAM,bigdata=BIGRAM -pbss=RAM \
  -pidata=CODE,irdata=CODE,ibigdata=CODE,ifardata=CODE -prparam=COMRAM \
  C:\Users\chima\AppData\Local\Temp\sdqs.obj \
  dist/default/production\LoRaWAN_End-node.X.production.obj 

Object code version is 3.11

Machine type is 18LF46K22

Call graph: (short form)




                Name                               Link     Load   Length Selector   Space Scale
C:\Users\chima\AppData\Local\Temp\sdqs.obj
                stack                               6FE      6FE      83A      6FE       2
                end_init                             84       84        4        4       0
                init                                 80       80        4        4       0
                reset_vec                             0        0        4        0       0
                idloc                            200000   200000        8   200000       0
                config                           300000   300000        E   300000       0
dist/default/production\LoRaWAN_End-node.X.production.obj
                intcode                               8        8       78        4       0
                temp                                 4E       4E        C        1       1
                mediumconst                        FE66     FE66      19A     7F33       0
                text227                            A406     A406        2     4F25       0
                text226                            A3F6     A3F6        4     4F25       0
                text225                            9F74     9F74       24     4F25       0
                text224                            A3B4     A3B4        8     4F25       0
                text223                            A404     A404        2     4F25       0
                text222                            A3F2     A3F2        4     4F25       0
                text221                            9F50     9F50       24     4F25       0
                text220                            A3AC     A3AC        8     4F25       0
                text219                            A402     A402        2     4F25       0
                text218                            A3EE     A3EE        4     4F25       0
                text217                            9F2C     9F2C       24     4F25       0
                text216                            A400     A400        2     4F25       0
                text215                            9F08     9F08       24     4F25       0
                text214                            A294     A294       10     4F25       0
                text213                            A10E     A10E       1E     4F25       0
                text212                            5E78     5E78      186        4       0
                text211                            74A4     74A4      100        4       0
                text210                            A148     A148       1C     4F25       0
                text209                            98F2     98F2       40        4       0
                text208                            9368     9368       56        4       0
                text207                            A3FE     A3FE        2     4F25       0
                text206                            9EE4     9EE4       24     4F25       0
                text205                            A284     A284       10     4F25       0
                text203                            A2CE     A2CE        E     4F25       0
                text202                            A252     A252       12     4F25       0
                text201                            A3A4     A3A4        8     4F25       0
                text200                            86AC     86AC       96        4       0
                text199                            950C     950C       52        4       0
                text198                            9194     9194       62        4       0
                text197                            9B9C     9B9C       34        4       0
                text196                            84D6     84D6       A0        4       0
                text195                            8436     8436       A0        4       0
                text194                            9466     9466       54        4       0
                text193                            9E9A     9E9A       26     4F25       0
                text192                            563E     563E      1F6        4       0
                text191                            6D52     6D52      126        4       0
                text190                            A01C     A01C       20     4F25       0
                text189                            97EC     97EC       44        4       0
                text188                            824C     824C       AA        4       0
                text187                            8396     8396       A0        4       0
                text186                            9E72     9E72       28     4F25       0
                text185                            7E10     7E10       BC        4       0
                text184                            8D04     8D04       76        4       0
                text183                            6178     6178      178        4       0
                text182                            A3EA     A3EA        4     4F25       0
                text181                            A3E6     A3E6        4     4F25       0
                text180                            A0F0     A0F0       1E     4F25       0
                text179                            9AFE     9AFE       36        4       0
                text178                            97A6     97A6       46        4       0
                text177                            A3E2     A3E2        4     4F25       0
                text176                            A3DE     A3DE        4     4F25       0
                text175                            A240     A240       12     4F25       0
                text174                            A2C0     A2C0        E     4F25       0
                text173                            9FFC     9FFC       20     4F25       0
                text172                            8612     8612       9A        4       0
                text171                            73A2     73A2      102        4       0
                text170                            A2DC     A2DC        C     4F25       0
                text169                            9E4A     9E4A       28     4F25       0
                text168                            6AE0     6AE0      13E        4       0
                text167                            9760     9760       46        4       0
                text166                            502E     502E      212        4       0
                text165                            A392     A392        A     4F25       0
                text164                            94BA     94BA       52        4       0
                text163                            709A     709A      104        4       0
                text162                            4E08     4E08      226        4       0
                text161                            7ECC     7ECC       BA        4       0
                text160                            6F94     6F94      106        4       0
                text159                            A274     A274       10     4F25       0
                text158                            9006     9006       66        4       0
                text157                            3B36     3B36      338        4       0
                text156                            59D0     59D0      19A        4       0
                text155                            22C2     22C2      4FA        4       0
                text154                            99AC     99AC       3C        4       0
                text153                            8B12     8B12       84        4       0
                text152                            5B6A     5B6A      188        4       0
                text151                            2C26     2C26      45E        4       0
                text150                            8E5C     8E5C       6E        4       0
                text149                            9132     9132       62        4       0
                text148                            92B4     92B4       5E        4       0
                text147                            9FBA     9FBA       22     4F25       0
                text146                            5240     5240      204        4       0
                text145                            8F9E     8F9E       68        4       0
                text144                            8ECA     8ECA       6C        4       0
                text143                            6E78     6E78      11C        4       0
                text142                            17F6     17F6      570        4       0
                text141                            4BA6     4BA6      262        4       0
                text140                            A388     A388        A     4F25       0
                text139                            7F86     7F86       B8        4       0
                text138                            9A90     9A90       38        4       0
                text137                            A37E     A37E        A     4F25       0
                text136                            A374     A374        A     4F25       0
                text135                            A36A     A36A        A     4F25       0
                text134                            81A0     81A0       AC        4       0
                text133                            A360     A360        A     4F25       0
                text132                            A356     A356        A     4F25       0
                text131                            A34C     A34C        A     4F25       0
                text130                            9412     9412       54        4       0
                text129                            6452     6452      15E        4       0
                text128                            8C8E     8C8E       76        4       0
                text127                            A0D2     A0D2       1E     4F25       0
                text126                            7D54     7D54       BC        4       0
                text125                            A22E     A22E       12     4F25       0
                text124                            9DF6     9DF6       2A        4       0
                text123                            4940     4940      266        4       0
                text122                            9FDC     9FDC       20     4F25       0
                text121                            A3C8     A3C8        6     4F25       0
                text120                            A1AC     A1AC       16     4F25       0
                text119                            A17E     A17E       18     4F25       0
                text118                            A342     A342        A     4F25       0
                text117                            A0B4     A0B4       1E     4F25       0
                text116                            9B68     9B68       34        4       0
                text115                            9644     9644       4A        4       0
                text114                            8982     8982       88        4       0
                text113                            A3C2     A3C2        6     4F25       0
                text112                            9CF0     9CF0       2E        4       0
                text111                            98B2     98B2       40        4       0
                text110                             F38      F38      8BE        4       0
                text109                            6704     6704      152        4       0
                text108                            906C     906C       64        4       0
                text107                            8866     8866       90        4       0
                text106                            796C     796C       E6        4       0
                text105                            803E     803E       B6        4       0
                text104                            8C12     8C12       7C        4       0
                text103                            72A0     72A0      102        4       0
                text102                            6C1E     6C1E      134        4       0
                text101                            7C96     7C96       BE        4       0
                text100                            5444     5444      1FA        4       0
                text99                             719E     719E      102        4       0
                text98                             A3BC     A3BC        6     4F25       0
                text97                             1D66     1D66      55C        4       0
                text96                             27BC     27BC      46A        4       0
                text95                             8F36     8F36       68        4       0
                text94                             769C     769C       F8        4       0
                text93                             A338     A338        A     4F25       0
                text92                             90D0     90D0       62        4       0
                text91                             5FFE     5FFE      17A        4       0
                text90                             88F6     88F6       8C        4       0
                text89                             A096     A096       1E     4F25       0
                text88                             A32E     A32E        A     4F25       0
                text87                             8D7A     8D7A       74        4       0
                text86                             9DCC     9DCC       2A        4       0
                text85                             9C64     9C64       30        4       0
                text84                             37DA     37DA      35C        4       0
                text83                             9C02     9C02       32        4       0
                text82                             9C34     9C34       30        4       0
                text81                             91F6     91F6       60        4       0
                text80                             62F0     62F0      162        4       0
                text79                             971A     971A       46        4       0
                text78                             96D4     96D4       46        4       0
                text77                             93BE     93BE       54        4       0
                text76                             8A8E     8A8E       84        4       0
                text75                             4182     4182      2E2        4       0
                text74                             A196     A196       16     4F25       0
                text73                             A078     A078       1E     4F25       0
                text72                             4464     4464      276        4       0
                text71                             9AC8     9AC8       36        4       0
                text70                             95F8     95F8       4C        4       0
                text69                             9D76     9D76       2C        4       0
                text68                             3456     3456      384        4       0
                text67                             A3DA     A3DA        4     4F25       0
                text66                             9A58     9A58       38        4       0
                text65                             8742     8742       94        4       0
                text64                             5834     5834      19C        4       0
                text63                             46DA     46DA      266        4       0
                text62                             A05A     A05A       1E     4F25       0
                text61                             8B96     8B96       7C        4       0
                text60                               88       88      EB0        4       0
                text59                             3084     3084      3D2        4       0
                text58                             7BD8     7BD8       BE        4       0
                text57                             8576     8576       9C        4       0
                text56                             7794     7794       EE        4       0
                text55                             6856     6856      146        4       0
                text54                             9B34     9B34       34        4       0
                text53                             82F6     82F6       A0        4       0
                text52                             968E     968E       46        4       0
                text51                             9CC2     9CC2       2E        4       0
                text50                             9312     9312       56        4       0
                text49                             9256     9256       5E        4       0
                text48                             9EC0     9EC0       24     4F25       0
                text47                             9932     9932       3E        4       0
                text46                             9C94     9C94       2E        4       0
                text45                             A21C     A21C       12     4F25       0
                text44                             8A0A     8A0A       84        4       0
                text43                             9970     9970       3C        4       0
                text42                             955E     955E       4E        4       0
                text41                             7882     7882       EA        4       0
                text40                             7A52     7A52       C4        4       0
                text39                             5CF2     5CF2      186        4       0
                text38                             699C     699C      144        4       0
                text37                             9D4A     9D4A       2C        4       0
                text36                             65B0     65B0      154        4       0
                text35                             3E6E     3E6E      314        4       0
                text34                             75A4     75A4       F8        4       0
                text33                             9872     9872       40        4       0
                text32                             9A20     9A20       38        4       0
                text31                             A164     A164       1A     4F25       0
                text30                             99E8     99E8       38        4       0
                text29                             9DA2     9DA2       2A        4       0
                text28                             A2B2     A2B2        E     4F25       0
                text27                             A324     A324        A     4F25       0
                text26                             A31A     A31A        A     4F25       0
                text25                             A310     A310        A     4F25       0
                text24                             A306     A306        A     4F25       0
                text23                             9830     9830       42        4       0
                text22                             A3D6     A3D6        4     4F25       0
                text21                             A20A     A20A       12     4F25       0
                text20                             A1F8     A1F8       12     4F25       0
                text19                             A2FC     A2FC        A     4F25       0
                text18                             A1E6     A1E6       12     4F25       0
                text17                             A3FC     A3FC        2     4F25       0
                text16                             A3FA     A3FA        2     4F25       0
                text15                             A1D4     A1D4       12     4F25       0
                text14                             A39C     A39C        8     4F25       0
                text13                             A2F2     A2F2        A     4F25       0
                text12                             A1C2     A1C2       12     4F25       0
                text11                             9F98     9F98       22     4F25       0
                text10                             A2A4     A2A4        E     4F25       0
                text9                              A2E8     A2E8        A     4F25       0
                text8                              8DEE     8DEE       6E        4       0
                text7                              A3D2     A3D2        4     4F25       0
                text6                              9BD0     9BD0       32        4       0
                text5                              A03C     A03C       1E     4F25       0
                text4                              87D6     87D6       90        4       0
                text3                              A12C     A12C       1C     4F25       0
                text2                              95AC     95AC       4C        4       0
                text1                              9D1E     9D1E       2C        4       0
                text0                              80F4     80F4       AC        4       0
                cstackCOMRAM                          1        1       3B        1       1
                cstackBANK0                          60       60       94       60       1
                cstackBANK1                         100      100       6F      100       1
                cstackBANK3                         3A0      3A0       14      300       1
                bssBIGRAM                           4E0      4E0      21E      4E0       1
                bssBANK4                            400      400       E0      400       1
                dataBANK3                           3B4      3B4       10      300       1
                bssBANK3                            300      300       A0      300       1
                bssBANK2                            200      200       F5      200       1
                dataBANK1                           1BC      1BC       29      100       1
                bssBANK1                            16F      16F       4D      100       1
                bssBANK0                             F4       F4        8       60       1
                dataCOMRAM                           5A       5A        4        1       1
                bssCOMRAM                            3C       3C       12        1       1
                cinit                              7B16     7B16       C2        4       0
                nvBANK1                             1E5      1E5        C      100       1
                nvCOMRAM                             5E       5E        2        1       1
                idataBANK3                         A264     A264       10     4F25       0
                idataBANK1                         9E20     9E20       29        4       0
                idataCOMRAM                        A3CE     A3CE        4     4F25       0

TOTAL           Name                               Link     Load   Length     Space
        CLASS   STACK          
                stack                               6FE      6FE      83A         2

        CLASS   CODE           
                end_init                             84       84        4         0
                init                                 80       80        4         0
                intcode                               8        8       78         0
                reset_vec                             0        0        4         0
                text227                            A406     A406        2         0
                text226                            A3F6     A3F6        4         0
                text225                            9F74     9F74       24         0
                text224                            A3B4     A3B4        8         0
                text223                            A404     A404        2         0
                text222                            A3F2     A3F2        4         0
                text221                            9F50     9F50       24         0
                text220                            A3AC     A3AC        8         0
                text219                            A402     A402        2         0
                text218                            A3EE     A3EE        4         0
                text217                            9F2C     9F2C       24         0
                text216                            A400     A400        2         0
                text215                            9F08     9F08       24         0
                text214                            A294     A294       10         0
                text213                            A10E     A10E       1E         0
                text212                            5E78     5E78      186         0
                text211                            74A4     74A4      100         0
                text210                            A148     A148       1C         0
                text209                            98F2     98F2       40         0
                text208                            9368     9368       56         0
                text207                            A3FE     A3FE        2         0
                text206                            9EE4     9EE4       24         0
                text205                            A284     A284       10         0
                text203                            A2CE     A2CE        E         0
                text202                            A252     A252       12         0
                text201                            A3A4     A3A4        8         0
                text200                            86AC     86AC       96         0
                text199                            950C     950C       52         0
                text198                            9194     9194       62         0
                text197                            9B9C     9B9C       34         0
                text196                            84D6     84D6       A0         0
                text195                            8436     8436       A0         0
                text194                            9466     9466       54         0
                text193                            9E9A     9E9A       26         0
                text192                            563E     563E      1F6         0
                text191                            6D52     6D52      126         0
                text190                            A01C     A01C       20         0
                text189                            97EC     97EC       44         0
                text188                            824C     824C       AA         0
                text187                            8396     8396       A0         0
                text186                            9E72     9E72       28         0
                text185                            7E10     7E10       BC         0
                text184                            8D04     8D04       76         0
                text183                            6178     6178      178         0
                text182                            A3EA     A3EA        4         0
                text181                            A3E6     A3E6        4         0
                text180                            A0F0     A0F0       1E         0
                text179                            9AFE     9AFE       36         0
                text178                            97A6     97A6       46         0
                text177                            A3E2     A3E2        4         0
                text176                            A3DE     A3DE        4         0
                text175                            A240     A240       12         0
                text174                            A2C0     A2C0        E         0
                text173                            9FFC     9FFC       20         0
                text172                            8612     8612       9A         0
                text171                            73A2     73A2      102         0
                text170                            A2DC     A2DC        C         0
                text169                            9E4A     9E4A       28         0
                text168                            6AE0     6AE0      13E         0
                text167                            9760     9760       46         0
                text166                            502E     502E      212         0
                text165                            A392     A392        A         0
                text164                            94BA     94BA       52         0
                text163                            709A     709A      104         0
                text162                            4E08     4E08      226         0
                text161                            7ECC     7ECC       BA         0
                text160                            6F94     6F94      106         0
                text159                            A274     A274       10         0
                text158                            9006     9006       66         0
                text157                            3B36     3B36      338         0
                text156                            59D0     59D0      19A         0
                text155                            22C2     22C2      4FA         0
                text154                            99AC     99AC       3C         0
                text153                            8B12     8B12       84         0
                text152                            5B6A     5B6A      188         0
                text151                            2C26     2C26      45E         0
                text150                            8E5C     8E5C       6E         0
                text149                            9132     9132       62         0
                text148                            92B4     92B4       5E         0
                text147                            9FBA     9FBA       22         0
                text146                            5240     5240      204         0
                text145                            8F9E     8F9E       68         0
                text144                            8ECA     8ECA       6C         0
                text143                            6E78     6E78      11C         0
                text142                            17F6     17F6      570         0
                text141                            4BA6     4BA6      262         0
                text140                            A388     A388        A         0
                text139                            7F86     7F86       B8         0
                text138                            9A90     9A90       38         0
                text137                            A37E     A37E        A         0
                text136                            A374     A374        A         0
                text135                            A36A     A36A        A         0
                text134                            81A0     81A0       AC         0
                text133                            A360     A360        A         0
                text132                            A356     A356        A         0
                text131                            A34C     A34C        A         0
                text130                            9412     9412       54         0
                text129                            6452     6452      15E         0
                text128                            8C8E     8C8E       76         0
                text127                            A0D2     A0D2       1E         0
                text126                            7D54     7D54       BC         0
                text125                            A22E     A22E       12         0
                text124                            9DF6     9DF6       2A         0
                text123                            4940     4940      266         0
                text122                            9FDC     9FDC       20         0
                text121                            A3C8     A3C8        6         0
                text120                            A1AC     A1AC       16         0
                text119                            A17E     A17E       18         0
                text118                            A342     A342        A         0
                text117                            A0B4     A0B4       1E         0
                text116                            9B68     9B68       34         0
                text115                            9644     9644       4A         0
                text114                            8982     8982       88         0
                text113                            A3C2     A3C2        6         0
                text112                            9CF0     9CF0       2E         0
                text111                            98B2     98B2       40         0
                text110                             F38      F38      8BE         0
                text109                            6704     6704      152         0
                text108                            906C     906C       64         0
                text107                            8866     8866       90         0
                text106                            796C     796C       E6         0
                text105                            803E     803E       B6         0
                text104                            8C12     8C12       7C         0
                text103                            72A0     72A0      102         0
                text102                            6C1E     6C1E      134         0
                text101                            7C96     7C96       BE         0
                text100                            5444     5444      1FA         0
                text99                             719E     719E      102         0
                text98                             A3BC     A3BC        6         0
                text97                             1D66     1D66      55C         0
                text96                             27BC     27BC      46A         0
                text95                             8F36     8F36       68         0
                text94                             769C     769C       F8         0
                text93                             A338     A338        A         0
                text92                             90D0     90D0       62         0
                text91                             5FFE     5FFE      17A         0
                text90                             88F6     88F6       8C         0
                text89                             A096     A096       1E         0
                text88                             A32E     A32E        A         0
                text87                             8D7A     8D7A       74         0
                text86                             9DCC     9DCC       2A         0
                text85                             9C64     9C64       30         0
                text84                             37DA     37DA      35C         0
                text83                             9C02     9C02       32         0
                text82                             9C34     9C34       30         0
                text81                             91F6     91F6       60         0
                text80                             62F0     62F0      162         0
                text79                             971A     971A       46         0
                text78                             96D4     96D4       46         0
                text77                             93BE     93BE       54         0
                text76                             8A8E     8A8E       84         0
                text75                             4182     4182      2E2         0
                text74                             A196     A196       16         0
                text73                             A078     A078       1E         0
                text72                             4464     4464      276         0
                text71                             9AC8     9AC8       36         0
                text70                             95F8     95F8       4C         0
                text69                             9D76     9D76       2C         0
                text68                             3456     3456      384         0
                text67                             A3DA     A3DA        4         0
                text66                             9A58     9A58       38         0
                text65                             8742     8742       94         0
                text64                             5834     5834      19C         0
                text63                             46DA     46DA      266         0
                text62                             A05A     A05A       1E         0
                text61                             8B96     8B96       7C         0
                text60                               88       88      EB0         0
                text59                             3084     3084      3D2         0
                text58                             7BD8     7BD8       BE         0
                text57                             8576     8576       9C         0
                text56                             7794     7794       EE         0
                text55                             6856     6856      146         0
                text54                             9B34     9B34       34         0
                text53                             82F6     82F6       A0         0
                text52                             968E     968E       46         0
                text51                             9CC2     9CC2       2E         0
                text50                             9312     9312       56         0
                text49                             9256     9256       5E         0
                text48                             9EC0     9EC0       24         0
                text47                             9932     9932       3E         0
                text46                             9C94     9C94       2E         0
                text45                             A21C     A21C       12         0
                text44                             8A0A     8A0A       84         0
                text43                             9970     9970       3C         0
                text42                             955E     955E       4E         0
                text41                             7882     7882       EA         0
                text40                             7A52     7A52       C4         0
                text39                             5CF2     5CF2      186         0
                text38                             699C     699C      144         0
                text37                             9D4A     9D4A       2C         0
                text36                             65B0     65B0      154         0
                text35                             3E6E     3E6E      314         0
                text34                             75A4     75A4       F8         0
                text33                             9872     9872       40         0
                text32                             9A20     9A20       38         0
                text31                             A164     A164       1A         0
                text30                             99E8     99E8       38         0
                text29                             9DA2     9DA2       2A         0
                text28                             A2B2     A2B2        E         0
                text27                             A324     A324        A         0
                text26                             A31A     A31A        A         0
                text25                             A310     A310        A         0
                text24                             A306     A306        A         0
                text23                             9830     9830       42         0
                text22                             A3D6     A3D6        4         0
                text21                             A20A     A20A       12         0
                text20                             A1F8     A1F8       12         0
                text19                             A2FC     A2FC        A         0
                text18                             A1E6     A1E6       12         0
                text17                             A3FC     A3FC        2         0
                text16                             A3FA     A3FA        2         0
                text15                             A1D4     A1D4       12         0
                text14                             A39C     A39C        8         0
                text13                             A2F2     A2F2        A         0
                text12                             A1C2     A1C2       12         0
                text11                             9F98     9F98       22         0
                text10                             A2A4     A2A4        E         0
                text9                              A2E8     A2E8        A         0
                text8                              8DEE     8DEE       6E         0
                text7                              A3D2     A3D2        4         0
                text6                              9BD0     9BD0       32         0
                text5                              A03C     A03C       1E         0
                text4                              87D6     87D6       90         0
                text3                              A12C     A12C       1C         0
                text2                              95AC     95AC       4C         0
                text1                              9D1E     9D1E       2C         0
                text0                              80F4     80F4       AC         0
                cinit                              7B16     7B16       C2         0
                idataBANK3                         A264     A264       10         0
                idataBANK1                         9E20     9E20       29         0
                idataCOMRAM                        A3CE     A3CE        4         0

        CLASS   CONST          

        CLASS   SMALLCONST     

        CLASS   MEDIUMCONST    
                mediumconst                        FE66     FE66      19A         0

        CLASS   COMRAM         
                temp                                 4E       4E        C         1
                cstackCOMRAM                          1        1       3B         1
                dataCOMRAM                           5A       5A        4         1
                bssCOMRAM                            3C       3C       12         1
                nvCOMRAM                             5E       5E        2         1

        CLASS   ABS1           

        CLASS   BIGRAM         
                bssBIGRAM                           4E0      4E0      21E         1

        CLASS   RAM            

        CLASS   BANK0          
                cstackBANK0                          60       60       94         1
                bssBANK0                             F4       F4        8         1

        CLASS   BANK1          
                cstackBANK1                         100      100       6F         1
                dataBANK1                           1BC      1BC       29         1
                bssBANK1                            16F      16F       4D         1
                nvBANK1                             1E5      1E5        C         1

        CLASS   BANK2          
                bssBANK2                            200      200       F5         1

        CLASS   BANK3          
                cstackBANK3                         3A0      3A0       14         1
                dataBANK3                           3B4      3B4       10         1
                bssBANK3                            300      300       A0         1

        CLASS   BANK4          
                bssBANK4                            400      400       E0         1

        CLASS   BANK5          

        CLASS   BANK6          

        CLASS   BANK7          

        CLASS   BANK8          

        CLASS   BANK9          

        CLASS   BANK10         

        CLASS   BANK11         

        CLASS   BANK12         

        CLASS   BANK13         

        CLASS   BANK14         

        CLASS   BANK15         

        CLASS   SFR            

        CLASS   FARRAM         

        CLASS   CONFIG         
                config                           300000   300000        E         0

        CLASS   IDLOC          
                idloc                            200000   200000        8         0

        CLASS   EEDATA         



SEGMENTS        Name                           Load    Length   Top    Selector   Space  Class

                reset_vec                      000000  000004  000004         0       0  CODE    
                cstackCOMRAM                   000001  00005F  000060         1       1  COMRAM  
                intcode                        000008  009E41  009E49         4       0  CODE    
                cstackBANK0                    000060  00009C  0000FC        60       1  BANK0   
                cstackBANK1                    000100  0000F1  0001F1       100       1  BANK1   
                bssBANK2                       000200  0000F5  0002F5       200       1  BANK2   
                bssBANK3                       000300  0000C4  0003C4       300       1  BANK3   
                bssBANK4                       000400  0000E0  0004E0       400       1  BANK4   
                bssBIGRAM                      0004E0  00021E  0006FE       4E0       1  BIGRAM  
                stack                          0006FE  00083A  000F38       6FE       2  STACK   
                text169                        009E4A  0005BE  00A408      4F25       0  CODE    
                mediumconst                    00FE66  00019A  010000      7F33       0  MEDIUMCO
                idloc                          200000  000008  200008    200000       0  IDLOC   
                config                         300000  00000E  30000E    300000       0  CONFIG  


UNUSED ADDRESS RANGES

        Name                Unused          Largest block    Delta
        BANK0            0000FC-0000FF                4
        BANK1            0001F1-0001FF                F
        BANK10           000A00-000AFF              100
        BANK11           000B00-000BFF              100
        BANK12           000C00-000CFF              100
        BANK13           000D00-000DFF              100
        BANK14           000E00-000EFF              100
        BANK15           000F00-000F37               38
        BANK2            0002F5-0002FF                B
        BANK3            0003C4-0003FF               3C
        BANK6            0006FE-0006FF                2
        BANK7            000700-0007FF              100
        BANK8            000800-0008FF              100
        BANK9            000900-0009FF              100
        BIGRAM           0000FC-0000FF                4
                         0001F1-0001FF                F
                         0002F5-0002FF                B
                         0003C4-0003FF               3C
                         0006FE-000F37              83A
        CODE             000004-000007                4
                         009E49-009E49                1
                         00A408-00FE65             5A5E
        CONST            000004-000007                4
                         009E49-009E49                1
                         00A408-00FE65             5A5E
        EEDATA           F00000-F003FF              400
        MEDIUMCONST      009E49-009E49                1
                         00A408-00FE65             5A5E
        RAM              0000FC-0000FF                4
                         0001F1-0001FF                F
                         0002F5-0002FF                B
                         0003C4-0003FF               3C
                         0006FE-000F37              100
        SFR              000F38-000FFF               28
        SMALLCONST       009E49-009E49                1
                         00A408-00FE65              100

                                  Symbol Table

?_ADC_Read                                                cstackBANK0  000066
?_ComputeMic                                              cstackBANK0  0000DB
?_ExecuteDevStatus                                        cstackBANK0  000064
?_ExecuteDutyCycle                                        cstackBANK0  000064
?_ExecuteLinkAdr                                          cstackBANK0  000073
?_ExecuteLinkCheck                                        cstackBANK0  000064
?_ExecuteNewChannel                                       cstackBANK0  0000AA
?_ExecuteRxParamSetupReq                                  cstackBANK0  0000AA
?_ExecuteRxTimingSetup                                    cstackBANK0  00006B
?_ExtractMic                                              cstackBANK0  00006E
?_GetRx1Freq                                              cstackBANK0  000064
?_MacExecuteCommands                                      cstackBANK0  0000B4
?_RADIO_ReadRandom                                        cstackBANK0  000070
?_RADIO_ReceiveStart                                      cstackBANK0  0000B5
?_RADIO_Transmit                                          cstackBANK0  0000B5
?_Random                                                  cstackBANK0  0000B1
?_SwTimerReadValue                                        cstackBANK0  000095
?_SwTimersInterrupt                                       cstackBANK0  000084
?_TMR1_ReadTimer                                          cstackBANK0  000064
?_TMR_GetDeltaTime                                        cstackBANK0  00006C
?_TMR_SwapTimer                                           cstackBANK0  00006C
?___awdiv                                                 cstackBANK0  000064
?___lldiv                                                 cstackBANK0  000064
?___llmod                                                 cstackBANK0  000064
?___lmul                                                  cstackBANK0  00009E
?___lwmod                                                 cstackBANK0  0000AC
?___wmul                                                  cstackBANK0  000064
?_rand                                                    cstackBANK0  0000AA
?i2_SwTimersInterrupt                                     cstackCOMRAM 000021
?i2_TMR1_ReadTimer                                        cstackCOMRAM 000001
?i2_TMR_GetDeltaTime                                      cstackCOMRAM 000009
?i2_TMR_SwapTimer                                         cstackCOMRAM 000009
ADC_Read@channel                                          cstackBANK0  00006A
ADC_Read@result                                           cstackBANK0  00006B
ADC_SelChannel@c                                          cstackBANK0  000065
AESCmac@flag                                              cstackBANK1  000162
AESCmac@i                                                 cstackBANK1  000165
AESCmac@input                                             cstackBANK0  0000D1
AESCmac@j                                                 cstackBANK1  000164
AESCmac@k1                                                cstackBANK1  000110
AESCmac@k2                                                cstackBANK1  000100
AESCmac@key                                               cstackBANK0  0000CD
AESCmac@mLast                                             cstackBANK1  000120
AESCmac@n                                                 cstackBANK1  000163
AESCmac@output                                            cstackBANK0  0000CF
AESCmac@padded                                            cstackBANK1  000130
AESCmac@ptr                                               cstackBANK1  000160
AESCmac@size                                              cstackBANK0  0000D3
AESCmac@x                                                 cstackBANK1  000150
AESCmac@y                                                 cstackBANK1  000140
AESEncode@aux                                             cstackBANK0  00008C
AESEncode@aux1                                            cstackBANK0  00008E
AESEncode@aux2                                            cstackBANK0  00008D
AESEncode@aux3                                            cstackBANK0  00008F
AESEncode@block                                           cstackBANK0  00006A
AESEncode@i                                               cstackBANK0  000090
AESEncode@key                                             cstackBANK0  000076
AESEncode@masterKey                                       cstackBANK0  00006C
AESEncodeLoRa@block                                       cstackBANK0  000091
AESEncodeLoRa@key                                         cstackBANK0  000093
AESEncodeLoRa@useKey                                      cstackBANK0  000095
AssembleEncryptionBlock@blockId                           cstackBANK0  000072
AssembleEncryptionBlock@bufferIndex                       cstackBANK0  000076
AssembleEncryptionBlock@dir                               cstackBANK0  000075
AssembleEncryptionBlock@firstByte                         cstackBANK0  000073
AssembleEncryptionBlock@frameCounter                      cstackBANK0  00006E
AssembleEncryptionBlock@multicastStatus                   cstackBANK0  000074
AssemblePacket@buffer                                     cstackBANK0  0000DC
AssemblePacket@bufferIndex                                cstackBANK0  0000E6
AssemblePacket@bufferLength                               cstackBANK0  0000DE
AssemblePacket@confirmed                                  cstackBANK0  0000E2
AssemblePacket@fCtrl                                      cstackBANK0  0000E4
AssemblePacket@macCmdIdx                                  cstackBANK0  0000E5
AssemblePacket@mhdr                                       cstackBANK0  0000E3
AssemblePacket@port                                       cstackBANK0  0000DB
CheckFlags@hdr                                            cstackBANK0  000064
CheckMcastFlags@hdr                                       cstackBANK0  000064
ComputeMic@buffer                                         cstackBANK0  0000DD
ComputeMic@bufferLength                                   cstackBANK0  0000DF
ComputeMic@key                                            cstackBANK0  0000DB
ComputeMic@mic                                            cstackBANK0  0000E0
ComputeSessionKeys@joinAcceptBuffer                       cstackBANK0  0000A5
ConfigureRadio@dataRate                                   cstackBANK0  000075
ConfigureRadio@freq                                       cstackBANK0  000071
ConfigureRadioRx@dataRate                                 cstackBANK0  00007A
ConfigureRadioRx@freq                                     cstackBANK0  000076
ConfigureRadioTx@dataRate                                 cstackBANK0  00007A
ConfigureRadioTx@freq                                     cstackBANK0  000076
ConfigureRadioTx@txPower                                  cstackBANK0  00007B
CountfOptsLength@i                                        cstackBANK0  00006B
CountfOptsLength@macCommandLength                         cstackBANK0  00006A
EnableChannels1@channelIndexMax                           cstackBANK0  00006C
EnableChannels1@channelIndexMin                           cstackBANK0  00006B
EnableChannels1@channelMask                               cstackBANK0  000068
EnableChannels1@channelMaskCntl                           cstackBANK0  00006A
EnableChannels1@i                                         cstackBANK0  00006F
EnableChannels@channelMask                                cstackBANK0  000070
EnableChannels@channelMaskCntl                            cstackBANK0  000072
EncKeySchedule@key                                        cstackBANK0  000064
EncodeShiftRow@stateTable                                 cstackBANK0  000064
EncodeShiftRow@temp                                       cstackBANK0  000066
EncryptFRMPayload@buffer                                  cstackBANK0  0000A5
EncryptFRMPayload@bufferLength                            cstackBANK0  0000A7
EncryptFRMPayload@bufferToBeEncrypted                     cstackBANK0  0000B0
EncryptFRMPayload@dir                                     cstackBANK0  0000A8
EncryptFRMPayload@frameCounter                            cstackBANK0  0000A9
EncryptFRMPayload@i                                       cstackBANK0  0000B9
EncryptFRMPayload@j                                       cstackBANK0  0000BA
EncryptFRMPayload@k                                       cstackBANK0  0000B8
EncryptFRMPayload@key                                     cstackBANK0  0000AD
EncryptFRMPayload@macBufferIndex                          cstackBANK0  0000AF
EncryptFRMPayload@multicastStatus                         cstackBANK0  0000B2
ExecuteDevStatus@ptr                                      cstackBANK0  000064
ExecuteDutyCycle@maxDCycle                                cstackBANK0  000069
ExecuteDutyCycle@ptr                                      cstackBANK0  000064
ExecuteLinkAdr@channelMask                                cstackBANK0  000077
ExecuteLinkAdr@dataRate                                   cstackBANK0  00007C
ExecuteLinkAdr@ptr                                        cstackBANK0  000073
ExecuteLinkAdr@redundancy                                 cstackBANK0  00007A
ExecuteLinkAdr@txPower                                    cstackBANK0  000079
ExecuteLinkCheck@ptr                                      cstackBANK0  000064
ExecuteNewChannel@channelIndex                            cstackBANK0  0000B3
ExecuteNewChannel@drRange                                 cstackBANK0  0000AE
ExecuteNewChannel@frequency                               cstackBANK0  0000AF
ExecuteNewChannel@ptr                                     cstackBANK0  0000AA
ExecuteRxParamSetupReq@dlSettings                         cstackBANK0  0000B2
ExecuteRxParamSetupReq@frequency                          cstackBANK0  0000AE
ExecuteRxParamSetupReq@ptr                                cstackBANK0  0000AA
ExecuteRxTimingSetup@delay                                cstackBANK0  00006D
ExecuteRxTimingSetup@ptr                                  cstackBANK0  00006B
ExtractMic@buffer                                         cstackBANK0  00006E
ExtractMic@bufferLength                                   cstackBANK0  000070
ExtractMic@mic                                            cstackBANK0  000076
FillSubKey@carry                                          cstackBANK0  00006A
FillSubKey@i                                              cstackBANK0  00006B
FillSubKey@key                                            cstackBANK0  000066
FillSubKey@size                                           cstackBANK0  000068
FillSubKey@source                                         cstackBANK0  000064
FindSmallestDataRate@dataRate                             cstackBANK0  000067
FindSmallestDataRate@found                                cstackBANK0  000065
FindSmallestDataRate@i                                    cstackBANK0  000066
GenerateSubkey@F7870                                      dataBANK1    0001BC
GenerateSubkey@const_Rb                                   cstackBANK0  0000AC
GenerateSubkey@i                                          cstackBANK0  0000CC
GenerateSubkey@k1                                         cstackBANK0  0000A7
GenerateSubkey@k2                                         cstackBANK0  0000A9
GenerateSubkey@key                                        cstackBANK0  0000A5
GenerateSubkey@l                                          cstackBANK0  0000BC
HALResetPinOutputValue@value                              cstackBANK0  000064
HALSPISend@data                                           cstackBANK0  000065
INT0_SetInterruptHandler@InterruptHandler                 cstackBANK0  000064
INT1_SetInterruptHandler@InterruptHandler                 cstackBANK0  000064
INT2_SetInterruptHandler@InterruptHandler                 cstackBANK0  000064
INTERRUPT_GetDioStatus@a                                  cstackBANK0  000064
IOCB4_SetInterruptHandler@InterruptHandler                cstackBANK0  000064
IOCB5_SetInterruptHandler@InterruptHandler                cstackBANK0  000064
IncludeMacCommandsResponse@bIncludeInFopts                cstackBANK0  000068
IncludeMacCommandsResponse@bufferIndex                    cstackBANK0  000072
IncludeMacCommandsResponse@i                              cstackBANK0  000071
IncludeMacCommandsResponse@macBuffer                      cstackBANK0  000064
IncludeMacCommandsResponse@pBufferIndex                   cstackBANK0  000066
InitDefault433Channels@i                                  cstackBANK0  00006E
InitDefault868Channels@i                                  cstackBANK0  00006E
LORAWAN_GetMaxPayloadSize@macCommandsLength               cstackBANK0  00006D
LORAWAN_GetMaxPayloadSize@result                          cstackBANK0  00006E
LORAWAN_Init@RxJoinResponse                               cstackBANK0  0000B8
LORAWAN_Init@RxPayload                                    cstackBANK0  0000B6
LORAWAN_Join@activationTypeNew                            cstackBANK0  0000F1
LORAWAN_Join@bufferIndex                                  cstackBANK0  0000EF
LORAWAN_Join@result                                       cstackBANK0  0000F0
LORAWAN_LinkCheckConfigure@iCtr                           cstackBANK0  0000B4
LORAWAN_LinkCheckConfigure@period                         cstackBANK0  0000AA
LORAWAN_Reset@ismBandNew                                  cstackBANK0  0000B5
LORAWAN_RxDone@buffer                                     cstackBANK0  0000EE
LORAWAN_RxDone@bufferIndex                                cstackBANK3  0003A7
LORAWAN_RxDone@bufferLength                               cstackBANK0  0000F0
LORAWAN_RxDone@channelIndex                               cstackBANK3  0003A1
LORAWAN_RxDone@computedMic                                cstackBANK3  0003AB
LORAWAN_RxDone@extractedMic                               cstackBANK3  0003A3
LORAWAN_RxDone@fPort                                      cstackBANK3  0003A0
LORAWAN_RxDone@frmPayloadLength                           cstackBANK3  0003B1
LORAWAN_RxDone@hdr                                        cstackBANK3  0003B2
LORAWAN_RxDone@joinAccept                                 cstackBANK3  0003AF
LORAWAN_RxDone@mhdr                                       cstackBANK3  0003A2
LORAWAN_RxDone@packet                                     cstackBANK3  0003A9
LORAWAN_RxDone@temp                                       cstackBANK3  0003A8
LORAWAN_RxTimeout@i                                       cstackBANK0  0000CE
LORAWAN_RxTimeout@minim                                   cstackBANK0  0000CA
LORAWAN_Send@buffer                                       cstackBANK0  0000E8
LORAWAN_Send@bufferLength                                 cstackBANK0  0000EA
LORAWAN_Send@confirmed                                    cstackBANK0  0000ED
LORAWAN_Send@port                                         cstackBANK0  0000E7
LORAWAN_Send@result                                       cstackBANK0  0000EC
LORAWAN_SetApplicationSessionKey@applicationSessionKeyNew cstackBANK0  00006E
LORAWAN_SetChannelIdStatus@channelId                      cstackBANK0  00006A
LORAWAN_SetChannelIdStatus@result                         cstackBANK0  000069
LORAWAN_SetChannelIdStatus@statusNew                      cstackBANK0  000068
LORAWAN_SetCurrentDataRate@valueNew                       cstackBANK0  000066
LORAWAN_SetDeviceAddress@deviceAddressNew                 cstackBANK0  000064
LORAWAN_SetNetworkSessionKey@networkSessionKeyNew         cstackBANK0  00006E
LORAWAN_TxDone@delta                                      cstackBANK0  0000D6
LORAWAN_TxDone@found                                      cstackBANK0  0000D5
LORAWAN_TxDone@i                                          cstackBANK0  0000E6
LORAWAN_TxDone@minim                                      cstackBANK0  0000E2
LORAWAN_TxDone@ticks                                      cstackBANK0  0000DE
LORAWAN_TxDone@timeOnAir                                  cstackBANK0  0000BF
MacExecuteCommands@buffer                                 cstackBANK0  0000B4
MacExecuteCommands@done                                   cstackBANK0  0000B9
MacExecuteCommands@fOptsLen                               cstackBANK0  0000B6
MacExecuteCommands@ptr                                    cstackBANK0  0000BA
PrepareJoinRequestFrame@bufferIndex                       cstackBANK0  0000EE
PrepareJoinRequestFrame@iCtr                              cstackBANK0  0000ED
PrepareJoinRequestFrame@mhdr                              cstackBANK0  0000EC
PrepareJoinRequestFrame@mic                               cstackBANK0  0000E8
PrepareSessionKeys@appNonce                               cstackBANK0  000070
PrepareSessionKeys@index                                  cstackBANK0  000074
PrepareSessionKeys@networkId                              cstackBANK0  000072
PrepareSessionKeys@sessionKey                             cstackBANK0  00006E
RADIO_DIO0@dioMapping                                     cstackBANK1  00016D
RADIO_DIO0@opMode                                         cstackBANK1  00016E
RADIO_DIO1@dioMapping                                     cstackBANK0  0000D0
RADIO_DIO2@dioMapping                                     cstackBANK0  000080
RADIO_DIO2@opMode                                         cstackBANK0  00007F
RADIO_DIO3@dioMapping                                     cstackBANK0  00006A
RADIO_DIO4@dioMapping                                     cstackBANK0  00006B
RADIO_DIO5@dioMapping                                     cstackBANK0  00006A
RADIO_FHSSChangeChannel@irqFlags                          cstackBANK0  00007D
RADIO_FSKPacketSent@irqFlags                              cstackBANK0  0000F3
RADIO_FSKPacketSent@timeOnAir                             cstackBANK0  0000EB
RADIO_FSKPayloadReady@i                                   cstackBANK0  0000F2
RADIO_FSKPayloadReady@irqFlags                            cstackBANK0  0000F1
RADIO_Init@frequency                                      cstackBANK0  00007F
RADIO_Init@radioBuffer                                    cstackBANK0  00007D
RADIO_ReadRandom@i                                        cstackBANK0  000075
RADIO_ReadRandom@retVal                                   cstackBANK0  000073
RADIO_ReceiveStart@rxWindowSize                           cstackBANK0  0000B5
RADIO_RegisterRead@readValue                              cstackBANK0  000067
RADIO_RegisterRead@reg                                    cstackBANK0  000066
RADIO_RegisterWrite@reg                                   cstackBANK0  000067
RADIO_RegisterWrite@value                                 cstackBANK0  000066
RADIO_RxDone@i                                            cstackBANK0  0000F2
RADIO_RxDone@irqFlags                                     cstackBANK0  0000F1
RADIO_SetBandwidth@bandwidth                              cstackBANK0  000064
RADIO_SetCRC@crc                                          cstackBANK0  000064
RADIO_SetChannelFrequency@frequency                       cstackBANK0  000064
RADIO_SetFSKSyncWord@syncWord                             cstackBANK0  00006E
RADIO_SetFSKSyncWord@syncWordLen                          cstackBANK0  000070
RADIO_SetFrequencyHopPeriod@frequencyHopPeriod            cstackBANK0  000064
RADIO_SetIQInverted@iqInverted                            cstackBANK0  000064
RADIO_SetLoRaSyncWord@syncWord                            cstackBANK0  000064
RADIO_SetModulation@modulation                            cstackBANK0  000064
RADIO_SetOutputPower@power                                cstackBANK0  000064
RADIO_SetSpreadingFactor@spreadingFactor                  cstackBANK0  000064
RADIO_Transmit@buffer                                     cstackBANK0  0000B5
RADIO_Transmit@bufferLen                                  cstackBANK0  0000B7
RADIO_Transmit@i                                          cstackBANK0  0000C5
RADIO_Transmit@regValue                                   cstackBANK0  0000C4
RADIO_TxDone@timeOnAir                                    cstackBANK0  0000EB
RADIO_UnhandledInterrupt@modulation                       cstackBANK0  000068
RADIO_WriteConfiguration@i                                cstackBANK0  0000AF
RADIO_WriteConfiguration@regValue                         cstackBANK0  0000B4
RADIO_WriteConfiguration@symbolTimeout                    cstackBANK0  0000AA
RADIO_WriteConfiguration@tempValue                        cstackBANK0  0000B0
RADIO_WriteFSKBitRate@bitRate                             cstackBANK0  000071
RADIO_WriteFSKBitRate@num                                 cstackBANK0  000075
RADIO_WriteFSKFrequencyDeviation@frequencyDeviation       cstackBANK0  000071
RADIO_WriteFSKFrequencyDeviation@num                      cstackBANK0  000075
RADIO_WriteFrequency@frequency                            cstackBANK0  000071
RADIO_WriteFrequency@num                                  cstackBANK0  000079
RADIO_WriteFrequency@num_mod                              cstackBANK0  000075
RADIO_WriteMode@blocking                                  cstackBANK0  00006A
RADIO_WriteMode@currentMode                               cstackBANK0  00006D
RADIO_WriteMode@currentModulation                         cstackBANK0  00006B
RADIO_WriteMode@dioMapping                                cstackBANK0  00006C
RADIO_WriteMode@newMode                                   cstackBANK0  00006E
RADIO_WriteMode@newModulation                             cstackBANK0  000069
RADIO_WriteMode@opMode                                    cstackBANK0  00006F
RADIO_WritePower@ocp                                      cstackBANK0  000068
RADIO_WritePower@paDac                                    cstackBANK0  000069
RADIO_WritePower@power                                    cstackBANK0  00006A
Random@max                                                cstackBANK0  0000B1
RxDataDone@dataLength                                     cstackBANK0  000069
RxDataDone@pData                                          cstackBANK0  000067
RxDataDone@status                                         cstackBANK0  00006A
SPI2_Exchange8bit@data                                    cstackBANK0  000064
SearchAvailableChannel@channelIndex                       cstackBANK0  0000B4
SearchAvailableChannel@i                                  cstackBANK0  0000BE
SearchAvailableChannel@maxChannels                        cstackBANK0  0000BC
SearchAvailableChannel@randomNumber                       cstackBANK0  0000BD
SearchAvailableChannel@randomNumberCopy                   cstackBANK0  0000BA
SearchAvailableChannel@result                             cstackBANK0  0000BB
SearchAvailableChannel@transmissionType                   cstackBANK0  0000B3
SelectChannelForTransmission@channelIndex                 cstackBANK0  0000C1
SelectChannelForTransmission@result                       cstackBANK0  0000C0
SelectChannelForTransmission@transmissionType             cstackBANK0  0000BF
StartReTxTimer@i                                          cstackBANK0  0000A6
StartReTxTimer@minim                                      cstackBANK0  0000A2
SwTimerCreate@retVal                                      cstackBANK0  000064
SwTimerIsRunning@isRunning                                cstackBANK0  000065
SwTimerIsRunning@timerId                                  cstackBANK0  000064
SwTimerReadValue@ticksCount                               cstackBANK0  000099
SwTimerReadValue@timerId                                  cstackBANK0  00009D
SwTimerSetCallback@callback                               cstackBANK0  000064
SwTimerSetCallback@callbackParameter                      cstackBANK0  000066
SwTimerSetCallback@timerId                                cstackBANK0  000067
SwTimerSetTimeout@timeout                                 cstackBANK0  000071
SwTimerSetTimeout@timerId                                 cstackBANK0  000079
SwTimerStart@ticksRemaining                               cstackBANK0  000099
SwTimerStart@timerId                                      cstackBANK0  00009D
SwTimerStop@timerId                                       cstackBANK0  000064
SwTimersExecute@i                                         cstackBANK0  0000F2
SwTimersInterrupt@i                                       cstackBANK0  000094
SwTimersInterrupt@ticksToNextTimerEvent                   cstackBANK0  000090
SwTimersInterrupt@timeElapsed                             cstackBANK0  00008C
SystemBlockingWaitMs@ms                                   cstackBANK0  000064
TMR1_ReadTimer@readVal                                    cstackBANK0  000068
TMR1_ReadTimer@readValHigh                                cstackBANK0  00006A
TMR1_ReadTimer@readValLow                                 cstackBANK0  00006B
TMR1_SetInterruptHandler@InterruptHandler                 cstackBANK0  000064
TMR1_WriteTimer@timerVal                                  cstackBANK0  000064
TMR_GetDeltaTime@retVal                                   bssBANK1     00016F
TMR_GetDeltaTime@tmrVal                                   bssCOMRAM    000044
TMR_OverrideRemaining@oldReloadVal                        cstackBANK0  000076
TMR_OverrideRemaining@ticksRemaining                      cstackBANK0  00006E
TMR_OverrideRemaining@tmrVal                              cstackBANK0  000074
TMR_SwapTimer@oldVal                                      bssCOMRAM    000046
TMR_SwapTimer@retVal                                      bssCOMRAM    000048
TMR_SwapTimer@timerVal                                    cstackBANK0  00006C
UpdateCfList@bufferLength                                 cstackBANK0  0000AC
UpdateCfList@channelIndex                                 cstackBANK0  0000B1
UpdateCfList@frequency                                    cstackBANK0  0000AD
UpdateCfList@i                                            cstackBANK0  0000B2
UpdateCfList@joinAccept                                   cstackBANK0  0000AA
UpdateChannelIdStatus@channelId                           cstackBANK0  000066
UpdateChannelIdStatus@i                                   cstackBANK0  000067
UpdateChannelIdStatus@statusNew                           cstackBANK0  000064
UpdateCurrentDataRate@valueNew                            cstackBANK0  000064
UpdateDLSettings@dlRx1DrOffset                            cstackBANK0  000064
UpdateDLSettings@dlRx2Dr                                  cstackBANK0  000065
UpdateDataRange@channelId                                 cstackBANK0  000066
UpdateDataRange@dataRangeNew                              cstackBANK0  000064
UpdateDataRange@i                                         cstackBANK0  000067
UpdateDutyCycle@channelId                                 cstackBANK0  000066
UpdateDutyCycle@dutyCycleNew                              cstackBANK0  000064
UpdateFrequency@channelId                                 cstackBANK0  000068
UpdateFrequency@frequencyNew                              cstackBANK0  000064
UpdateJoinInProgress@state                                cstackBANK0  000064
UpdateMinMaxChDataRate@i                                  cstackBANK0  000065
UpdateReceiveDelays@delay                                 cstackBANK0  00006A
UpdateReceiveWindow2Parameters@dataRate                   cstackBANK0  000068
UpdateReceiveWindow2Parameters@frequency                  cstackBANK0  000064
UpdateTxPower@txPowerNew                                  cstackBANK0  000064
[...]
      Temps:          0       0       0       0       0       0       0       0       0       0       0       0       0       0       0       0       0
      Totals:         0       0       0       0       0       0       0       0       0       0       0       0       0       0       0       0       0
Total ram usage:        0 bytes
 Hardware stack levels used:    1
 Hardware stack levels required when called:    1
 This function calls:
		Absolute function
		_DIO0_ISR_Lora
		_INT1_DefaultInterruptHandler
 This function is called by:
		_INT1_ISR
 This function uses a non-reentrant model


 *************** function _DIO0_ISR_Lora *****************
 Defined at:
		line 63 in file "mcc_generated_files/LoRaWAN/interrupt_manager_lora_addons.c"
 Parameters:    Size  Location     Type
		None
 Auto vars:     Size  Location     Type
		None
 Return value:  Size  Location     Type
                  1    wreg      void 
 Registers used:
		status,2, status,0
 Tracked objects:
		On entry : 
		On exit  : 
		Unchanged: 
 Data sizes:     COMRAM   BANK0   BANK1   BANK2   BANK3   BANK4   BANK5   BANK6   BANK7   BANK8   BANK9  BANK10  BANK11  BANK12  BANK13  BANK14  BANK15
      Params:         0       0       0       0       0       0       0       0       0       0       0       0       0       0       0       0       0
      Locals:         0       0       0       0       0       0       0       0       0       0       0       0       0       0       0       0       0
      Temps:          0       0       0       0       0       0       0       0       0       0       0       0       0       0       0       0       0
      Totals:         0       0       0       0       0       0       0       0       0       0       0       0       0       0       0       0       0
Total ram usage:        0 bytes
 Hardware stack levels used:    1
 This function calls:
		Nothing
 This function is called by:
		_DIO0_ISR_Lora_Init
		_INT1_CallBack
 This function uses a non-reentrant model


 *************** function _INT1_DefaultInterruptHandler *****************
 Defined at:
		line 79 in file "mcc_generated_files/ext_int.c"
 Parameters:    Size  Location     Type
		None
 Auto vars:     Size  Location     Type
		None
 Return value:  Size  Location     Type
                  1    wreg      void 
 Registers used:
		None
 Tracked objects:
		On entry : 
		On exit  : 
		Unchanged: 
 Data sizes:     COMRAM   BANK0   BANK1   BANK2   BANK3   BANK4   BANK5   BANK6   BANK7   BANK8   BANK9  BANK10  BANK11  BANK12  BANK13  BANK14  BANK15
      Params:         0       0       0       0       0       0       0       0       0       0       0       0       0       0       0       0       0
      Locals:         0       0       0       0       0       0       0       0       0       0       0       0       0       0       0       0       0
      Temps:          0       0       0       0       0       0       0       0       0       0       0       0       0       0       0       0       0
      Totals:         0       0       0       0       0       0       0       0       0       0       0       0       0       0       0       0       0
Total ram usage:        0 bytes
 Hardware stack levels used:    1
 This function calls:
		Nothing
 This function is called by:
		_EXT_INT_Initialize
		_INT1_CallBack
 This function uses a non-reentrant model



MODULE INFORMATION

Module		Function		Class		Link	Load	Size
mcc_generated_files/LoRaWAN/lorawan.c
		_UpdateReceiveWindow2Parameters		CODE           	A196	0000	23
		_ExecuteRxTimingSetup		CODE           	9D76	0000	45
		_ComputeMic    		CODE           	8E5C	0000	111
		_SetReceptionNotOkState		CODE           	8742	0000	149
		_PrepareJoinRequestFrame		CODE           	5240	0000	517
		_LORAWAN_ReceiveWindow2Callback		CODE           	7882	0000	235
		_LORAWAN_LinkCheckConfigure		CODE           	6178	0000	377
		_LORAWAN_SetApplicationSessionKey		CODE           	9A20	0000	57
		_CountfOptsLength		CODE           	72A0	0000	259
		_AssembleEncryptionBlock		CODE           	6C1E	0000	309
		_UpdateCurrentDataRate		CODE           	A342	0000	11
		_UnconfirmedTransmissionCallback		CODE           	8A0A	0000	133
		_LORAWAN_SetNetworkSessionKey		CODE           	99E8	0000	57
		_MacExecuteCommands		CODE           	3456	0000	901
		_IncludeMacCommandsResponse		CODE           	1D66	0000	1373
		_LORAWAN_GetMaxPayloadSize		CODE           	8F36	0000	105
		_CheckMcastFlags		CODE           	8866	0000	145
		_SetJoinFailState		CODE           	9A58	0000	57
		_LORAWAN_SetCurrentDataRate		CODE           	9B68	0000	53
		_AckRetransmissionCallback		CODE           	699C	0000	325
		_PrepareSessionKeys		CODE           	796C	0000	231
		_UpdateMinMaxChDataRate		CODE           	709A	0000	261
		_EncryptFRMPayload		CODE           	5444	0000	507
		_ResetParametersForUnconfirmedTransmission		CODE           	A17E	0000	25
		_AutomaticReplyCallback		CODE           	9D4A	0000	45
		_ResetParametersForConfirmedTransmission		CODE           	A1AC	0000	23
		_FindSmallestDataRate		CODE           	719E	0000	259
		_LORAWAN_SetDeviceAddress		CODE           	A164	0000	27
		_UpdateTxPower 		CODE           	A32E	0000	11
		_CheckFlags    		CODE           	906C	0000	101
		_ExtractMic    		CODE           	8C12	0000	125
		_LORAWAN_ReceiveWindow1Callback		CODE           	7A52	0000	197
		_LORAWAN_Send  		CODE           	769C	0000	249
		_LORAWAN_Join  		CODE           	7D54	0000	189
		_LORAWAN_GetState		CODE           	A3A4	0000	9
		_ConfigureRadioRx		CODE           	9DF6	0000	43
		_UpdateReceiveDelays		CODE           	95F8	0000	77
		_ComputeSessionKeys		CODE           	803E	0000	183
		_LORAWAN_LinkCheckCallback		CODE           	5CF2	0000	391
		_UpdateJoinSuccessState		CODE           	65B0	0000	341
		_LORAWAN_EnterContinuousReceive		CODE           	8982	0000	137
		_ExecuteLinkCheck		CODE           	9C02	0000	51
		_LORAWAN_Mainloop		CODE           	9872	0000	65
		_AssemblePacket		CODE           	27BC	0000	1131
		_UpdateRetransmissionAckTimeoutState		CODE           	8B96	0000	125
		_Random        		CODE           	9FBA	0000	35
		_LORAWAN_RxDone		CODE           	0088	0000	3761
		_UpdateJoinInProgress		CODE           	A0D2	0000	31

mcc_generated_files/LoRaWAN/lorawan.c estimated size: 13872

mcc_generated_files/LoRaWAN/interrupt_manager_lora_addons.c
		_INTERRUPT_GetDioStatus		CODE           	A22E	0000	19
		_DIO0_ISR_Lora 		CODE           	A3F6	0000	5
		_DIO1_ISR_Lora 		CODE           	A3F2	0000	5
		_DIO2_ISR_Lora 		CODE           	A3EE	0000	5

mcc_generated_files/LoRaWAN/interrupt_manager_lora_addons.c estimated size: 34

mcc_generated_files/LoRaWAN/lorawan_aes.c
		_AESEncodeLoRa 		CODE           	99AC	0000	61

mcc_generated_files/LoRaWAN/lorawan_aes.c estimated size: 61

C:\Program Files (x86)\Microchip\xc8\v1.38\sources\common\lwmod.c
		___lwmod       		CODE           	9132	0000	99

C:\Program Files (x86)\Microchip\xc8\v1.38\sources\common\lwmod.c estimated size: 99

C:\Program Files (x86)\Microchip\xc8\v1.38\sources\common\memcpy.c
		_memcpy        		CODE           	9194	0000	99

C:\Program Files (x86)\Microchip\xc8\v1.38\sources\common\memcpy.c estimated size: 99

C:\Program Files (x86)\Microchip\xc8\v1.38\sources\common\rand.c
		_srand         		CODE           	A274	0000	17
		_rand          		CODE           	92B4	0000	95

C:\Program Files (x86)\Microchip\xc8\v1.38\sources\common\rand.c estimated size: 112

C:\Program Files (x86)\Microchip\xc8\v1.38\sources\common\llmod.c
		___llmod       		CODE           	8612	0000	155

C:\Program Files (x86)\Microchip\xc8\v1.38\sources\common\llmod.c estimated size: 155

C:\Program Files (x86)\Microchip\xc8\v1.38\sources\common\Umul16.c
		___wmul        		CODE           	9AC8	0000	55

C:\Program Files (x86)\Microchip\xc8\v1.38\sources\common\Umul16.c estimated size: 55

mcc_generated_files/LoRaWAN/sw_timer.c
		_SwTimerStop   		CODE           	9E72	0000	41
		_SwTimerStart  		CODE           	8396	0000	161
		_TMR_GetDeltaTime		CODE           	563E	0000	503
		_SwTimerReadValue		CODE           	98B2	0000	65
		_SwTimerIsRunning		CODE           	9CF0	0000	47
		_SwTimerCreate 		CODE           	86AC	0000	151
		_TMR_OverrideRemaining		CODE           	824C	0000	171
		_TMR_SwapTimer 		CODE           	97EC	0000	69
		_SwTimerSetCallback		CODE           	9760	0000	71
		_SwTimerSetTimeout		CODE           	9466	0000	85
		_SwTimersInterrupt		CODE           	6D52	0000	295
		_SystemBlockingWaitMs		CODE           	9AFE	0000	55
		_SwTimersExecute		CODE           	75A4	0000	249
		_SystemTimerInit		CODE           	A39C	0000	9

mcc_generated_files/LoRaWAN/sw_timer.c estimated size: 1972

mcc_generated_files/interrupt_manager.c
		_INTERRUPT_Initialize		CODE           	A3D6	0000	5
		_INTERRUPT_InterruptManager		CODE           	0008	0000	121

mcc_generated_files/interrupt_manager.c estimated size: 126

mcc_generated_files/pin_manager.c
		_IOCB4_DefaultInterruptHandler		CODE           	A402	0000	3
		_PIN_MANAGER_Initialize		CODE           	8DEE	0000	111
		_IOCB5_ISR     		CODE           	9F08	0000	37
		_IOCB5_DefaultInterruptHandler		CODE           	A400	0000	3
		_PIN_MANAGER_IOC		CODE           	A294	0000	17
		_IOCB4_SetInterruptHandler		CODE           	A2FC	0000	11
		_IOCB4_ISR     		CODE           	9F2C	0000	37
		_IOCB5_SetInterruptHandler		CODE           	A2E8	0000	11

mcc_generated_files/pin_manager.c estimated size: 230

C:\Program Files (x86)\Microchip\xc8\v1.38\sources\common\awdiv.c
		___awdiv       		CODE           	7C96	0000	191

C:\Program Files (x86)\Microchip\xc8\v1.38\sources\common\awdiv.c estimated size: 191

mcc_generated_files/LoRaWAN/lorawan_init.c
		_DIO0_ISR_Lora_Init		CODE           	A20A	0000	19
		_DIO1_ISR_Lora_Init		CODE           	A1F8	0000	19
		_DIO2_ISR_Lora_Init		CODE           	A1E6	0000	19
		_DIO3_ISR_Lora_Init		CODE           	A3FC	0000	3
		_DIO4_ISR_Lora_Init		CODE           	A3FA	0000	3
		_LORAWAN_PlatformInit		CODE           	9F98	0000	35
		_DIO5_ISR_Lora_Init		CODE           	A1D4	0000	19

mcc_generated_files/LoRaWAN/lorawan_init.c estimated size: 117

mcc_generated_files/LoRaWAN/radio_driver_hal.c
		_HALDIO5PinValue		CODE           	A2DC	0000	13
		_HALResetPinMakeInput		CODE           	A3EA	0000	5
		_HALResetPinMakeOutput		CODE           	A3E6	0000	5
		_HALResetPinOutputValue		CODE           	A0F0	0000	31
		_HALSPISend    		CODE           	A2C0	0000	15
		_HALSPICSDeassert		CODE           	A3DE	0000	5
		_HALSPICSAssert		CODE           	A3E2	0000	5

mcc_generated_files/LoRaWAN/radio_driver_hal.c estimated size: 79

C:\Program Files (x86)\Microchip\xc8\v1.38\sources\common\Umul32.c
		___lmul        		CODE           	8D04	0000	119

C:\Program Files (x86)\Microchip\xc8\v1.38\sources\common\Umul32.c estimated size: 119

mcc_generated_files/LoRaWAN/lorawan_aes_cmac.c
		_GenerateSubkey		CODE           	5B6A	0000	393
		_AESCmac       		CODE           	2C26	0000	1119
		_FillSubKey    		CODE           	8B12	0000	133

mcc_generated_files/LoRaWAN/lorawan_aes_cmac.c estimated size: 1645

C:\Program Files (x86)\Microchip\xc8\v1.38\sources\common\lldiv.c
		___lldiv       		CODE           	7E10	0000	189

C:\Program Files (x86)\Microchip\xc8\v1.38\sources\common\lldiv.c estimated size: 189

mcc_generated_files/LoRaWAN/radio_driver_SX1276.c
		_RADIO_ReceiveStart		CODE           	4940	0000	615
		_RADIO_Init    		CODE           	502E	0000	531
		_RADIO_SetSpreadingFactor		CODE           	A36A	0000	11
		_RADIO_WriteConfiguration		CODE           	17F6	0000	1393
		_RADIO_RxFSKTimeout		CODE           	9970	0000	61
		_RADIO_WriteFSKBitRate		CODE           	8F9E	0000	105
		_RADIO_WriteMode		CODE           	6AE0	0000	319
		_RADIO_Reset   		CODE           	97A6	0000	71
		_RADIO_GetStatus		CODE           	A3C2	0000	7
		_RADIO_RxDone  		CODE           	7794	0000	239
		_RADIO_WriteFSKFrequencyDeviation		CODE           	8ECA	0000	109
		_RADIO_GetPacketSnr		CODE           	A3BC	0000	7
		_RADIO_SetModulation		CODE           	A374	0000	11
		_RADIO_RegisterWrite		CODE           	9FFC	0000	33
		_RADIO_ReadRandom		CODE           	7ECC	0000	187
		_RADIO_ReleaseData		CODE           	A3C8	0000	7
		_RADIO_FSKPacketSent		CODE           	6704	0000	339
		_RADIO_RegisterRead		CODE           	9E4A	0000	41
		_RADIO_SetBandwidth		CODE           	A388	0000	11
		_RADIO_ReceiveStop		CODE           	9FDC	0000	33
		_RADIO_DIO0    		CODE           	82F6	0000	161
		_RADIO_DIO1    		CODE           	9312	0000	87
		_RADIO_DIO2    		CODE           	9256	0000	95
		_RADIO_DIO3    		CODE           	9EC0	0000	37
		_RADIO_DIO4    		CODE           	9932	0000	63
		_RADIO_DIO5    		CODE           	9C94	0000	47
		_RADIO_FHSSChangeChannel		CODE           	968E	0000	71
		_RADIO_TxDone  		CODE           	6856	0000	327
		_RADIO_SetFrequencyHopPeriod		CODE           	A37E	0000	11
		_RADIO_FSKPayloadReady		CODE           	7BD8	0000	191
		_RADIO_SetLoRaSyncWord		CODE           	A392	0000	11
		_RADIO_SetIQInverted		CODE           	A356	0000	11
		_RADIO_SetFSKSyncWord		CODE           	9A90	0000	57
		_RADIO_RxTimeout		CODE           	9CC2	0000	47
		_RADIO_WritePower		CODE           	6E78	0000	285
		_RADIO_SetOutputPower		CODE           	A34C	0000	11
		_RADIO_WatchdogTimeout		CODE           	955E	0000	79
		_RADIO_SetChannelFrequency		CODE           	7F86	0000	185
		_RADIO_Transmit		CODE           	4BA6	0000	611
		_RADIO_UnhandledInterrupt		CODE           	9B34	0000	53
		_RADIO_SetCRC  		CODE           	A360	0000	11
		_RADIO_WriteFrequency		CODE           	73A2	0000	259

mcc_generated_files/LoRaWAN/radio_driver_SX1276.c estimated size: 6840

mcc_generated_files/ext_int.c
		_INT0_SetInterruptHandler		CODE           	A31A	0000	11
		_INT1_SetInterruptHandler		CODE           	A310	0000	11
		_EXT_INT_Initialize		CODE           	9830	0000	67
		_INT2_SetInterruptHandler		CODE           	A306	0000	11
		_INT1_DefaultInterruptHandler		CODE           	A406	0000	3
		_INT1_CallBack 		CODE           	9F74	0000	37
		_INT2_DefaultInterruptHandler		CODE           	A404	0000	3
		_INT2_CallBack 		CODE           	9F50	0000	37
		_INT1_ISR      		CODE           	A3B4	0000	9
		_INT2_ISR      		CODE           	A3AC	0000	9

mcc_generated_files/ext_int.c estimated size: 198

mcc_generated_files/LoRaWAN/tmr_lora_addons.c
		_TMR_ISR_Lora_Init		CODE           	A1C2	0000	19
		_TMR_ISR_lora  		CODE           	9368	0000	87

mcc_generated_files/LoRaWAN/tmr_lora_addons.c estimated size: 106

shared
		_spreadingFactor		MEDIUMCONST    	FF95	0000	8
		_maxPayloadSize		MEDIUMCONST    	FF67	0000	9
		_DefaultChannels433		MEDIUMCONST    	FFA8	0000	43
		_FskSyncWordBuff		MEDIUMCONST    	FFFC	0000	4
		_rxWindowSize  		MEDIUMCONST    	FF7F	0000	9
		i2_TMR_SwapTimer		CODE           	98F2	0000	65
		i2_TMR1_ReadTimer		CODE           	A10E	0000	31
		_DefaultChannels868		MEDIUMCONST    	FFD2	0000	43
		_macEndDevCmdReplyLen		MEDIUMCONST    	FF8E	0000	8
		__initialization		CODE           	7B16	0000	189
		_txPower433    		MEDIUMCONST    	0000	0000	0
		_txPower868    		MEDIUMCONST    	FFA2	0000	7
		i2_TMR1_WriteTimer		CODE           	A148	0000	29
		_rxWindowOffset		MEDIUMCONST    	FF77	0000	9
		_STable        		MEDIUMCONST    	FE67	0000	257
		_modulation    		MEDIUMCONST    	FF6F	0000	9
		i2_SwTimersInterrupt		CODE           	74A4	0000	257
		_bandwidth     		MEDIUMCONST    	FF87	0000	8
		i2_TMR_GetDeltaTime		CODE           	5E78	0000	391

shared estimated size: 1376

mcc_generated_files/LoRaWAN/lorawan_eu.c
		_ExecuteNewChannel		CODE           	4182	0000	739
		_ExecuteLinkAdr		CODE           	37DA	0000	861
		_UpdateDataRange		CODE           	62F0	0000	355
		_UpdateDutyCycle		CODE           	971A	0000	71
		_ValidateChannelMaskCntl		CODE           	9DCC	0000	43
		_LORAWAN_RxTimeout		CODE           	3084	0000	979
		_ValidateChannelId		CODE           	9C34	0000	49
		_InitDefault433Channels		CODE           	84D6	0000	161
		_DutyCycleCallback		CODE           	3E6E	0000	789
		_InitDefault868Channels		CODE           	8436	0000	161
		_SelectChannelForTransmission		CODE           	8C8E	0000	119
		_ValidateChannelMask		CODE           	8D7A	0000	117
		_ValidateDataRate		CODE           	A0B4	0000	31
		_ValidateRxOffset		CODE           	A078	0000	31
		_ValidateDataRange		CODE           	93BE	0000	85
		_SetCallbackSoftwareTimers		CODE           	6F94	0000	263
		_StartReTxTimer		CODE           	5834	0000	413
		_SearchAvailableChannel		CODE           	6452	0000	351
		_EnableChannels		CODE           	A096	0000	31
		_UpdateFrequency		CODE           	96D4	0000	71
		_ValidateFrequency		CODE           	8A8E	0000	133
		_EnableChannels1		CODE           	88F6	0000	141
		_ExecuteRxParamSetupReq		CODE           	4464	0000	631
		_UpdateDLSettings		CODE           	A05A	0000	31
		_GetRx1Freq    		CODE           	A21C	0000	19
		_ValidateTxPower		CODE           	9C64	0000	49
		_LORAWAN_Init  		CODE           	9006	0000	103
		_ConfigureRadioTx		CODE           	9412	0000	85
		_LORAWAN_Reset 		CODE           	4E08	0000	551
		_ExecuteDutyCycle		CODE           	90D0	0000	99
		_UpdateCfList  		CODE           	46DA	0000	615
		_LORAWAN_SetChannelIdStatus		CODE           	91F6	0000	97
		_StopAllSoftwareTimers		CODE           	94BA	0000	83
		_UpdateChannelIdStatus		CODE           	5FFE	0000	379
		_ConfigureRadio		CODE           	81A0	0000	173
		_LORAWAN_TxDone		CODE           	0F38	0000	2239
		_ExecuteDevStatus		CODE           	A338	0000	11
		_CreateAllSoftwareTimers		CODE           	950C	0000	83

mcc_generated_files/LoRaWAN/lorawan_eu.c estimated size: 11242

mcc_generated_files/mcc.c
		_OSCILLATOR_Initialize		CODE           	A2A4	0000	15
		_SYSTEM_Initialize		CODE           	A03C	0000	31

mcc_generated_files/mcc.c estimated size: 46

C:\Program Files (x86)\Microchip\xc8\v1.38\sources\common\memset.c
		_memset        		CODE           	9B9C	0000	53

C:\Program Files (x86)\Microchip\xc8\v1.38\sources\common\memset.c estimated size: 53

mcc_generated_files/tmr1.c
		_TMR1_Initialize		CODE           	9BD0	0000	51
		_TMR1_SetInterruptHandler		CODE           	A2F2	0000	11
		_TMR1_DefaultInterruptHandler		CODE           	A3FE	0000	3
		_TMR1_CallBack 		CODE           	9EE4	0000	37
		_TMR1_WriteTimer		CODE           	A01C	0000	33
		_TMR1_StartTimer		CODE           	A3D2	0000	5
		_TMR1_ReadTimer		CODE           	9E9A	0000	39
		_TMR1_ISR      		CODE           	A284	0000	17

mcc_generated_files/tmr1.c estimated size: 196

mcc_generated_files/LoRaWAN/AES.c
		_AESEncode     		CODE           	22C2	0000	1275
		_EncKeySchedule		CODE           	3B36	0000	825
		_EncodeShiftRow		CODE           	59D0	0000	411

mcc_generated_files/LoRaWAN/AES.c estimated size: 2511

mcc_generated_files/spi2.c
		_SPI2_Exchange8bit		CODE           	A240	0000	19
		_SPI2_Initialize		CODE           	A2B2	0000	15

mcc_generated_files/spi2.c estimated size: 34

C:\Program Files (x86)\Microchip\xc8\v1.38\sources\common\abdiv.c
		___abdiv       		CODE           	8576	0000	157

C:\Program Files (x86)\Microchip\xc8\v1.38\sources\common\abdiv.c estimated size: 157

main.c
		_LoRaSleep     		CODE           	9DA2	0000	43
		_readAndSend   		CODE           	9D1E	0000	45
		_LoRaWakeUp    		CODE           	A324	0000	11
		_main          		CODE           	80F4	0000	173
		_IO_pins_init  		CODE           	A252	0000	19
		_SysConfigSleep		CODE           	87D6	0000	145
		_RxJoinResponse		CODE           	A3DA	0000	5
		_ADC_Read      		CODE           	95AC	0000	77
		_ADC_SelChannel		CODE           	A12C	0000	29
		_RxDataDone    		CODE           	9644	0000	75
		_ADC_Init      		CODE           	A2CE	0000	15

main.c estimated size: 637

