Microchip MPLAB XC8 Compiler V1.38 ()

Linker command line:

-W-3 --edf=C:\Program Files (x86)\Microchip\xc8\v1.38\dat\en_msgs.txt -cs \
  -h+dist/default/production\ZZZZZZ.production.sym \
  --cmf=dist/default/production\ZZZZZZ.production.cmf -z -Q18LF46K22 \
  -oC:\Users\user\AppData\Local\Temp\s8ms.2 \
  -Mdist/default/production/ZZZZZZ.production.map -E1 -ver=XC8 \
  -ASTACK=06FEh-0f37h -pstack=STACK -ACODE=00h-0FFFFh -ACONST=00h-0FFFFh \
  -ASMALLCONST=01000h-010FFhx240 -AMEDIUMCONST=01000h-0FFFFh \
  -ACOMRAM=01h-05Fh -AABS1=00h-0F37h -ABIGRAM=01h-0F37h \
  -ARAM=060h-0FFh,0100h-01FFhx14,0F00h-0F37h -ABANK0=060h-0FFh \
  -ABANK1=0100h-01FFh -ABANK2=0200h-02FFh -ABANK3=0300h-03FFh \
  -ABANK4=0400h-04FFh -ABANK5=0500h-05FFh -ABANK6=0600h-06FFh \
  -ABANK7=0700h-07FFh -ABANK8=0800h-08FFh -ABANK9=0900h-09FFh \
  -ABANK10=0A00h-0AFFh -ABANK11=0B00h-0BFFh -ABANK12=0C00h-0CFFh \
  -ABANK13=0D00h-0DFFh -ABANK14=0E00h-0EFFh -ABANK15=0F00h-0F37h \
  -ASFR=0F38h-0F5Fh,0F60h-0FFFh \
  -preset_vec=00h,intcode=08h,intcodelo,powerup,init,end_init \
  -pramtop=01000h -psmallconst=SMALLCONST -pmediumconst=MEDIUMCONST \
  -pconst=CONST -AFARRAM=00h-00h -ACONFIG=0300000h-030000Dh -pconfig=CONFIG \
  -AIDLOC=0200000h-0200007h -pidloc=IDLOC -AEEDATA=0F00000h-0F003FFh \
  -peeprom_data=EEDATA \
  -prdata=COMRAM,nvrram=COMRAM,nvbit=COMRAM,rbss=COMRAM,rbit=COMRAM \
  -pfarbss=FARRAM,fardata=FARRAM,nvFARRAM=FARRAM \
  -pintsave_regs=BIGRAM,bigbss=BIGRAM,bigdata=BIGRAM -pbss=RAM \
  -pidata=CODE,irdata=CODE,ibigdata=CODE,ifardata=CODE -prparam=COMRAM \
  C:\Users\user\AppData\Local\Temp\s8ms.obj \
  dist/default/production\ZZZZZZ.production.obj 

Object code version is 3.11

Machine type is 18LF46K22

Call graph: (short form)




                Name                               Link     Load   Length Selector   Space Scale
C:\Users\user\AppData\Local\Temp\s8ms.obj
                stack                               6FE      6FE      83A      6FE       2
                end_init                             84       84        4        4       0
                init                                 80       80        4        4       0
                reset_vec                             0        0        4        0       0
                idloc                            200000   200000        8   200000       0
                config                           300000   300000        E   300000       0
dist/default/production\ZZZZZZ.production.obj
                intcode                               8        8       78        4       0
                temp                                 4A       4A        C        1       1
                mediumconst                        FD24     FD24      2DC     7E92       0
                text227                            7AE6     7AE6        2        4       0
                text226                            7AD2     7AD2        4        4       0
                text225                            7798     7798       1C        4       0
                text224                            7AA8     7AA8        6        4       0
                text223                            7AE4     7AE4        2        4       0
                text222                            7ACE     7ACE        4        4       0
                text221                            777C     777C       1C        4       0
                text220                            7AA2     7AA2        6        4       0
                text219                            7AE2     7AE2        2        4       0
                text218                            7ACA     7ACA        4        4       0
                text217                            7760     7760       1C        4       0
                text216                            7AE0     7AE0        2        4       0
                text215                            7744     7744       1C        4       0
                text214                            7928     7928       10        4       0
                text213                            76B6     76B6       1E        4       0
                text212                            4E00     4E00       F0        4       0
                text211                            50CA     50CA       EC        4       0
                text210                            7728     7728       1C        4       0
                text209                            6FB8     6FB8       3E        4       0
                text208                            6C7E     6C7E       4C        4       0
                text207                            7ADE     7ADE        2        4       0
                text206                            770C     770C       1C        4       0
                text205                            7538     7538       24        4       0
                text203                            7A7C     7A7C        8        4       0
                text202                            63F2     63F2       6A        4       0
                text201                            6AA8     6AA8       52        4       0
                text200                            69AA     69AA       58        4       0
                text199                            73E2     73E2       2A        4       0
                text198                            6590     6590       66        4       0
                text197                            652A     652A       66        4       0
                text196                            6EBC     6EBC       42        4       0
                text195                            7698     7698       1E        4       0
                text194                            4FDE     4FDE       EC        4       0
                text193                            4EF0     4EF0       EE        4       0
                text192                            76F0     76F0       1C        4       0
                text191                            6F7A     6F7A       3E        4       0
                text190                            61BA     61BA       7C        4       0
                text189                            5EB2     5EB2       88        4       0
                text188                            76D4     76D4       1C        4       0
                text187                            6236     6236       76        4       0
                text186                            372A     372A      19C        4       0
                text185                            7AC6     7AC6        4        4       0
                text184                            7AC2     7AC2        4        4       0
                text183                            78E2     78E2       14        4       0
                text182                            73B8     73B8       2A        4       0
                text181                            71B4     71B4       34        4       0
                text180                            7ABE     7ABE        4        4       0
                text179                            7ABA     7ABA        4        4       0
                text178                            7918     7918       10        4       0
                text177                            7A32     7A32        A        4       0
                text176                            767A     767A       1E        4       0
                text175                            6720     6720       62        4       0
                text174                            5296     5296       DC        4       0
                text173                            7A9C     7A9C        6        4       0
                text172                            7482     7482       26        4       0
                text171                            5372     5372       D8        4       0
                text170                            727E     727E       32        4       0
                text169                            38C6     38C6      196        4       0
                text168                            7A28     7A28        A        4       0
                text167                            6BE4     6BE4       4E        4       0
                text166                            599E     599E       B4        4       0
                text165                            3EDA     3EDA      15E        4       0
                text164                            60C0     60C0       7E        4       0
                text163                            5834     5834       B6        4       0
                text162                            7962     7962        E        4       0
                text161                            6840     6840       5E        4       0
                text160                            29BC     29BC      254        4       0
                text159                            3D78     3D78      162        4       0
                text158                            2132     2132      2F8        4       0
                text157                            7434     7434       28        4       0
                text156                            6D5E     6D5E       4A        4       0
                text155                            4B10     4B10      102        4       0
                text154                            1820     1820      31C        4       0
                text153                            6A02     6A02       54        4       0
                text152                            6F3C     6F3C       3E        4       0
                text151                            5F3A     5F3A       86        4       0
                text150                            6B96     6B96       4E        4       0
                text149                            75A0     75A0       22        4       0
                text148                            469E     469E      12E        4       0
                text147                            66BE     66BE       62        4       0
                text146                            665A     665A       64        4       0
                text145                            551A     551A       CE        4       0
                text144                            13A8     13A8      478        4       0
                text143                            3000     3000      1EE        4       0
                text142                            7A74     7A74        8        4       0
                text141                            5FC0     5FC0       82        4       0
                text140                            7338     7338       2C        4       0
                text139                            7A1E     7A1E        A        4       0
                text138                            7A6C     7A6C        8        4       0
                text137                            7A64     7A64        8        4       0
                text136                            5D98     5D98       8E        4       0
                text135                            7A14     7A14        A        4       0
                text134                            7A0A     7A0A        A        4       0
                text133                            7A5C     7A5C        8        4       0
                text132                            6DF0     6DF0       48        4       0
                text131                            51B6     51B6       E0        4       0
                text130                            6782     6782       60        4       0
                text129                            77CE     77CE       1A        4       0
                text128                            5E26     5E26       8C        4       0
                text127                            7954     7954        E        4       0
                text126                            745C     745C       26        4       0
                text125                            2C10     2C10      200        4       0
                text124                            765C     765C       1E        4       0
                text123                            7A96     7A96        6        4       0
                text122                            7946     7946        E        4       0
                text121                            7938     7938        E        4       0
                text120                            7ADC     7ADC        2        4       0
                text119                            64C4     64C4       66        4       0
                text118                            7A90     7A90        6        4       0
                text117                            75E2     75E2       20        4       0
                text116                            6EFE     6EFE       3E        4       0
                text115                             B18      B18      890        4       0
                text114                            3A5C     3A5C      192        4       0
                text113                            67E2     67E2       5E        4       0
                text112                            62AC     62AC       72        4       0
                text111                            613E     613E       7C        4       0
                text110                            6042     6042       7E        4       0
                text109                            6E7A     6E7A       42        4       0
                text108                            5778     5778       BC        4       0
                text107                            5B04     5B04       B2        4       0
                text106                            4190     4190      154        4       0
                text105                            5BB6     5BB6       A6        4       0
                text104                            7A8A     7A8A        6        4       0
                text103                            1E3A     1E3A      2F8        4       0
                text102                            1B3C     1B3C      2FE        4       0
                text101                            6C32     6C32       4C        4       0
                text100                            56B4     56B4       C4        4       0
                text99                             7A00     7A00        A        4       0
                text98                             6B48     6B48       4E        4       0
                text97                             4A0A     4A0A      106        4       0
                text96                             6952     6952       58        4       0
                text95                             78A4     78A4       16        4       0
                text94                             7A54     7A54        8        4       0
                text93                             7A4C     7A4C        8        4       0
                text92                             70DE     70DE       38        4       0
                text91                             7860     7860       18        4       0
                text90                             78CE     78CE       14        4       0
                text89                             757E     757E       22        4       0
                text88                             3578     3578      1B2        4       0
                text87                             724C     724C       32        4       0
                text86                             763E     763E       1E        4       0
                text85                             70A6     70A6       38        4       0
                text84                             4D0A     4D0A       F6        4       0
                text83                             721A     721A       32        4       0
                text82                             706C     706C       3A        4       0
                text81                             7180     7180       34        4       0
                text80                             689E     689E       5C        4       0
                text79                             33B6     33B6      1C2        4       0
                text78                             788E     788E       16        4       0
                text77                             78BA     78BA       14        4       0
                text76                             42E4     42E4      148        4       0
                text75                             6D14     6D14       4A        4       0
                text74                             7514     7514       24        4       0
                text73                             2E10     2E10      1F0        4       0
                text72                             6CCA     6CCA       4A        4       0
                text71                             79B8     79B8        C        4       0
                text70                             79F6     79F6        A        4       0
                text69                             48F8     48F8      112        4       0
                text68                             7848     7848       18        4       0
                text67                             74F0     74F0       24        4       0
                text66                             645C     645C       68        4       0
                text65                             456A     456A      134        4       0
                text64                             31EE     31EE      1C8        4       0
                text63                             77B4     77B4       1A        4       0
                text62                             6388     6388       6A        4       0
                text61                               88       88      A90        4       0
                text60                             2712     2712      2AA        4       0
                text59                             5CFA     5CFA       9E        4       0
                text58                             6A56     6A56       52        4       0
                text57                             544A     544A       D0        4       0
                text56                             3BEE     3BEE      18A        4       0
                text55                             755C     755C       22        4       0
                text54                             65F6     65F6       64        4       0
                text53                             72DE     72DE       2E        4       0
                text52                             740C     740C       28        4       0
                text51                             7032     7032       3A        4       0
                text50                             6DA8     6DA8       48        4       0
                text49                             7830     7830       18        4       0
                text48                             7818     7818       18        4       0
                text47                             7800     7800       18        4       0
                text46                             78F6     78F6       12        4       0
                text45                             631E     631E       6A        4       0
                text44                             7116     7116       36        4       0
                text43                             6E38     6E38       42        4       0
                text42                             55E8     55E8       CC        4       0
                text41                             58EA     58EA       B4        4       0
                text40                             4038     4038      158        4       0
                text39                             4C12     4C12       F8        4       0
                text38                             7620     7620       1E        4       0
                text37                             47CC     47CC      12C        4       0
                text36                             242A     242A      2E8        4       0
                text35                             5A52     5A52       B2        4       0
                text34                             6FF6     6FF6       3C        4       0
                text33                             738E     738E       2A        4       0
                text32                             77E8     77E8       18        4       0
                text31                             7364     7364       2A        4       0
                text30                             7602     7602       1E        4       0
                text29                             79AC     79AC        C        4       0
                text28                             7A44     7A44        8        4       0
                text27                             7908     7908       10        4       0
                text26                             7878     7878       16        4       0
                text25                             7ADA     7ADA        2        4       0
                text24                             79EC     79EC        A        4       0
                text23                             79E2     79E2        A        4       0
                text22                             72B0     72B0       2E        4       0
                text21                             7AB6     7AB6        4        4       0
                text20                             79A0     79A0        C        4       0
                text19                             7994     7994        C        4       0
                text18                             79D8     79D8        A        4       0
                text17                             7988     7988        C        4       0
                text16                             7AD8     7AD8        2        4       0
                text15                             7AD6     7AD6        2        4       0
                text14                             7A84     7A84        6        4       0
                text13                             7AB2     7AB2        4        4       0
                text12                             79CE     79CE        A        4       0
                text11                             797C     797C        C        4       0
                text10                             75C2     75C2       20        4       0
                text9                              7970     7970        C        4       0
                text8                              79C4     79C4        A        4       0
                text7                              68FA     68FA       58        4       0
                text6                              7AAE     7AAE        4        4       0
                text5                              730C     730C       2C        4       0
                text4                              74CC     74CC       24        4       0
                text3                              74A8     74A8       24        4       0
                text2                              714C     714C       34        4       0
                text1                              6AFA     6AFA       4E        4       0
                text0                              442C     442C      13E        4       0
                cstackCOMRAM                          1        1       31        1       1
                cstackBANK0                          60       60       90       60       1
                cstackBANK1                         100      100       72      100       1
                cstackBANK3                         3A0      3A0       14      300       1
                bssBIGRAM                           4E0      4E0      21E      4E0       1
                bssBANK4                            400      400       E0      400       1
                bssBANK3                            300      300       A0      300       1
                bssBANK2                            200      200       F5      200       1
                dataBANK1                           1C1      1C1       32      100       1
                bssBANK1                            172      172       4F      100       1
                bssBANK0                             F0       F0        3       60       1
                dataCOMRAM                           56       56        8        1       1
                bssCOMRAM                            32       32       18        1       1
                cinit                              5C5C     5C5C       9E        4       0
                nvBANK1                             1F3      1F3        A      100       1
                nvCOMRAM                             5E       5E        2        1       1
                idataBANK1                         71E8     71E8       32        4       0
                idataCOMRAM                        7A3C     7A3C        8        4       0

TOTAL           Name                               Link     Load   Length     Space
        CLASS   STACK          
                stack                               6FE      6FE      83A         2

        CLASS   CODE           
                end_init                             84       84        4         0
                init                                 80       80        4         0
                intcode                               8        8       78         0
                reset_vec                             0        0        4         0
                text227                            7AE6     7AE6        2         0
                text226                            7AD2     7AD2        4         0
                text225                            7798     7798       1C         0
                text224                            7AA8     7AA8        6         0
                text223                            7AE4     7AE4        2         0
                text222                            7ACE     7ACE        4         0
                text221                            777C     777C       1C         0
                text220                            7AA2     7AA2        6         0
                text219                            7AE2     7AE2        2         0
                text218                            7ACA     7ACA        4         0
                text217                            7760     7760       1C         0
                text216                            7AE0     7AE0        2         0
                text215                            7744     7744       1C         0
                text214                            7928     7928       10         0
                text213                            76B6     76B6       1E         0
                text212                            4E00     4E00       F0         0
                text211                            50CA     50CA       EC         0
                text210                            7728     7728       1C         0
                text209                            6FB8     6FB8       3E         0
                text208                            6C7E     6C7E       4C         0
                text207                            7ADE     7ADE        2         0
                text206                            770C     770C       1C         0
                text205                            7538     7538       24         0
                text203                            7A7C     7A7C        8         0
                text202                            63F2     63F2       6A         0
                text201                            6AA8     6AA8       52         0
                text200                            69AA     69AA       58         0
                text199                            73E2     73E2       2A         0
                text198                            6590     6590       66         0
                text197                            652A     652A       66         0
                text196                            6EBC     6EBC       42         0
                text195                            7698     7698       1E         0
                text194                            4FDE     4FDE       EC         0
                text193                            4EF0     4EF0       EE         0
                text192                            76F0     76F0       1C         0
                text191                            6F7A     6F7A       3E         0
                text190                            61BA     61BA       7C         0
                text189                            5EB2     5EB2       88         0
                text188                            76D4     76D4       1C         0
                text187                            6236     6236       76         0
                text186                            372A     372A      19C         0
                text185                            7AC6     7AC6        4         0
                text184                            7AC2     7AC2        4         0
                text183                            78E2     78E2       14         0
                text182                            73B8     73B8       2A         0
                text181                            71B4     71B4       34         0
                text180                            7ABE     7ABE        4         0
                text179                            7ABA     7ABA        4         0
                text178                            7918     7918       10         0
                text177                            7A32     7A32        A         0
                text176                            767A     767A       1E         0
                text175                            6720     6720       62         0
                text174                            5296     5296       DC         0
                text173                            7A9C     7A9C        6         0
                text172                            7482     7482       26         0
                text171                            5372     5372       D8         0
                text170                            727E     727E       32         0
                text169                            38C6     38C6      196         0
                text168                            7A28     7A28        A         0
                text167                            6BE4     6BE4       4E         0
                text166                            599E     599E       B4         0
                text165                            3EDA     3EDA      15E         0
                text164                            60C0     60C0       7E         0
                text163                            5834     5834       B6         0
                text162                            7962     7962        E         0
                text161                            6840     6840       5E         0
                text160                            29BC     29BC      254         0
                text159                            3D78     3D78      162         0
                text158                            2132     2132      2F8         0
                text157                            7434     7434       28         0
                text156                            6D5E     6D5E       4A         0
                text155                            4B10     4B10      102         0
                text154                            1820     1820      31C         0
                text153                            6A02     6A02       54         0
                text152                            6F3C     6F3C       3E         0
                text151                            5F3A     5F3A       86         0
                text150                            6B96     6B96       4E         0
                text149                            75A0     75A0       22         0
                text148                            469E     469E      12E         0
                text147                            66BE     66BE       62         0
                text146                            665A     665A       64         0
                text145                            551A     551A       CE         0
                text144                            13A8     13A8      478         0
                text143                            3000     3000      1EE         0
                text142                            7A74     7A74        8         0
                text141                            5FC0     5FC0       82         0
                text140                            7338     7338       2C         0
                text139                            7A1E     7A1E        A         0
                text138                            7A6C     7A6C        8         0
                text137                            7A64     7A64        8         0
                text136                            5D98     5D98       8E         0
                text135                            7A14     7A14        A         0
                text134                            7A0A     7A0A        A         0
                text133                            7A5C     7A5C        8         0
                text132                            6DF0     6DF0       48         0
                text131                            51B6     51B6       E0         0
                text130                            6782     6782       60         0
                text129                            77CE     77CE       1A         0
                text128                            5E26     5E26       8C         0
                text127                            7954     7954        E         0
                text126                            745C     745C       26         0
                text125                            2C10     2C10      200         0
                text124                            765C     765C       1E         0
                text123                            7A96     7A96        6         0
                text122                            7946     7946        E         0
                text121                            7938     7938        E         0
                text120                            7ADC     7ADC        2         0
                text119                            64C4     64C4       66         0
                text118                            7A90     7A90        6         0
                text117                            75E2     75E2       20         0
                text116                            6EFE     6EFE       3E         0
                text115                             B18      B18      890         0
                text114                            3A5C     3A5C      192         0
                text113                            67E2     67E2       5E         0
                text112                            62AC     62AC       72         0
                text111                            613E     613E       7C         0
                text110                            6042     6042       7E         0
                text109                            6E7A     6E7A       42         0
                text108                            5778     5778       BC         0
                text107                            5B04     5B04       B2         0
                text106                            4190     4190      154         0
                text105                            5BB6     5BB6       A6         0
                text104                            7A8A     7A8A        6         0
                text103                            1E3A     1E3A      2F8         0
                text102                            1B3C     1B3C      2FE         0
                text101                            6C32     6C32       4C         0
                text100                            56B4     56B4       C4         0
                text99                             7A00     7A00        A         0
                text98                             6B48     6B48       4E         0
                text97                             4A0A     4A0A      106         0
                text96                             6952     6952       58         0
                text95                             78A4     78A4       16         0
                text94                             7A54     7A54        8         0
                text93                             7A4C     7A4C        8         0
                text92                             70DE     70DE       38         0
                text91                             7860     7860       18         0
                text90                             78CE     78CE       14         0
                text89                             757E     757E       22         0
                text88                             3578     3578      1B2         0
                text87                             724C     724C       32         0
                text86                             763E     763E       1E         0
                text85                             70A6     70A6       38         0
                text84                             4D0A     4D0A       F6         0
                text83                             721A     721A       32         0
                text82                             706C     706C       3A         0
                text81                             7180     7180       34         0
                text80                             689E     689E       5C         0
                text79                             33B6     33B6      1C2         0
                text78                             788E     788E       16         0
                text77                             78BA     78BA       14         0
                text76                             42E4     42E4      148         0
                text75                             6D14     6D14       4A         0
                text74                             7514     7514       24         0
                text73                             2E10     2E10      1F0         0
                text72                             6CCA     6CCA       4A         0
                text71                             79B8     79B8        C         0
                text70                             79F6     79F6        A         0
                text69                             48F8     48F8      112         0
                text68                             7848     7848       18         0
                text67                             74F0     74F0       24         0
                text66                             645C     645C       68         0
                text65                             456A     456A      134         0
                text64                             31EE     31EE      1C8         0
                text63                             77B4     77B4       1A         0
                text62                             6388     6388       6A         0
                text61                               88       88      A90         0
                text60                             2712     2712      2AA         0
                text59                             5CFA     5CFA       9E         0
                text58                             6A56     6A56       52         0
                text57                             544A     544A       D0         0
                text56                             3BEE     3BEE      18A         0
                text55                             755C     755C       22         0
                text54                             65F6     65F6       64         0
                text53                             72DE     72DE       2E         0
                text52                             740C     740C       28         0
                text51                             7032     7032       3A         0
                text50                             6DA8     6DA8       48         0
                text49                             7830     7830       18         0
                text48                             7818     7818       18         0
                text47                             7800     7800       18         0
                text46                             78F6     78F6       12         0
                text45                             631E     631E       6A         0
                text44                             7116     7116       36         0
                text43                             6E38     6E38       42         0
                text42                             55E8     55E8       CC         0
                text41                             58EA     58EA       B4         0
                text40                             4038     4038      158         0
                text39                             4C12     4C12       F8         0
                text38                             7620     7620       1E         0
                text37                             47CC     47CC      12C         0
                text36                             242A     242A      2E8         0
                text35                             5A52     5A52       B2         0
                text34                             6FF6     6FF6       3C         0
                text33                             738E     738E       2A         0
                text32                             77E8     77E8       18         0
                text31                             7364     7364       2A         0
                text30                             7602     7602       1E         0
                text29                             79AC     79AC        C         0
                text28                             7A44     7A44        8         0
                text27                             7908     7908       10         0
                text26                             7878     7878       16         0
                text25                             7ADA     7ADA        2         0
                text24                             79EC     79EC        A         0
                text23                             79E2     79E2        A         0
                text22                             72B0     72B0       2E         0
                text21                             7AB6     7AB6        4         0
                text20                             79A0     79A0        C         0
                text19                             7994     7994        C         0
                text18                             79D8     79D8        A         0
                text17                             7988     7988        C         0
                text16                             7AD8     7AD8        2         0
                text15                             7AD6     7AD6        2         0
                text14                             7A84     7A84        6         0
                text13                             7AB2     7AB2        4         0
                text12                             79CE     79CE        A         0
                text11                             797C     797C        C         0
                text10                             75C2     75C2       20         0
                text9                              7970     7970        C         0
                text8                              79C4     79C4        A         0
                text7                              68FA     68FA       58         0
                text6                              7AAE     7AAE        4         0
                text5                              730C     730C       2C         0
                text4                              74CC     74CC       24         0
                text3                              74A8     74A8       24         0
                text2                              714C     714C       34         0
                text1                              6AFA     6AFA       4E         0
                text0                              442C     442C      13E         0
                cinit                              5C5C     5C5C       9E         0
                idataBANK1                         71E8     71E8       32         0
                idataCOMRAM                        7A3C     7A3C        8         0

        CLASS   CONST          

        CLASS   SMALLCONST     

        CLASS   MEDIUMCONST    
                mediumconst                        FD24     FD24      2DC         0

        CLASS   COMRAM         
                temp                                 4A       4A        C         1
                cstackCOMRAM                          1        1       31         1
                dataCOMRAM                           56       56        8         1
                bssCOMRAM                            32       32       18         1
                nvCOMRAM                             5E       5E        2         1

        CLASS   ABS1           

        CLASS   BIGRAM         
                bssBIGRAM                           4E0      4E0      21E         1

        CLASS   RAM            

        CLASS   BANK0          
                cstackBANK0                          60       60       90         1
                bssBANK0                             F0       F0        3         1

        CLASS   BANK1          
                cstackBANK1                         100      100       72         1
                dataBANK1                           1C1      1C1       32         1
                bssBANK1                            172      172       4F         1
                nvBANK1                             1F3      1F3        A         1

        CLASS   BANK2          
                bssBANK2                            200      200       F5         1

        CLASS   BANK3          
                cstackBANK3                         3A0      3A0       14         1
                bssBANK3                            300      300       A0         1

        CLASS   BANK4          
                bssBANK4                            400      400       E0         1

        CLASS   BANK5          

        CLASS   BANK6          

        CLASS   BANK7          

        CLASS   BANK8          

        CLASS   BANK9          

        CLASS   BANK10         

        CLASS   BANK11         

        CLASS   BANK12         

        CLASS   BANK13         

        CLASS   BANK14         

        CLASS   BANK15         

        CLASS   SFR            

        CLASS   FARRAM         

        CLASS   CONFIG         
                config                           300000   300000        E         0

        CLASS   IDLOC          
                idloc                            200000   200000        8         0

        CLASS   EEDATA         



SEGMENTS        Name                           Load    Length   Top    Selector   Space  Class

                reset_vec                      000000  000004  000004         0       0  CODE    
                cstackCOMRAM                   000001  00005F  000060         1       1  COMRAM  
                intcode                        000008  007AE0  007AE8         4       0  CODE    
                cstackBANK0                    000060  000093  0000F3        60       1  BANK0   
                cstackBANK1                    000100  0000FD  0001FD       100       1  BANK1   
                bssBANK2                       000200  0000F5  0002F5       200       1  BANK2   
                bssBANK3                       000300  0000B4  0003B4       300       1  BANK3   
                bssBANK4                       000400  0000E0  0004E0       400       1  BANK4   
                bssBIGRAM                      0004E0  00021E  0006FE       4E0       1  BIGRAM  
                stack                          0006FE  00083A  000F38       6FE       2  STACK   
                mediumconst                    00FD24  0002DC  010000      7E92       0  MEDIUMCO
                idloc                          200000  000008  200008    200000       0  IDLOC   
                config                         300000  00000E  30000E    300000       0  CONFIG  


UNUSED ADDRESS RANGES

        Name                Unused          Largest block    Delta
        BANK0            0000F3-0000FF                D
        BANK1            0001FD-0001FF                3
        BANK10           000A00-000AFF              100
        BANK11           000B00-000BFF              100
        BANK12           000C00-000CFF              100
        BANK13           000D00-000DFF              100
        BANK14           000E00-000EFF              100
        BANK15           000F00-000F37               38
        BANK2            0002F5-0002FF                B
        BANK3            0003B4-0003FF               4C
        BANK6            0006FE-0006FF                2
        BANK7            000700-0007FF              100
        BANK8            000800-0008FF              100
        BANK9            000900-0009FF              100
        BIGRAM           0000F3-0000FF                D
                         0001FD-0001FF                3
                         0002F5-0002FF                B
                         0003B4-0003FF               4C
                         0006FE-000F37              83A
        CODE             000004-000007                4
                         007AE8-00FD23             823C
        CONST            000004-000007                4
                         007AE8-00FD23             823C
        EEDATA           F00000-F003FF              400
        MEDIUMCONST      007AE8-00FD23             823C
        RAM              0000F3-0000FF                D
                         0001FD-0001FF                3
                         0002F5-0002FF                B
                         0003B4-0003FF               4C
                         0006FE-000F37              100
        SFR              000F38-000FFF               28
        SMALLCONST       007AE8-00FD23              100

                                  Symbol Table

?_ADC_GetConversion                                       cstackBANK0  000064
?_ComputeMic                                              cstackBANK1  000166
?_ExecuteDevStatus                                        cstackBANK0  000064
?_ExecuteDutyCycle                                        cstackBANK0  000064
?_ExecuteLinkAdr                                          cstackBANK0  000071
?_ExecuteLinkCheck                                        cstackBANK0  000064
?_ExecuteNewChannel                                       cstackBANK0  000070
?_ExecuteRxParamSetupReq                                  cstackBANK0  000070
?_ExecuteRxTimingSetup                                    cstackBANK0  000069
?_ExtractMic                                              cstackBANK0  00006E
?_GetRx1Freq                                              cstackBANK0  000064
?_MacExecuteCommands                                      cstackBANK0  00007A
?_RADIO_ReadRandom                                        cstackBANK0  000070
?_RADIO_ReceiveStart                                      cstackBANK0  000096
?_RADIO_Transmit                                          cstackBANK0  000096
?_Random                                                  cstackBANK0  000077
?_SwTimerReadValue                                        cstackBANK0  00008D
?_SwTimersInterrupt                                       cstackBANK0  00007C
?_TMR1_ReadTimer                                          cstackBANK0  000064
?_TMR_GetDeltaTime                                        cstackBANK0  00006C
?_TMR_SwapTimer                                           cstackBANK0  00006C
?___lldiv                                                 cstackBANK0  000064
?___llmod                                                 cstackBANK0  000064
?___lmul                                                  cstackBANK0  000064
?___lwdiv                                                 cstackBANK0  000064
?___lwmod                                                 cstackBANK0  000072
?_printf                                                  cstackBANK0  000077
?_rand                                                    cstackBANK0  000070
?i2_SwTimersInterrupt                                     cstackCOMRAM 000019
?i2_TMR1_ReadTimer                                        cstackCOMRAM 000001
?i2_TMR_GetDeltaTime                                      cstackCOMRAM 000009
?i2_TMR_SwapTimer                                         cstackCOMRAM 000009
ADC_GetConversion@channel                                 cstackBANK0  000068
AESCmac@flag                                              cstackBANK1  000162
AESCmac@i                                                 cstackBANK1  000165
AESCmac@input                                             cstackBANK0  0000D0
AESCmac@j                                                 cstackBANK1  000164
AESCmac@k1                                                cstackBANK1  000110
AESCmac@k2                                                cstackBANK1  000100
AESCmac@key                                               cstackBANK0  0000CC
AESCmac@mLast                                             cstackBANK1  000120
AESCmac@n                                                 cstackBANK1  000163
AESCmac@output                                            cstackBANK0  0000CE
AESCmac@padded                                            cstackBANK1  000130
AESCmac@ptr                                               cstackBANK1  000160
AESCmac@size                                              cstackBANK0  0000D2
AESCmac@x                                                 cstackBANK1  000150
AESCmac@y                                                 cstackBANK1  000140
AESEncode@aux                                             cstackBANK0  00008B
AESEncode@aux1                                            cstackBANK0  00008D
AESEncode@aux2                                            cstackBANK0  00008C
AESEncode@aux3                                            cstackBANK0  00008E
AESEncode@block                                           cstackBANK0  00006A
AESEncode@i                                               cstackBANK0  00008F
AESEncode@key                                             cstackBANK0  000075
AESEncode@masterKey                                       cstackBANK0  00006C
AESEncodeLoRa@block                                       cstackBANK0  000090
AESEncodeLoRa@key                                         cstackBANK0  000092
AESEncodeLoRa@useKey                                      cstackBANK0  000094
AssembleEncryptionBlock@blockId                           cstackBANK0  000072
AssembleEncryptionBlock@bufferIndex                       cstackBANK0  000076
AssembleEncryptionBlock@dir                               cstackBANK0  000075
AssembleEncryptionBlock@firstByte                         cstackBANK0  000073
AssembleEncryptionBlock@frameCounter                      cstackBANK0  00006E
AssembleEncryptionBlock@multicastStatus                   cstackBANK0  000074
AssemblePacket@buffer                                     cstackBANK1  000167
AssemblePacket@bufferIndex                                cstackBANK0  0000E0
AssemblePacket@bufferLength                               cstackBANK1  000169
AssemblePacket@confirmed                                  cstackBANK0  0000DC
AssemblePacket@fCtrl                                      cstackBANK0  0000DE
AssemblePacket@macCmdIdx                                  cstackBANK0  0000DF
AssemblePacket@mhdr                                       cstackBANK0  0000DD
AssemblePacket@port                                       cstackBANK1  000166
CheckFlags@hdr                                            cstackBANK0  000064
CheckMcastFlags@hdr                                       cstackBANK0  000064
ComputeMic@buffer                                         cstackBANK1  000168
ComputeMic@bufferLength                                   cstackBANK1  00016A
ComputeMic@key                                            cstackBANK1  000166
ComputeMic@mic                                            cstackBANK0  0000DA
ComputeSessionKeys@joinAcceptBuffer                       cstackBANK0  0000A4
ConfigureRadio@dataRate                                   cstackBANK0  000075
ConfigureRadio@freq                                       cstackBANK0  000071
ConfigureRadioRx@dataRate                                 cstackBANK0  00007A
ConfigureRadioRx@freq                                     cstackBANK0  000076
ConfigureRadioTx@dataRate                                 cstackBANK0  00007A
ConfigureRadioTx@freq                                     cstackBANK0  000076
ConfigureRadioTx@txPower                                  cstackBANK0  00007B
CountfOptsLength@i                                        cstackBANK0  00006B
CountfOptsLength@macCommandLength                         cstackBANK0  00006A
EUSART1_Write@txData                                      cstackBANK0  000064
EnableChannels1@channelIndexMax                           cstackBANK0  00006C
EnableChannels1@channelIndexMin                           cstackBANK0  00006B
EnableChannels1@channelMask                               cstackBANK0  000068
EnableChannels1@channelMaskCntl                           cstackBANK0  00006A
EnableChannels1@i                                         cstackBANK0  00006D
EnableChannels@channelMask                                cstackBANK0  00006E
EnableChannels@channelMaskCntl                            cstackBANK0  000070
EncKeySchedule@key                                        cstackBANK0  000064
EncodeShiftRow@stateTable                                 cstackBANK0  000064
EncodeShiftRow@temp                                       cstackBANK0  000066
EncryptFRMPayload@buffer                                  cstackBANK0  0000A4
EncryptFRMPayload@bufferLength                            cstackBANK0  0000A6
EncryptFRMPayload@bufferToBeEncrypted                     cstackBANK0  0000AF
EncryptFRMPayload@dir                                     cstackBANK0  0000A7
EncryptFRMPayload@frameCounter                            cstackBANK0  0000A8
EncryptFRMPayload@i                                       cstackBANK0  0000B8
EncryptFRMPayload@j                                       cstackBANK0  0000B9
EncryptFRMPayload@k                                       cstackBANK0  0000B7
EncryptFRMPayload@key                                     cstackBANK0  0000AC
EncryptFRMPayload@macBufferIndex                          cstackBANK0  0000AE
EncryptFRMPayload@multicastStatus                         cstackBANK0  0000B1
ExecuteDevStatus@ptr                                      cstackBANK0  000064
ExecuteDutyCycle@maxDCycle                                cstackBANK0  000069
ExecuteDutyCycle@ptr                                      cstackBANK0  000064
ExecuteLinkAdr@channelMask                                cstackBANK0  000074
ExecuteLinkAdr@dataRate                                   cstackBANK0  000079
ExecuteLinkAdr@ptr                                        cstackBANK0  000071
ExecuteLinkAdr@redundancy                                 cstackBANK0  000077
ExecuteLinkAdr@txPower                                    cstackBANK0  000076
ExecuteLinkCheck@ptr                                      cstackBANK0  000064
ExecuteNewChannel@channelIndex                            cstackBANK0  000077
ExecuteNewChannel@drRange                                 cstackBANK0  000072
ExecuteNewChannel@frequency                               cstackBANK0  000073
ExecuteNewChannel@ptr                                     cstackBANK0  000070
ExecuteRxParamSetupReq@dlSettings                         cstackBANK0  000076
ExecuteRxParamSetupReq@frequency                          cstackBANK0  000072
ExecuteRxParamSetupReq@ptr                                cstackBANK0  000070
ExecuteRxTimingSetup@delay                                cstackBANK0  00006B
ExecuteRxTimingSetup@ptr                                  cstackBANK0  000069
ExtractMic@buffer                                         cstackBANK0  00006E
ExtractMic@bufferLength                                   cstackBANK0  000070
ExtractMic@mic                                            cstackBANK0  000074
FillSubKey@carry                                          cstackBANK0  00006A
FillSubKey@i                                              cstackBANK0  00006B
FillSubKey@key                                            cstackBANK0  000066
FillSubKey@size                                           cstackBANK0  000068
FillSubKey@source                                         cstackBANK0  000064
FindSmallestDataRate@dataRate                             cstackBANK0  000067
FindSmallestDataRate@found                                cstackBANK0  000065
FindSmallestDataRate@i                                    cstackBANK0  000066
GenerateSubkey@F7870                                      dataBANK1    0001C1
GenerateSubkey@const_Rb                                   cstackBANK0  0000AB
GenerateSubkey@i                                          cstackBANK0  0000CB
GenerateSubkey@k1                                         cstackBANK0  0000A6
GenerateSubkey@k2                                         cstackBANK0  0000A8
GenerateSubkey@key                                        cstackBANK0  0000A4
GenerateSubkey@l                                          cstackBANK0  0000BB
HALResetPinOutputValue@value                              cstackBANK0  000064
HALSPISend@data                                           cstackBANK0  000065
INT0_SetInterruptHandler@InterruptHandler                 cstackBANK0  000064
INT1_SetInterruptHandler@InterruptHandler                 cstackBANK0  000064
INT2_SetInterruptHandler@InterruptHandler                 cstackBANK0  000064
INTERRUPT_GetDioStatus@a                                  cstackBANK0  000064
IOCB4_SetInterruptHandler@InterruptHandler                cstackBANK0  000064
IOCB5_SetInterruptHandler@InterruptHandler                cstackBANK0  000064
IncludeMacCommandsResponse@bIncludeInFopts                cstackBANK0  000067
IncludeMacCommandsResponse@bufferIndex                    cstackBANK0  00006F
IncludeMacCommandsResponse@i                              cstackBANK0  00006E
IncludeMacCommandsResponse@macBuffer                      cstackBANK0  000064
IncludeMacCommandsResponse@pBufferIndex                   cstackBANK0  000066
InitDefault433Channels@i                                  cstackBANK0  00006E
InitDefault868Channels@i                                  cstackBANK0  00006E
LORAWAN_GetMaxPayloadSize@macCommandsLength               cstackBANK0  00006D
LORAWAN_GetMaxPayloadSize@result                          cstackBANK0  00006E
LORAWAN_Init@RxJoinResponse                               cstackBANK0  0000A8
LORAWAN_Init@RxPayload                                    cstackBANK0  0000A6
LORAWAN_Join@activationTypeNew                            cstackBANK0  0000E9
LORAWAN_Join@bufferIndex                                  cstackBANK0  0000E7
LORAWAN_Join@result                                       cstackBANK0  0000E8
LORAWAN_LinkCheckConfigure@iCtr                           cstackBANK0  0000A4
LORAWAN_LinkCheckConfigure@period                         cstackBANK0  000096
LORAWAN_Reset@ismBandNew                                  cstackBANK0  0000A5
LORAWAN_RxDone@buffer                                     cstackBANK1  00016F
LORAWAN_RxDone@bufferIndex                                cstackBANK3  0003A7
LORAWAN_RxDone@bufferLength                               cstackBANK1  000171
LORAWAN_RxDone@channelIndex                               cstackBANK3  0003A1
LORAWAN_RxDone@computedMic                                cstackBANK3  0003AB
LORAWAN_RxDone@extractedMic                               cstackBANK3  0003A3
LORAWAN_RxDone@fPort                                      cstackBANK3  0003A0
LORAWAN_RxDone@frmPayloadLength                           cstackBANK3  0003B1
LORAWAN_RxDone@hdr                                        cstackBANK3  0003B2
LORAWAN_RxDone@joinAccept                                 cstackBANK3  0003AF
LORAWAN_RxDone@mhdr                                       cstackBANK3  0003A2
LORAWAN_RxDone@packet                                     cstackBANK3  0003A9
LORAWAN_RxDone@temp                                       cstackBANK3  0003A8
LORAWAN_RxTimeout@i                                       cstackBANK0  0000AF
LORAWAN_RxTimeout@minim                                   cstackBANK0  0000AB
LORAWAN_Send@buffer                                       cstackBANK1  00016C
LORAWAN_Send@bufferLength                                 cstackBANK1  00016E
LORAWAN_Send@confirmed                                    cstackBANK0  0000E3
LORAWAN_Send@port                                         cstackBANK1  00016B
LORAWAN_Send@result                                       cstackBANK0  0000E2
LORAWAN_SetApplicationSessionKey@applicationSessionKeyNew cstackBANK0  00006E
LORAWAN_SetChannelIdStatus@channelId                      cstackBANK0  00006A
LORAWAN_SetChannelIdStatus@statusNew                      cstackBANK0  000068
LORAWAN_SetDeviceAddress@deviceAddressNew                 cstackBANK0  000064
LORAWAN_SetNetworkSessionKey@networkSessionKeyNew         cstackBANK0  00006E
LORAWAN_TxDone@delta                                      cstackBANK0  0000C5
LORAWAN_TxDone@found                                      cstackBANK0  0000C4
LORAWAN_TxDone@i                                          cstackBANK0  0000D1
LORAWAN_TxDone@minim                                      cstackBANK0  0000CD
LORAWAN_TxDone@ticks                                      cstackBANK0  0000C9
LORAWAN_TxDone@timeOnAir                                  cstackBANK0  0000A0
MacExecuteCommands@buffer                                 cstackBANK0  00007A
MacExecuteCommands@done                                   cstackBANK0  00007F
MacExecuteCommands@fOptsLen                               cstackBANK0  00007C
MacExecuteCommands@ptr                                    cstackBANK0  000080
PrepareJoinRequestFrame@bufferIndex                       cstackBANK0  0000E5
PrepareJoinRequestFrame@iCtr                              cstackBANK0  0000E6
PrepareJoinRequestFrame@mhdr                              cstackBANK0  0000E4
PrepareJoinRequestFrame@mic                               cstackBANK0  0000E0
PrepareSessionKeys@appNonce                               cstackBANK0  000070
PrepareSessionKeys@index                                  cstackBANK0  000074
PrepareSessionKeys@networkId                              cstackBANK0  000072
PrepareSessionKeys@sessionKey                             cstackBANK0  00006E
RADIO_DIO0@dioMapping                                     cstackBANK0  0000ED
RADIO_DIO0@opMode                                         cstackBANK0  0000EE
RADIO_DIO1@dioMapping                                     cstackBANK0  0000B1
RADIO_DIO2@dioMapping                                     cstackBANK0  00007E
RADIO_FSKPacketSent@irqFlags                              cstackBANK0  0000DE
RADIO_FSKPacketSent@timeOnAir                             cstackBANK0  0000D6
RADIO_FSKPayloadReady@i                                   cstackBANK0  0000EA
RADIO_FSKPayloadReady@irqFlags                            cstackBANK0  0000E9
RADIO_Init@frequency                                      cstackBANK0  00007F
RADIO_Init@radioBuffer                                    cstackBANK0  00007D
RADIO_ReadRandom@i                                        cstackBANK0  000074
RADIO_ReadRandom@retVal                                   cstackBANK0  000072
RADIO_ReceiveStart@rxWindowSize                           cstackBANK0  000096
RADIO_RegisterRead@readValue                              cstackBANK0  000067
RADIO_RegisterRead@reg                                    cstackBANK0  000066
RADIO_RegisterWrite@reg                                   cstackBANK0  000067
RADIO_RegisterWrite@value                                 cstackBANK0  000066
RADIO_RxDone@i                                            cstackBANK0  0000EA
RADIO_RxDone@irqFlags                                     cstackBANK0  0000E9
RADIO_SetBandwidth@bandwidth                              cstackBANK0  000064
RADIO_SetCRC@crc                                          cstackBANK0  000064
RADIO_SetChannelFrequency@frequency                       cstackBANK0  000064
RADIO_SetFSKSyncWord@syncWord                             cstackBANK0  00006E
RADIO_SetFSKSyncWord@syncWordLen                          cstackBANK0  000070
RADIO_SetFrequencyHopPeriod@frequencyHopPeriod            cstackBANK0  000064
RADIO_SetIQInverted@iqInverted                            cstackBANK0  000064
RADIO_SetLoRaSyncWord@syncWord                            cstackBANK0  000064
RADIO_SetModulation@modulation                            cstackBANK0  000064
RADIO_SetOutputPower@power                                cstackBANK0  000064
RADIO_SetSpreadingFactor@spreadingFactor                  cstackBANK0  000064
RADIO_Transmit@buffer                                     cstackBANK0  000096
RADIO_Transmit@bufferLen                                  cstackBANK0  000098
RADIO_Transmit@i                                          cstackBANK0  0000A6
RADIO_Transmit@regValue                                   cstackBANK0  0000A5
RADIO_TxDone@timeOnAir                                    cstackBANK0  0000D6
RADIO_UnhandledInterrupt@modulation                       cstackBANK0  000068
RADIO_WriteConfiguration@i                                cstackBANK0  000081
RADIO_WriteConfiguration@regValue                         cstackBANK0  000086
RADIO_WriteConfiguration@symbolTimeout                    cstackBANK0  00007D
RADIO_WriteConfiguration@tempValue                        cstackBANK0  000082
RADIO_WriteFSKBitRate@bitRate                             cstackBANK0  000071
RADIO_WriteFSKBitRate@num                                 cstackBANK0  000075
RADIO_WriteFSKFrequencyDeviation@frequencyDeviation       cstackBANK0  000071
RADIO_WriteFSKFrequencyDeviation@num                      cstackBANK0  000075
RADIO_WriteFrequency@frequency                            cstackBANK0  000071
RADIO_WriteFrequency@num                                  cstackBANK0  000079
RADIO_WriteFrequency@num_mod                              cstackBANK0  000075
RADIO_WriteMode@blocking                                  cstackBANK0  00006A
RADIO_WriteMode@currentMode                               cstackBANK0  00006D
RADIO_WriteMode@currentModulation                         cstackBANK0  00006B
RADIO_WriteMode@dioMapping                                cstackBANK0  00006C
RADIO_WriteMode@newMode                                   cstackBANK0  00006E
RADIO_WriteMode@newModulation                             cstackBANK0  000069
RADIO_WriteMode@opMode                                    cstackBANK0  00006F
RADIO_WritePower@ocp                                      cstackBANK0  000068
RADIO_WritePower@paDac                                    cstackBANK0  000069
RADIO_WritePower@power                                    cstackBANK0  00006A
Random@max                                                cstackBANK0  000077
RxDataDone@dataLength                                     cstackBANK0  000066
RxDataDone@pData                                          cstackBANK0  000064
RxDataDone@status                                         cstackBANK0  000067
SPI2_Exchange8bit@data                                    cstackBANK0  000064
SearchAvailableChannel@channelIndex                       cstackBANK0  00007A
SearchAvailableChannel@i                                  cstackBANK0  000084
SearchAvailableChannel@maxChannels                        cstackBANK0  000082
SearchAvailableChannel@randomNumber                       cstackBANK0  000083
SearchAvailableChannel@randomNumberCopy                   cstackBANK0  000080
SearchAvailableChannel@result                             cstackBANK0  000081
SearchAvailableChannel@transmissionType                   cstackBANK0  000079
SelectChannelForTransmission@channelIndex                 cstackBANK0  000087
SelectChannelForTransmission@result                       cstackBANK0  000086
SelectChannelForTransmission@transmissionType             cstackBANK0  000085
StartReTxTimer@i                                          cstackBANK0  00009E
StartReTxTimer@minim                                      cstackBANK0  00009A
SwTimerCreate@retVal                                      cstackBANK0  000064
SwTimerIsRunning@isRunning                                cstackBANK0  000065
SwTimerIsRunning@timerId                                  cstackBANK0  000064
SwTimerReadValue@ticksCount                               cstackBANK0  000091
SwTimerReadValue@timerId                                  cstackBANK0  000095
SwTimerSetCallback@callback                               cstackBANK0  000064
SwTimerSetCallback@callbackParameter                      cstackBANK0  000066
SwTimerSetCallback@timerId                                cstackBANK0  000067
SwTimerSetTimeout@timeout                                 cstackBANK0  000071
SwTimerSetTimeout@timerId                                 cstackBANK0  000079
SwTimerStart@ticksRemaining                               cstackBANK0  000091
SwTimerStart@timerId                                      cstackBANK0  000095
SwTimerStop@timerId                                       cstackBANK0  000064
SwTimersExecute@i                                         cstackBANK0  0000E8
SwTimersInterrupt@i                                       cstackBANK0  00008C
SwTimersInterrupt@ticksToNextTimerEvent                   cstackBANK0  000088
SwTimersInterrupt@timeElapsed                             cstackBANK0  000084
SystemBlockingWaitMs@ms                                   cstackBANK0  000064
TMR1_ISR@CountCallBack                                    bssCOMRAM    00003E
TMR1_ReadTimer@readVal                                    cstackBANK0  000068
TMR1_ReadTimer@readValHigh                                cstackBANK0  00006A
TMR1_ReadTimer@readValLow                                 cstackBANK0  00006B
TMR1_SetInterruptHandler@InterruptHandler                 cstackBANK0  000064
TMR1_WriteTimer@timerVal                                  cstackBANK0  000064
TMR_GetDeltaTime@retVal                                   bssCOMRAM    000032
TMR_GetDeltaTime@tmrVal                                   bssCOMRAM    000040
TMR_OverrideRemaining@oldReloadVal                        cstackBANK0  000076
TMR_OverrideRemaining@ticksRemaining                      cstackBANK0  00006E
TMR_OverrideRemaining@tmrVal                              cstackBANK0  000074
TMR_SwapTimer@oldVal                                      bssCOMRAM    000042
TMR_SwapTimer@retVal                                      bssCOMRAM    000044
TMR_SwapTimer@timerVal                                    cstackBANK0  00006C
UpdateCfList@bufferLength                                 cstackBANK0  000074
UpdateCfList@channelIndex                                 cstackBANK0  000079
UpdateCfList@frequency                                    cstackBANK0  000075
UpdateCfList@i                                            cstackBANK0  00007A
UpdateCfList@joinAccept                                   cstackBANK0  000070
UpdateChannelIdStatus@channelId                           cstackBANK0  000066
UpdateChannelIdStatus@i                                   cstackBANK0  000067
UpdateChannelIdStatus@statusNew                           cstackBANK0  000064
UpdateCurrentDataRate@valueNew                            cstackBANK0  000064
UpdateDLSettings@dlRx1DrOffset                            cstackBANK0  000064
UpdateDLSettings@dlRx2Dr                                  cstackBANK0  000065
UpdateDataRange@channelId                                 cstackBANK0  000066
UpdateDataRange@dataRangeNew                              cstackBANK0  000064
UpdateDataRange@i                                         cstackBANK0  000067
UpdateDutyCycle@channelId                                 cstackBANK0  000066
UpdateDutyCycle@dutyCycleNew                              cstackBANK0  000064
UpdateFrequency@channelId                                 cstackBANK0  000068
UpdateFrequency@frequencyNew                              cstackBANK0  000064
UpdateJoinInProgress@state                                cstackBANK0  000064
UpdateMinMaxChDataRate@i                                  cstackBANK0  000065
UpdateReceiveDelays@delay                                 cstackBANK0  000068
UpdateReceiveWindow2Parameters@dataRate                   cstackBANK0  000068
UpdateReceiveWindow2Parameters@frequency                  cstackBANK0  000064
UpdateTxPower@txPowerNew                                  cstackBANK0  000064
ValidateChannelId@allowedForDefaultChannels               cstackBANK0  000064
ValidateChannelId@channelId                               cstackBANK0  000066
ValidateChannelId@result                                  cstackBANK0  000065
ValidateChannelMask@channelMask                           cstackBANK0  000064
ValidateChannelMask@i                                     cstackBANK0  000066
ValidateChannelMaskCntl@channelMaskCntl                   cstackBANK0  000065
ValidateChannelMaskCntl@result                            cstackBANK0  000064
ValidateDataRange@dataRangeNew                            cstackBANK0  000067
ValidateDataRange@dataRateMax                             cstackBANK0  000068
ValidateDataRange@dataRateMin                             cstackBANK0  000069
ValidateDataRange@result                                  cstackBANK0  000066
ValidateDataRate@dataRate                                 cstackBANK0  000064
ValidateDataRate@result                                   cstackBANK0  000065
ValidateFrequency@frequencyNew                            cstackBANK0  000064
ValidateFrequency@result                                  cstackBANK0  000068
ValidateRxOffset@result                                   cstackBANK0  000065
[...]
      Temps:          0       0       0       0       0       0       0       0       0       0       0       0       0       0       0       0       0
      Totals:         0       0       0       0       0       0       0       0       0       0       0       0       0       0       0       0       0
Total ram usage:        0 bytes
 Hardware stack levels used:    1
 Hardware stack levels required when called:    1
 This function calls:
		Absolute function
		_DIO0_ISR_Lora
		_INT1_DefaultInterruptHandler
 This function is called by:
		_INT1_ISR
 This function uses a non-reentrant model


 *************** function _DIO0_ISR_Lora *****************
 Defined at:
		line 63 in file "mcc_generated_files/LoRaWAN/interrupt_manager_lora_addons.c"
 Parameters:    Size  Location     Type
		None
 Auto vars:     Size  Location     Type
		None
 Return value:  Size  Location     Type
                  1    wreg      void 
 Registers used:
		status,2, status,0
 Tracked objects:
		On entry : 
		On exit  : 
		Unchanged: 
 Data sizes:     COMRAM   BANK0   BANK1   BANK2   BANK3   BANK4   BANK5   BANK6   BANK7   BANK8   BANK9  BANK10  BANK11  BANK12  BANK13  BANK14  BANK15
      Params:         0       0       0       0       0       0       0       0       0       0       0       0       0       0       0       0       0
      Locals:         0       0       0       0       0       0       0       0       0       0       0       0       0       0       0       0       0
      Temps:          0       0       0       0       0       0       0       0       0       0       0       0       0       0       0       0       0
      Totals:         0       0       0       0       0       0       0       0       0       0       0       0       0       0       0       0       0
Total ram usage:        0 bytes
 Hardware stack levels used:    1
 This function calls:
		Nothing
 This function is called by:
		_DIO0_ISR_Lora_Init
		_INT1_CallBack
 This function uses a non-reentrant model


 *************** function _INT1_DefaultInterruptHandler *****************
 Defined at:
		line 79 in file "mcc_generated_files/ext_int.c"
 Parameters:    Size  Location     Type
		None
 Auto vars:     Size  Location     Type
		None
 Return value:  Size  Location     Type
                  1    wreg      void 
 Registers used:
		None
 Tracked objects:
		On entry : 
		On exit  : 
		Unchanged: 
 Data sizes:     COMRAM   BANK0   BANK1   BANK2   BANK3   BANK4   BANK5   BANK6   BANK7   BANK8   BANK9  BANK10  BANK11  BANK12  BANK13  BANK14  BANK15
      Params:         0       0       0       0       0       0       0       0       0       0       0       0       0       0       0       0       0
      Locals:         0       0       0       0       0       0       0       0       0       0       0       0       0       0       0       0       0
      Temps:          0       0       0       0       0       0       0       0       0       0       0       0       0       0       0       0       0
      Totals:         0       0       0       0       0       0       0       0       0       0       0       0       0       0       0       0       0
Total ram usage:        0 bytes
 Hardware stack levels used:    1
 This function calls:
		Nothing
 This function is called by:
		_EXT_INT_Initialize
		_INT1_CallBack
 This function uses a non-reentrant model



MODULE INFORMATION

Module		Function		Class		Link	Load	Size
mcc_generated_files/LoRaWAN/lorawan.c
		_UpdateReceiveWindow2Parameters		CODE           	788E	0000	23
		_ExecuteRxTimingSetup		CODE           	7514	0000	37
		_ComputeMic    		CODE           	6A02	0000	85
		_SetReceptionNotOkState		CODE           	645C	0000	105
		_PrepareJoinRequestFrame		CODE           	469E	0000	303
		_LORAWAN_ReceiveWindow2Callback		CODE           	55E8	0000	205
		_LORAWAN_LinkCheckConfigure		CODE           	372A	0000	413
		_LORAWAN_SetApplicationSessionKey		CODE           	738E	0000	43
		_CountfOptsLength		CODE           	5778	0000	189
		_AssembleEncryptionBlock		CODE           	5B04	0000	179
		_UpdateCurrentDataRate		CODE           	7A54	0000	9
		_UnconfirmedTransmissionCallback		CODE           	631E	0000	107
		_LORAWAN_SetNetworkSessionKey		CODE           	7364	0000	43
		_MacExecuteCommands		CODE           	2E10	0000	497
		_IncludeMacCommandsResponse		CODE           	1E3A	0000	761
		_LORAWAN_GetMaxPayloadSize		CODE           	6C32	0000	77
		_CheckMcastFlags		CODE           	62AC	0000	115
		_SetJoinFailState		CODE           	74F0	0000	37
		_AckRetransmissionCallback		CODE           	4C12	0000	249
		_PrepareSessionKeys		CODE           	613E	0000	125
		_UpdateMinMaxChDataRate		CODE           	599E	0000	181
		_EncryptFRMPayload		CODE           	4190	0000	341
		_ResetParametersForUnconfirmedTransmission		CODE           	7938	0000	15
		_AutomaticReplyCallback		CODE           	7620	0000	31
		_ResetParametersForConfirmedTransmission		CODE           	7946	0000	15
		_FindSmallestDataRate		CODE           	5BB6	0000	167
		_LORAWAN_SetDeviceAddress		CODE           	77E8	0000	25
		_UpdateTxPower 		CODE           	7A4C	0000	9
		_CheckFlags    		CODE           	67E2	0000	95
		_ExtractMic    		CODE           	6E7A	0000	67
		_LORAWAN_ReceiveWindow1Callback		CODE           	58EA	0000	181
		_LORAWAN_Send  		CODE           	56B4	0000	197
		_LORAWAN_Join  		CODE           	5E26	0000	141
		_LORAWAN_GetState		CODE           	7A7C	0000	9
		_ConfigureRadioRx		CODE           	745C	0000	39
		_UpdateReceiveDelays		CODE           	6D14	0000	75
		_ComputeSessionKeys		CODE           	6042	0000	127
		_LORAWAN_LinkCheckCallback		CODE           	4038	0000	345
		_UpdateJoinSuccessState		CODE           	47CC	0000	301
		_LORAWAN_EnterContinuousReceive		CODE           	64C4	0000	103
		_ExecuteLinkCheck		CODE           	724C	0000	51
		_LORAWAN_Mainloop		CODE           	6FF6	0000	61
		_AssemblePacket		CODE           	1B3C	0000	767
		_UpdateRetransmissionAckTimeoutState		CODE           	6388	0000	107
		_Random        		CODE           	75A0	0000	35
		_LORAWAN_RxDone		CODE           	0088	0000	2705
		_UpdateJoinInProgress		CODE           	77CE	0000	27

mcc_generated_files/LoRaWAN/lorawan.c estimated size: 9819

mcc_generated_files/LoRaWAN/interrupt_manager_lora_addons.c
		_INTERRUPT_GetDioStatus		CODE           	7954	0000	15
		_DIO0_ISR_Lora 		CODE           	7AD2	0000	5
		_DIO1_ISR_Lora 		CODE           	7ACE	0000	5
		_DIO2_ISR_Lora 		CODE           	7ACA	0000	5

mcc_generated_files/LoRaWAN/interrupt_manager_lora_addons.c estimated size: 30

mcc_generated_files/LoRaWAN/lorawan_aes.c
		_AESEncodeLoRa 		CODE           	7434	0000	41

mcc_generated_files/LoRaWAN/lorawan_aes.c estimated size: 41

C:\Program Files (x86)\Microchip\xc8\v1.38\sources\common\lwmod.c
		___lwmod       		CODE           	6F3C	0000	63

C:\Program Files (x86)\Microchip\xc8\v1.38\sources\common\lwmod.c estimated size: 63

C:\Program Files (x86)\Microchip\xc8\v1.38\sources\common\memcpy.c
		_memcpy        		CODE           	69AA	0000	89

C:\Program Files (x86)\Microchip\xc8\v1.38\sources\common\memcpy.c estimated size: 89

C:\Program Files (x86)\Microchip\xc8\v1.38\sources\common\rand.c
		_srand         		CODE           	7962	0000	15
		_rand          		CODE           	6B96	0000	79

C:\Program Files (x86)\Microchip\xc8\v1.38\sources\common\rand.c estimated size: 94

C:\Program Files (x86)\Microchip\xc8\v1.38\sources\common\llmod.c
		___llmod       		CODE           	6720	0000	99

C:\Program Files (x86)\Microchip\xc8\v1.38\sources\common\llmod.c estimated size: 99

mcc_generated_files/LoRaWAN/sw_timer.c
		_SwTimerStop   		CODE           	76D4	0000	29
		_SwTimerStart  		CODE           	5EB2	0000	137
		_TMR_GetDeltaTime		CODE           	4FDE	0000	237
		_SwTimerReadValue		CODE           	6EFE	0000	63
		_SwTimerIsRunning		CODE           	75E2	0000	33
		_SwTimerCreate 		CODE           	63F2	0000	107
		_TMR_OverrideRemaining		CODE           	61BA	0000	125
		_TMR_SwapTimer 		CODE           	6F7A	0000	63
		_SwTimerSetCallback		CODE           	727E	0000	51
		_SwTimerSetTimeout		CODE           	6EBC	0000	67
		_SwTimersInterrupt		CODE           	4EF0	0000	239
		_SystemBlockingWaitMs		CODE           	73B8	0000	43
		_SwTimersExecute		CODE           	5A52	0000	179
		_SystemTimerInit		CODE           	7AB2	0000	5

mcc_generated_files/LoRaWAN/sw_timer.c estimated size: 1378

mcc_generated_files/interrupt_manager.c
		_INTERRUPT_Initialize		CODE           	7AB6	0000	5
		_INTERRUPT_InterruptManager		CODE           	0008	0000	121

mcc_generated_files/interrupt_manager.c estimated size: 126

mcc_generated_files/pin_manager.c
		_IOCB4_DefaultInterruptHandler		CODE           	7AE2	0000	3
		_PIN_MANAGER_Initialize		CODE           	68FA	0000	89
		_IOCB5_ISR     		CODE           	7744	0000	29
		_IOCB5_DefaultInterruptHandler		CODE           	7AE0	0000	3
		_PIN_MANAGER_IOC		CODE           	7928	0000	17
		_IOCB4_SetInterruptHandler		CODE           	79D8	0000	11
		_IOCB4_ISR     		CODE           	7760	0000	29
		_IOCB5_SetInterruptHandler		CODE           	79C4	0000	11

mcc_generated_files/pin_manager.c estimated size: 192

mcc_generated_files/adc.c
		_ADC_Initialize		CODE           	7908	0000	17
		_ADC_GetConversion		CODE           	714C	0000	53

mcc_generated_files/adc.c estimated size: 70

C:\Program Files (x86)\Microchip\xc8\v1.38\sources\common\lwdiv.c
		___lwdiv       		CODE           	6CCA	0000	75

C:\Program Files (x86)\Microchip\xc8\v1.38\sources\common\lwdiv.c estimated size: 75

mcc_generated_files/LoRaWAN/lorawan_init.c
		_DIO0_ISR_Lora_Init		CODE           	79A0	0000	13
		_DIO1_ISR_Lora_Init		CODE           	7994	0000	13
		_DIO2_ISR_Lora_Init		CODE           	7988	0000	13
		_DIO3_ISR_Lora_Init		CODE           	7AD8	0000	3
		_DIO4_ISR_Lora_Init		CODE           	7AD6	0000	3
		_LORAWAN_PlatformInit		CODE           	75C2	0000	33
		_DIO5_ISR_Lora_Init		CODE           	7A84	0000	7

mcc_generated_files/LoRaWAN/lorawan_init.c estimated size: 85

mcc_generated_files/LoRaWAN/radio_driver_hal.c
		_HALDIO5PinValue		CODE           	7A9C	0000	7
		_HALResetPinMakeInput		CODE           	7AC6	0000	5
		_HALResetPinMakeOutput		CODE           	7AC2	0000	5
		_HALResetPinOutputValue		CODE           	78E2	0000	21
		_HALSPISend    		CODE           	7A32	0000	11
		_HALSPICSDeassert		CODE           	7ABA	0000	5
		_HALSPICSAssert		CODE           	7ABE	0000	5

mcc_generated_files/LoRaWAN/radio_driver_hal.c estimated size: 59

C:\Program Files (x86)\Microchip\xc8\v1.38\sources\common\Umul32.c
		___lmul        		CODE           	5F3A	0000	135

C:\Program Files (x86)\Microchip\xc8\v1.38\sources\common\Umul32.c estimated size: 135

mcc_generated_files/LoRaWAN/lorawan_aes_cmac.c
		_GenerateSubkey		CODE           	4B10	0000	259
		_AESCmac       		CODE           	1820	0000	797
		_FillSubKey    		CODE           	6D5E	0000	75

mcc_generated_files/LoRaWAN/lorawan_aes_cmac.c estimated size: 1131

C:\Program Files (x86)\Microchip\xc8\v1.38\sources\common\lldiv.c
		___lldiv       		CODE           	6236	0000	119

C:\Program Files (x86)\Microchip\xc8\v1.38\sources\common\lldiv.c estimated size: 119

mcc_generated_files/LoRaWAN/radio_driver_SX1276.c
		_RADIO_ReceiveStart		CODE           	2C10	0000	513
		_RADIO_Init    		CODE           	38C6	0000	407
		_RADIO_SetSpreadingFactor		CODE           	7A64	0000	9
		_RADIO_WriteConfiguration		CODE           	13A8	0000	1145
		_RADIO_RxFSKTimeout		CODE           	7116	0000	55
		_RADIO_WriteFSKBitRate		CODE           	66BE	0000	99
		_RADIO_WriteMode		CODE           	5372	0000	217
		_RADIO_Reset   		CODE           	71B4	0000	53
		_RADIO_GetStatus		CODE           	7A90	0000	7
		_RADIO_RxDone  		CODE           	544A	0000	209
		_RADIO_WriteFSKFrequencyDeviation		CODE           	665A	0000	101
		_RADIO_GetPacketSnr		CODE           	7A8A	0000	7
		_RADIO_SetModulation		CODE           	7A6C	0000	9
		_RADIO_RegisterWrite		CODE           	767A	0000	31
		_RADIO_ReadRandom		CODE           	60C0	0000	127
		_RADIO_ReleaseData		CODE           	7A96	0000	7
		_RADIO_FSKPacketSent		CODE           	3A5C	0000	403
		_RADIO_RegisterRead		CODE           	7482	0000	39
		_RADIO_SetBandwidth		CODE           	7A74	0000	9
		_RADIO_ReceiveStop		CODE           	765C	0000	31
		_RADIO_DIO0    		CODE           	65F6	0000	101
		_RADIO_DIO1    		CODE           	7032	0000	59
		_RADIO_DIO2    		CODE           	6DA8	0000	73
		_RADIO_DIO3    		CODE           	7830	0000	25
		_RADIO_DIO4    		CODE           	7818	0000	25
		_RADIO_DIO5    		CODE           	7800	0000	25
		_RADIO_FHSSChangeChannel		CODE           	72DE	0000	47
		_RADIO_TxDone  		CODE           	3BEE	0000	395
		_RADIO_SetFrequencyHopPeriod		CODE           	7A1E	0000	11
		_RADIO_FSKPayloadReady		CODE           	5CFA	0000	159
		_RADIO_SetLoRaSyncWord		CODE           	7A28	0000	11
		_RADIO_SetIQInverted		CODE           	7A0A	0000	11
		_RADIO_SetFSKSyncWord		CODE           	7338	0000	45
		_RADIO_RxTimeout		CODE           	740C	0000	41
		_RADIO_WritePower		CODE           	551A	0000	207
		_RADIO_SetOutputPower		CODE           	7A5C	0000	9
		_RADIO_WatchdogTimeout		CODE           	6E38	0000	67
		_RADIO_SetChannelFrequency		CODE           	5FC0	0000	131
		_RADIO_Transmit		CODE           	3000	0000	495
		_RADIO_UnhandledInterrupt		CODE           	755C	0000	35
		_RADIO_SetCRC  		CODE           	7A14	0000	11
		_RADIO_WriteFrequency		CODE           	5296	0000	221

mcc_generated_files/LoRaWAN/radio_driver_SX1276.c estimated size: 5682

mcc_generated_files/ext_int.c
		_INT0_SetInterruptHandler		CODE           	7ADA	0000	3
		_INT1_SetInterruptHandler		CODE           	79EC	0000	11
		_EXT_INT_Initialize		CODE           	72B0	0000	47
		_INT2_SetInterruptHandler		CODE           	79E2	0000	11
		_INT1_DefaultInterruptHandler		CODE           	7AE6	0000	3
		_INT1_CallBack 		CODE           	7798	0000	29
		_INT2_DefaultInterruptHandler		CODE           	7AE4	0000	3
		_INT2_CallBack 		CODE           	777C	0000	29
		_INT1_ISR      		CODE           	7AA8	0000	7
		_INT2_ISR      		CODE           	7AA2	0000	7

mcc_generated_files/ext_int.c estimated size: 150

mcc_generated_files/LoRaWAN/tmr_lora_addons.c
		_TMR_ISR_Lora_Init		CODE           	797C	0000	13
		_TMR_ISR_lora  		CODE           	6C7E	0000	77

mcc_generated_files/LoRaWAN/tmr_lora_addons.c estimated size: 90

shared
		_spreadingFactor		MEDIUMCONST    	FE5D	0000	8
		_maxPayloadSize		MEDIUMCONST    	FE2F	0000	9
		_dpowers       		MEDIUMCONST    	FE25	0000	11
		_DefaultChannels433		MEDIUMCONST    	FE6A	0000	43
		_FskSyncWordBuff		MEDIUMCONST    	FEBE	0000	4
		_rxWindowSize  		MEDIUMCONST    	FE47	0000	9
		i2_TMR_SwapTimer		CODE           	6FB8	0000	63
		i2_TMR1_ReadTimer		CODE           	76B6	0000	31
		_DefaultChannels868		MEDIUMCONST    	FE94	0000	43
		_macEndDevCmdReplyLen		MEDIUMCONST    	FE56	0000	8
		__initialization		CODE           	5C5C	0000	153
		_txPower868    		MEDIUMCONST    	FE64	0000	7
		i2_TMR1_WriteTimer		CODE           	7728	0000	29
		_rxWindowOffset		MEDIUMCONST    	FE3F	0000	9
		_STable        		MEDIUMCONST    	FD25	0000	257
		_modulation    		MEDIUMCONST    	FE37	0000	9
		i2_SwTimersInterrupt		CODE           	50CA	0000	237
		_bandwidth     		MEDIUMCONST    	FE4F	0000	8
		i2_TMR_GetDeltaTime		CODE           	4E00	0000	241

shared estimated size: 1179

mcc_generated_files/eusart1.c
		_EUSART1_Initialize		CODE           	7878	0000	23
		_putch         		CODE           	79F6	0000	11
		_EUSART1_Write 		CODE           	79B8	0000	13

mcc_generated_files/eusart1.c estimated size: 47

mcc_generated_files/LoRaWAN/lorawan_eu.c
		_ExecuteNewChannel		CODE           	33B6	0000	451
		_ExecuteLinkAdr		CODE           	3578	0000	435
		_UpdateDataRange		CODE           	4D0A	0000	247
		_UpdateDutyCycle		CODE           	721A	0000	51
		_ValidateChannelMaskCntl		CODE           	7860	0000	25
		_LORAWAN_RxTimeout		CODE           	2712	0000	683
		_ValidateChannelId		CODE           	763E	0000	31
		_InitDefault433Channels		CODE           	6590	0000	103
		_DutyCycleCallback		CODE           	242A	0000	745
		_InitDefault868Channels		CODE           	652A	0000	103
		_SelectChannelForTransmission		CODE           	6782	0000	97
		_ValidateChannelMask		CODE           	70DE	0000	57
		_ValidateDataRate		CODE           	78CE	0000	21
		_ValidateRxOffset		CODE           	78BA	0000	21
		_ValidateDataRange		CODE           	7180	0000	53
		_SetCallbackSoftwareTimers		CODE           	5834	0000	183
		_StartReTxTimer		CODE           	456A	0000	309
		_SearchAvailableChannel		CODE           	51B6	0000	225
		_EnableChannels		CODE           	78A4	0000	23
		_UpdateFrequency		CODE           	706C	0000	59
		_ValidateFrequency		CODE           	689E	0000	93
		_EnableChannels1		CODE           	6952	0000	89
		_ExecuteRxParamSetupReq		CODE           	42E4	0000	329
		_UpdateDLSettings		CODE           	77B4	0000	27
		_GetRx1Freq    		CODE           	78F6	0000	19
		_ValidateTxPower		CODE           	757E	0000	35
		_LORAWAN_Init  		CODE           	6840	0000	95
		_ConfigureRadioTx		CODE           	6DF0	0000	73
		_LORAWAN_Reset 		CODE           	3EDA	0000	351
		_ExecuteDutyCycle		CODE           	6B48	0000	79
		_UpdateCfList  		CODE           	31EE	0000	457
		_LORAWAN_SetChannelIdStatus		CODE           	70A6	0000	57
		_StopAllSoftwareTimers		CODE           	6BE4	0000	79
		_UpdateChannelIdStatus		CODE           	4A0A	0000	263
		_ConfigureRadio		CODE           	5D98	0000	143
		_LORAWAN_TxDone		CODE           	0B18	0000	2193
		_ExecuteDevStatus		CODE           	7A00	0000	11
		_CreateAllSoftwareTimers		CODE           	6AA8	0000	83

mcc_generated_files/LoRaWAN/lorawan_eu.c estimated size: 8398

mcc_generated_files/mcc.c
		_OSCILLATOR_Initialize		CODE           	7970	0000	13
		_SYSTEM_Initialize		CODE           	74CC	0000	37

mcc_generated_files/mcc.c estimated size: 50

C:\Program Files (x86)\Microchip\xc8\v1.38\sources\common\memset.c
		_memset        		CODE           	73E2	0000	43

C:\Program Files (x86)\Microchip\xc8\v1.38\sources\common\memset.c estimated size: 43

mcc_generated_files/tmr1.c
		_TMR1_Initialize		CODE           	730C	0000	45
		_TMR1_SetInterruptHandler		CODE           	79CE	0000	11
		_TMR1_DefaultInterruptHandler		CODE           	7ADE	0000	3
		_TMR1_CallBack 		CODE           	770C	0000	29
		_TMR1_WriteTimer		CODE           	76F0	0000	29
		_TMR1_StartTimer		CODE           	7AAE	0000	5
		_TMR1_ReadTimer		CODE           	7698	0000	31
		_TMR1_ISR      		CODE           	7538	0000	37

mcc_generated_files/tmr1.c estimated size: 190

mcc_generated_files/LoRaWAN/AES.c
		_AESEncode     		CODE           	2132	0000	761
		_EncKeySchedule		CODE           	29BC	0000	597
		_EncodeShiftRow		CODE           	3D78	0000	355

mcc_generated_files/LoRaWAN/AES.c estimated size: 1713

C:\Program Files (x86)\Microchip\xc8\v1.38\sources\common\doprnt.c
		_printf        		CODE           	48F8	0000	275

C:\Program Files (x86)\Microchip\xc8\v1.38\sources\common\doprnt.c estimated size: 275

mcc_generated_files/spi2.c
		_SPI2_Exchange8bit		CODE           	7918	0000	17
		_SPI2_Initialize		CODE           	79AC	0000	13

mcc_generated_files/spi2.c estimated size: 30

C:\Program Files (x86)\Microchip\xc8\v1.38\sources\common\abdiv.c
		___abdiv       		CODE           	6A56	0000	83

C:\Program Files (x86)\Microchip\xc8\v1.38\sources\common\abdiv.c estimated size: 83

main.c
		_LoRaSleep     		CODE           	7602	0000	31
		_readAndSend   		CODE           	6AFA	0000	79
		_LoRaWakeUp    		CODE           	7A44	0000	9
		_main          		CODE           	442C	0000	319
		_SysConfigSleep		CODE           	74A8	0000	37
		_RxJoinResponse		CODE           	7848	0000	25
		_RxDataDone    		CODE           	7ADC	0000	3

main.c estimated size: 503

